<html>
<body>
<pre>
<h1>µVision Build Log</h1>
<h2>Tool Versions:</h2>
IDE-Version: µVision V5.22.0.0
Copyright (C) 2016 ARM Ltd and ARM Germany GmbH. All rights reserved.
License Information: Vladislav Ovchinnikov, COLT, LIC=Y2BSB-2IRYA-NRRXL-0SRIX-G59IX-WWTUM
 
Tool Versions:
Toolchain:       MDK-ARM Professional  Version: 5.22
Toolchain Path:  C:\Keil_v5\ARM\ARMCC\Bin
C Compiler:      Armcc.exe V5.06 update 4 (build 422)
Assembler:       Armasm.exe V5.06 update 4 (build 422)
Linker/Locator:  ArmLink.exe V5.06 update 4 (build 422)
Library Manager: ArmAr.exe V5.06 update 4 (build 422)
Hex Converter:   FromElf.exe V5.06 update 4 (build 422)
CPU DLL:         SARMCM3.DLL V5.22
Dialog DLL:      DCM.DLL V1.13.9.0
Target DLL:      STLink\ST-LINKIII-KEIL_SWO.dll V2.0.18.0
Dialog DLL:      TCM.DLL V1.21.0.0
 
<h2>Project:</h2>
E:\Documents\STM32F4Discovery-Ethernet-DAC-Test\EthernetDemo.uvprojx
Project File Date:  03/02/2018

<h2>Output:</h2>
*** Using Compiler 'V5.06 update 4 (build 422)', folder: 'C:\Keil_v5\ARM\ARMCC\Bin'
Build target 'EthernetDemoTarget'
compiling DACFIFO.c...
compiling DACTimer.c...
compiling PacketAssembler.c...
compiling stm32f4xx_it.c...
compiling USBD_User_CDC_0.c...
compiling GPIOModule.c...
GPIOModule.h(9): warning:  #1295-D: Deprecated declaration InitGPIO - give arg types
  void InitGPIO();
GPIOModule.h(11): warning:  #1-D: last line of file ends without a newline
  #endif
GPIOModule.c(36): warning:  #1-D: last line of file ends without a newline
  }
GPIOModule.c: 3 warnings, 0 errors
compiling stm32f4xx_hal_msp.c...
GPIOModule.h(9): warning:  #1295-D: Deprecated declaration InitGPIO - give arg types
  void InitGPIO();
GPIOModule.h(11): warning:  #1-D: last line of file ends without a newline
  #endif
stm32f4xx_hal_msp.c: 2 warnings, 0 errors
compiling main.c...
compiling RTX_Conf_CM.c...
compiling PHY_LAN8720.c...
compiling CNCLerp.c...
compiling TCPThread.c...
GPIOModule.h(9): warning:  #1295-D: Deprecated declaration InitGPIO - give arg types
  void InitGPIO();
GPIOModule.h(11): warning:  #1-D: last line of file ends without a newline
  #endif
TCPThread.c: 2 warnings, 0 errors
compiling DACModule.c...
DACModule.c(229): warning:  #177-D: variable "vec"  was declared but never referenced
  	eVector2 vec;
DACModule.c: 1 warning, 0 errors
compiling EMAC_STM32F4xx.c...
compiling OTG_FS_STM32F4xx.c...
compiling USART_STM32F4xx.c...
compiling stm32f4xx_hal_cortex.c...
compiling stm32f4xx_hal.c...
compiling stm32f4xx_hal_dac.c...
compiling USBD_FS_STM32F4xx.c...
compiling stm32f4xx_hal_dac_ex.c...
compiling stm32f4xx_hal_dma.c...
compiling stm32f4xx_hal_dma_ex.c...
compiling stm32f4xx_hal_pwr.c...
compiling stm32f4xx_hal_pwr_ex.c...
compiling stm32f4xx_hal_gpio.c...
compiling stm32f4xx_hal_rcc.c...
assembling startup_stm32f407xx.s...
compiling Net_Config.c...
compiling system_stm32f4xx.c...
compiling stm32f4xx_hal_rcc_ex.c...
compiling stm32f4xx_hal_tim_ex.c...
compiling USBD_Config_0.c...
compiling stm32f4xx_hal_usart.c...
compiling stm32f4xx_hal_tim.c...
compiling stm32f4xx_hal_uart.c...
linking...
Program Size: Code=61980 RO-data=1708 RW-data=356 ZI-data=112236  
".\Objects\EthernetDemo.axf" - 0 Error(s), 8 Warning(s).

<h2>Software Packages used:</h2>

Package Vendor: ARM
                http://www.keil.com/pack/ARM.CMSIS.4.2.0.pack
                ::CMSIS:RTOS:1.0 (API)
                CMSIS (Cortex Microcontroller Software Interface Standard)
   * Component: RTOS Version: 1.0
   * Component: Ethernet MAC Version: 2.01
   * Component: Ethernet PHY Version: 2.00
   * Component: USB Device Version: 2.01
   * Component: USART Version: 2.01
   * Component: CORE Version: 3.40.0
   * Component: DSP Version: 1.4.2
   * Component: Keil RTX Version: 4.75.0

Package Vendor: Keil
                http://www.keil.com/pack/Keil.MDK-Middleware.6.2.0.pack
                Keil.MDK-Pro::USB:Device:CDC:6.2.0
                Keil MDK-ARM Professional Middleware for ARM Cortex-M based devices
   * Component: CDC Version: 6.2.0
   * Component: Device Version: 6.2.0
   * Component: CORE Version: 6.2.0
   * Component: ETH Version: 6.2.0
   * Component: TCP Version: 6.2.0
   * Component: CORE Variant: Release Version: 6.2.0
   * Component: LAN8720 Version: 6.00

Package Vendor: Keil
                http://www.keil.com/pack/Keil.STM32F4xx_DFP.2.9.0.pack
                Keil::Device:Startup:2.5.0
                STMicroelectronics STM32F4 Series Device Support, Drivers and Examples
   * Component: Startup Version: 2.5.0
   * Component: STM32Cube Framework Version: 1.0.0
   * Component: DAC Version: 1.5.0
   * Component: DMA Version: 1.5.0
   * Component: Cortex Version: 1.5.0
   * Component: GPIO Version: 1.5.0
   * Component: Classic Version: 1.5.0
   * Component: Common Version: 1.5.0
   * Component: PWR Version: 1.5.0
   * Component: UART Version: 1.5.0
   * Component: USART Version: 1.5.0
   * Component: TIM Version: 1.5.0
   * Component: RCC Version: 1.5.0
   * Component: Full-speed Version: 2.15
   * Component: USART Version: 2.7
   * Component: Ethernet MAC Version: 2.6

<h2>Collection of Component include folders:</h2>
  E:\Documents\STM32F4Discovery-Ethernet-DAC-Test\RTE\Device\STM32F407VGTx
  E:\Documents\STM32F4Discovery-Ethernet-DAC-Test\RTE\_EthernetDemoTarget
  C:\Keil_v5\ARM\PACK\ARM\CMSIS\4.2.0\CMSIS\Driver\Include
  C:\Keil_v5\ARM\PACK\ARM\CMSIS\4.2.0\CMSIS\Include
  C:\Keil_v5\ARM\PACK\ARM\CMSIS\4.2.0\CMSIS_RTX\INC
  C:\Keil_v5\ARM\PACK\Keil\MDK-Middleware\6.2.0\Network\Include
  C:\Keil_v5\ARM\PACK\Keil\MDK-Middleware\6.2.0\USB\Include
  C:\Keil_v5\ARM\PACK\Keil\STM32F4xx_DFP\2.9.0\Drivers\CMSIS\Device\ST\STM32F4xx\Include
  C:\Keil_v5\ARM\PACK\Keil\STM32F4xx_DFP\2.9.0\Drivers\STM32F4xx_HAL_Driver\Inc

<h2>Collection of Component Files used:</h2>

   * Component: ::CMSIS:RTOS:1.0 (API)

   * Component: ::CMSIS Driver:Ethernet MAC:2.01 (API)
      Include file:  CMSIS\Driver\Include\Driver_ETH_MAC.h

   * Component: ::CMSIS Driver:Ethernet PHY:2.00 (API)
      Include file:  CMSIS\Driver\Include\Driver_ETH_PHY.h

   * Component: ::CMSIS Driver:USB Device:2.01 (API)
      Include file:  CMSIS\Driver\Include\Driver_USBD.h

   * Component: ::CMSIS Driver:USART:2.01 (API)
      Include file:  CMSIS\Driver\Include\Driver_USART.h

   * Component: ARM::CMSIS:CORE:3.40.0
      Source file:   CMSIS\UserCodeTemplates\ARM\ITM_Retarget.c

   * Component: ARM::CMSIS:DSP:1.4.2
      Include file:  CMSIS\Include\arm_math.h
      Library file:  CMSIS\Lib\ARM\arm_cortexM4lf_math.lib

   * Component: ARM::CMSIS:RTOS:Keil RTX:4.75.0
      Source file:   CMSIS_RTX\UserCodeTemplates\MemPool.c
      Source file:   CMSIS_RTX\UserCodeTemplates\MsgQueue.c
      Source file:   CMSIS_RTX\UserCodeTemplates\Mutex.c
      Source file:   CMSIS_RTX\Templates\RTX_Conf_CM.c
      Source file:   CMSIS_RTX\SRC\ARM\SVC_Table.s
      Source file:   CMSIS_RTX\UserCodeTemplates\main.c
      Source file:   CMSIS_RTX\UserCodeTemplates\Semaphore.c
      Source file:   CMSIS_RTX\UserCodeTemplates\Thread.c
      Source file:   CMSIS_RTX\UserCodeTemplates\Timer.c
      Include file:  CMSIS_RTX\INC\cmsis_os.h
      Library file:  CMSIS_RTX\LIB\ARM\RTX_CM4.lib
      Source file:   CMSIS_RTX\UserCodeTemplates\MailQueue.c
      Include file:  CMSIS_RTX\UserCodeTemplates\osObjects.h

   * Component: Keil.MDK-Pro::USB:Device:CDC:6.2.0
      Source file:   USB\Template\USBD_User_CDC.c
      Source file:   USB\Config\USBD_Config_CDC.h

   * Component: Keil.MDK-Pro::USB:Device:6.2.0
      Source file:   USB\Config\USBD_Config.c

   * Component: Keil.MDK-Pro::USB:CORE:6.2.0
      Library file:  USB\Lib\ARM\USB_CM3_L.lib
      Include file:  USB\Include\rl_usb.h

   * Component: Keil.MDK-Pro::Network:Interface:ETH:6.2.0
      Source file:   Network\Config\Net_Config_ETH.h

   * Component: Keil.MDK-Pro::Network:Socket:TCP:6.2.0
      Source file:   Network\Template\TCP_Socket_Client.c
      Source file:   Network\Config\Net_Config_TCP.h
      Source file:   Network\Template\TCP_Socket_Server.c

   * Component: Keil.MDK-Pro::Network:CORE:Release:6.2.0
      Include file:  Network\Include\rl_net.h
      Source file:   Network\Config\Net_Config.c
      Library file:  Network\Lib\ARM\Net_CM3_L.lib

   * Component: Keil::CMSIS Driver:Ethernet PHY:LAN8720:6.00
      Source file:   Network\Driver\PHY_LAN8720.c

   * Component: Keil::Device:Startup:2.5.0
      Source file:   Drivers\CMSIS\Device\ST\STM32F4xx\Source\Templates\arm\startup_stm32f407xx.s
      Source file:   MDK\Device\Source\ARM\STM32F40xxx_41xxx_OPT.s
      Source file:   MDK\Device\Source\ARM\STM32F4xx_OTP.s
      Include file:  Drivers\CMSIS\Device\ST\STM32F4xx\Include\stm32f4xx.h
      Source file:   Drivers\CMSIS\Device\ST\STM32F4xx\Source\Templates\system_stm32f4xx.c

   * Component: ::Device:STM32Cube Framework:1.0.0 (API)

   * Component: Keil::Device:STM32Cube HAL:DAC:1.5.0
      Source file:   Drivers\STM32F4xx_HAL_Driver\Src\stm32f4xx_hal_dac.c
      Source file:   Drivers\STM32F4xx_HAL_Driver\Src\stm32f4xx_hal_dac_ex.c

   * Component: Keil::Device:STM32Cube HAL:DMA:1.5.0
      Source file:   Drivers\STM32F4xx_HAL_Driver\Src\stm32f4xx_hal_dma.c
      Source file:   Drivers\STM32F4xx_HAL_Driver\Src\stm32f4xx_hal_dma_ex.c

   * Component: Keil::Device:STM32Cube HAL:Cortex:1.5.0
      Source file:   Drivers\STM32F4xx_HAL_Driver\Src\stm32f4xx_hal_cortex.c

   * Component: Keil::Device:STM32Cube HAL:GPIO:1.5.0
      Source file:   Drivers\STM32F4xx_HAL_Driver\Src\stm32f4xx_hal_gpio.c

   * Component: Keil::Device:STM32Cube Framework:Classic:1.5.0
      Include file:  MDK\Templates\Inc\stm32f4xx_hal_conf.h
      Source file:   MDK\Templates\Src\stm32f4xx_hal_msp.c
      Include file:  MDK\Templates\Inc\main.h
      Source file:   MDK\Templates\Src\main.c
      Source file:   MDK\Templates\Src\stm32f4xx_it.c
      Include file:  CMSIS\Driver\Config\RTE_Device.h
      Include file:  MDK\Templates\Inc\stm32f4xx_it.h

   * Component: Keil::Device:STM32Cube HAL:Common:1.5.0
      Include file:  Drivers\STM32F4xx_HAL_Driver\Inc\stm32f4xx_hal.h
      Source file:   Drivers\STM32F4xx_HAL_Driver\Src\stm32f4xx_hal.c

   * Component: Keil::Device:STM32Cube HAL:PWR:1.5.0
      Source file:   Drivers\STM32F4xx_HAL_Driver\Src\stm32f4xx_hal_pwr.c
      Source file:   Drivers\STM32F4xx_HAL_Driver\Src\stm32f4xx_hal_pwr_ex.c

   * Component: Keil::Device:STM32Cube HAL:UART:1.5.0
      Source file:   Drivers\STM32F4xx_HAL_Driver\Src\stm32f4xx_hal_uart.c

   * Component: Keil::Device:STM32Cube HAL:USART:1.5.0
      Source file:   Drivers\STM32F4xx_HAL_Driver\Src\stm32f4xx_hal_usart.c

   * Component: Keil::Device:STM32Cube HAL:TIM:1.5.0
      Source file:   Drivers\STM32F4xx_HAL_Driver\Src\stm32f4xx_hal_tim.c
      Source file:   Drivers\STM32F4xx_HAL_Driver\Src\stm32f4xx_hal_tim_ex.c

   * Component: Keil::Device:STM32Cube HAL:RCC:1.5.0
      Source file:   Drivers\STM32F4xx_HAL_Driver\Src\stm32f4xx_hal_rcc.c
      Source file:   Drivers\STM32F4xx_HAL_Driver\Src\stm32f4xx_hal_rcc_ex.c

   * Component: Keil::CMSIS Driver:USB Device:Full-speed:2.15
      Source file:   CMSIS\Driver\OTG_FS_STM32F4xx.c
      Source file:   CMSIS\Driver\USBD_FS_STM32F4xx.c

   * Component: Keil::CMSIS Driver:USART:2.7
      Source file:   CMSIS\Driver\USART_STM32F4xx.c

   * Component: Keil::CMSIS Driver:Ethernet MAC:2.6
      Source file:   CMSIS\Driver\EMAC_STM32F4xx.c
Build Time Elapsed:  00:00:09
</pre>
</body>
</html>
