Component: ARM Compiler 5.06 update 4 (build 422) Tool: armlink [4d35d2]

==============================================================================

Section Cross References

    stm32f4xx_it.o(.text) refers to dacmodule.o(.text) for ProcessDACFIFO
    stm32f4xx_it.o(.text) refers to dacmodule.o(.bss) for g_hTIMDAC
    main.o(.text) refers to stm32f4xx_hal_rcc.o(.text) for HAL_RCC_OscConfig
    main.o(.text) refers to stm32f4xx_hal_cortex.o(.text) for HAL_SYSTICK_Config
    main.o(.text) refers to stm32f4xx_hal.o(.text) for HAL_Init
    main.o(.text) refers to tcpthread.o(.text) for TCPLoop
    main.o(.text) refers to rt_cmsis.o(i.osKernelStart) for osKernelStart
    stm32f4xx_hal_msp.o(.text) refers to dacmodule.o(.text) for InitDAC
    stm32f4xx_hal_msp.o(.text) refers to gpiomodule.o(.text) for InitGPIO
    dacfifo.o(.text) refers to memcpya.o(.text) for __aeabi_memcpy
    dacfifo.o(.text) refers to dacfifo.o(.bss) for dacfifo
    packetassembler.o(.text) refers to dacfifo.o(.text) for InitDACFIFO
    gpiomodule.o(.text) refers to memseta.o(.text) for __aeabi_memclr4
    gpiomodule.o(.text) refers to stm32f4xx_hal_gpio.o(.text) for HAL_GPIO_Init
    dactimer.o(.text) refers to dacmodule.o(.text) for ProcessDACFIFO
    dactimer.o(.text) refers to rt_cmsis.o(i.osTimerCreate) for osTimerCreate
    dactimer.o(.text) refers to rt_cmsis.o(i.osTimerStart) for osTimerStart
    dactimer.o(.text) refers to dactimer.o(.data) for exec
    dactimer.o(.text) refers to dactimer.o(.constdata) for os_timer_def_TimerDAC
    dactimer.o(.constdata) refers to dactimer.o(.text) for TimerDAC_Callback
    dactimer.o(.constdata) refers to dactimer.o(.bss) for os_timer_cb_TimerDAC
    dacmodule.o(.text) refers to memseta.o(.text) for __aeabi_memclr4
    dacmodule.o(.text) refers to stm32f4xx_hal_gpio.o(.text) for HAL_GPIO_Init
    dacmodule.o(.text) refers to stm32f4xx_hal_dac.o(.text) for HAL_DAC_Init
    dacmodule.o(.text) refers to stm32f4xx_hal_cortex.o(.text) for HAL_NVIC_EnableIRQ
    dacmodule.o(.text) refers to memcpya.o(.text) for __aeabi_memcpy4
    dacmodule.o(.text) refers to stm32f4xx_hal_tim.o(.text) for HAL_TIM_Base_Init
    dacmodule.o(.text) refers to dacfifo.o(.text) for GetDataFastFromDACFIFO
    dacmodule.o(.text) refers to cnclerp.o(.text) for UpdateCNCLerp
    dacmodule.o(.text) refers to dacmodule.o(.bss) for g_hDAC
    dacmodule.o(.text) refers to dacmodule.o(.data) for bUpdate
    dacmodule.o(.text) refers to tcpthread.o(.bss) for fifo
    tcpthread.o(.text) refers to rt_cmsis.o(i.osThreadCreate) for osThreadCreate
    tcpthread.o(.text) refers to net_tcp.o(i.tcp_check_send) for tcp_check_send
    tcpthread.o(.text) refers to net_tcp.o(i.tcp_max_data_size) for tcp_max_data_size
    tcpthread.o(.text) refers to net_tcp.o(i.tcp_get_buf) for tcp_get_buf
    tcpthread.o(.text) refers to memcpya.o(.text) for __aeabi_memcpy
    tcpthread.o(.text) refers to net_tcp.o(i.tcp_send) for tcp_send
    tcpthread.o(.text) refers to stm32f4xx_hal_gpio.o(.text) for HAL_GPIO_WritePin
    tcpthread.o(.text) refers to stm32f4xx_hal_tim.o(.text) for HAL_TIM_Base_Stop_IT
    tcpthread.o(.text) refers to dacfifo.o(.text) for PutDataIntoDACFIFO
    tcpthread.o(.text) refers to net_sys.o(i.net_initialize) for net_initialize
    tcpthread.o(.text) refers to net_tcp.o(i.tcp_get_socket) for tcp_get_socket
    tcpthread.o(.text) refers to net_tcp.o(i.tcp_listen) for tcp_listen
    tcpthread.o(.text) refers to net_sys.o(i.net_main) for net_main
    tcpthread.o(.text) refers to tcpthread.o(.constdata) for os_thread_def_Thread
    tcpthread.o(.text) refers to tcpthread.o(.data) for tid_TCPThread
    tcpthread.o(.text) refers to dacmodule.o(.data) for startLerp
    tcpthread.o(.text) refers to dacmodule.o(.bss) for g_hTIMDAC
    tcpthread.o(.text) refers to tcpthread.o(.bss) for fifo
    tcpthread.o(.constdata) refers to tcpthread.o(.text) for Thread
    cnclerp.o(.text) refers to stm32f4xx_hal_gpio.o(.text) for HAL_GPIO_WritePin
    rtx_conf_cm.o(.ARM.Collect$$$$000000FF) refers to rt_cmsis.o(i.osKernelInitialize) for osKernelInitialize
    rtx_conf_cm.o(.ARM.Collect$$$$000000FF) refers to rt_cmsis.o(i.osThreadCreate) for osThreadCreate
    rtx_conf_cm.o(.ARM.Collect$$$$000000FF) refers to rt_cmsis.o(i.osKernelStart) for osKernelStart
    rtx_conf_cm.o(.ARM.Collect$$$$000000FF) refers to rtx_conf_cm.o(.data) for .data
    rtx_conf_cm.o(.constdata) refers to rt_cmsis.o(i.osTimerThread) for osTimerThread
    rtx_conf_cm.o(.constdata) refers to rtx_conf_cm.o(.bss) for os_messageQ_q_osTimerMessageQ
    rtx_conf_cm.o(.data) refers to main.o(.text) for main
    phy_lan8720.o(.text) refers to phy_lan8720.o(.constdata) for DriverVersion
    phy_lan8720.o(.text) refers to phy_lan8720.o(.data) for reg_rd
    phy_lan8720.o(.constdata) refers to phy_lan8720.o(.text) for GetVersion
    emac_stm32f4xx.o(.text) refers to stm32f4xx_hal_gpio.o(.text) for HAL_GPIO_Init
    emac_stm32f4xx.o(.text) refers to emac_stm32f4xx.o(.bss) for rx_desc
[...]
    HAL_TIMEx_PWMN_Start                     0x080097a5   Thumb Code    44  stm32f4xx_hal_tim_ex.o(.text)
    HAL_TIMEx_PWMN_Stop                      0x080097d1   Thumb Code    96  stm32f4xx_hal_tim_ex.o(.text)
    HAL_TIMEx_PWMN_Start_IT                  0x08009831   Thumb Code   132  stm32f4xx_hal_tim_ex.o(.text)
    HAL_TIMEx_PWMN_Stop_IT                   0x080098b5   Thumb Code   196  stm32f4xx_hal_tim_ex.o(.text)
    HAL_TIMEx_PWMN_Start_DMA                 0x08009979   Thumb Code   270  stm32f4xx_hal_tim_ex.o(.text)
    HAL_TIMEx_PWMN_Stop_DMA                  0x08009a87   Thumb Code   178  stm32f4xx_hal_tim_ex.o(.text)
    HAL_TIMEx_OnePulseN_Start                0x08009b39   Thumb Code    32  stm32f4xx_hal_tim_ex.o(.text)
    HAL_TIMEx_OnePulseN_Stop                 0x08009b59   Thumb Code    96  stm32f4xx_hal_tim_ex.o(.text)
    HAL_TIMEx_OnePulseN_Start_IT             0x08009bb9   Thumb Code    56  stm32f4xx_hal_tim_ex.o(.text)
    HAL_TIMEx_OnePulseN_Stop_IT              0x08009bf1   Thumb Code   120  stm32f4xx_hal_tim_ex.o(.text)
    HAL_TIMEx_ConfigCommutationEvent         0x08009c69   Thumb Code   110  stm32f4xx_hal_tim_ex.o(.text)
    HAL_TIMEx_ConfigCommutationEvent_IT      0x08009cd7   Thumb Code   122  stm32f4xx_hal_tim_ex.o(.text)
    HAL_TIMEx_CommutationCallback            0x08009d51   Thumb Code     2  stm32f4xx_hal_tim_ex.o(.text)
    TIMEx_DMACommutationCplt                 0x08009d53   Thumb Code    20  stm32f4xx_hal_tim_ex.o(.text)
    HAL_TIMEx_ConfigCommutationEvent_DMA     0x08009d67   Thumb Code   146  stm32f4xx_hal_tim_ex.o(.text)
    HAL_TIMEx_MasterConfigSynchronization    0x08009df9   Thumb Code    98  stm32f4xx_hal_tim_ex.o(.text)
    HAL_TIMEx_ConfigBreakDeadTime            0x08009e5b   Thumb Code    80  stm32f4xx_hal_tim_ex.o(.text)
    HAL_TIMEx_RemapConfig                    0x08009eab   Thumb Code    48  stm32f4xx_hal_tim_ex.o(.text)
    HAL_TIMEx_BreakCallback                  0x08009edb   Thumb Code     2  stm32f4xx_hal_tim_ex.o(.text)
    HAL_TIMEx_HallSensor_GetState            0x08009edd   Thumb Code     8  stm32f4xx_hal_tim_ex.o(.text)
    Reset_Handler                            0x08009ee9   Thumb Code     8  startup_stm32f407xx.o(.text)
    ADC_IRQHandler                           0x08009f03   Thumb Code     0  startup_stm32f407xx.o(.text)
    CAN1_RX0_IRQHandler                      0x08009f03   Thumb Code     0  startup_stm32f407xx.o(.text)
    CAN1_RX1_IRQHandler                      0x08009f03   Thumb Code     0  startup_stm32f407xx.o(.text)
    CAN1_SCE_IRQHandler                      0x08009f03   Thumb Code     0  startup_stm32f407xx.o(.text)
    CAN1_TX_IRQHandler                       0x08009f03   Thumb Code     0  startup_stm32f407xx.o(.text)
    CAN2_RX0_IRQHandler                      0x08009f03   Thumb Code     0  startup_stm32f407xx.o(.text)
    CAN2_RX1_IRQHandler                      0x08009f03   Thumb Code     0  startup_stm32f407xx.o(.text)
    CAN2_SCE_IRQHandler                      0x08009f03   Thumb Code     0  startup_stm32f407xx.o(.text)
    CAN2_TX_IRQHandler                       0x08009f03   Thumb Code     0  startup_stm32f407xx.o(.text)
    DCMI_IRQHandler                          0x08009f03   Thumb Code     0  startup_stm32f407xx.o(.text)
    DMA1_Stream0_IRQHandler                  0x08009f03   Thumb Code     0  startup_stm32f407xx.o(.text)
    DMA1_Stream1_IRQHandler                  0x08009f03   Thumb Code     0  startup_stm32f407xx.o(.text)
    DMA1_Stream2_IRQHandler                  0x08009f03   Thumb Code     0  startup_stm32f407xx.o(.text)
    DMA1_Stream3_IRQHandler                  0x08009f03   Thumb Code     0  startup_stm32f407xx.o(.text)
    DMA1_Stream4_IRQHandler                  0x08009f03   Thumb Code     0  startup_stm32f407xx.o(.text)
    DMA1_Stream5_IRQHandler                  0x08009f03   Thumb Code     0  startup_stm32f407xx.o(.text)
    DMA1_Stream6_IRQHandler                  0x08009f03   Thumb Code     0  startup_stm32f407xx.o(.text)
    DMA1_Stream7_IRQHandler                  0x08009f03   Thumb Code     0  startup_stm32f407xx.o(.text)
    DMA2_Stream0_IRQHandler                  0x08009f03   Thumb Code     0  startup_stm32f407xx.o(.text)
    DMA2_Stream1_IRQHandler                  0x08009f03   Thumb Code     0  startup_stm32f407xx.o(.text)
    DMA2_Stream2_IRQHandler                  0x08009f03   Thumb Code     0  startup_stm32f407xx.o(.text)
    DMA2_Stream3_IRQHandler                  0x08009f03   Thumb Code     0  startup_stm32f407xx.o(.text)
    DMA2_Stream4_IRQHandler                  0x08009f03   Thumb Code     0  startup_stm32f407xx.o(.text)
    DMA2_Stream5_IRQHandler                  0x08009f03   Thumb Code     0  startup_stm32f407xx.o(.text)
    DMA2_Stream6_IRQHandler                  0x08009f03   Thumb Code     0  startup_stm32f407xx.o(.text)
    DMA2_Stream7_IRQHandler                  0x08009f03   Thumb Code     0  startup_stm32f407xx.o(.text)
    ETH_WKUP_IRQHandler                      0x08009f03   Thumb Code     0  startup_stm32f407xx.o(.text)
    EXTI0_IRQHandler                         0x08009f03   Thumb Code     0  startup_stm32f407xx.o(.text)
    EXTI15_10_IRQHandler                     0x08009f03   Thumb Code     0  startup_stm32f407xx.o(.text)
    EXTI1_IRQHandler                         0x08009f03   Thumb Code     0  startup_stm32f407xx.o(.text)
    EXTI2_IRQHandler                         0x08009f03   Thumb Code     0  startup_stm32f407xx.o(.text)
    EXTI3_IRQHandler                         0x08009f03   Thumb Code     0  startup_stm32f407xx.o(.text)
    EXTI4_IRQHandler                         0x08009f03   Thumb Code     0  startup_stm32f407xx.o(.text)
    EXTI9_5_IRQHandler                       0x08009f03   Thumb Code     0  startup_stm32f407xx.o(.text)
    FLASH_IRQHandler                         0x08009f03   Thumb Code     0  startup_stm32f407xx.o(.text)
    FMC_IRQHandler                           0x08009f03   Thumb Code     0  startup_stm32f407xx.o(.text)
    FPU_IRQHandler                           0x08009f03   Thumb Code     0  startup_stm32f407xx.o(.text)
    HASH_RNG_IRQHandler                      0x08009f03   Thumb Code     0  startup_stm32f407xx.o(.text)
    I2C1_ER_IRQHandler                       0x08009f03   Thumb Code     0  startup_stm32f407xx.o(.text)
    I2C1_EV_IRQHandler                       0x08009f03   Thumb Code     0  startup_stm32f407xx.o(.text)
    I2C2_ER_IRQHandler                       0x08009f03   Thumb Code     0  startup_stm32f407xx.o(.text)
    I2C2_EV_IRQHandler                       0x08009f03   Thumb Code     0  startup_stm32f407xx.o(.text)
    I2C3_ER_IRQHandler                       0x08009f03   Thumb Code     0  startup_stm32f407xx.o(.text)
    I2C3_EV_IRQHandler                       0x08009f03   Thumb Code     0  startup_stm32f407xx.o(.text)
    OTG_FS_WKUP_IRQHandler                   0x08009f03   Thumb Code     0  startup_stm32f407xx.o(.text)
    OTG_HS_EP1_IN_IRQHandler                 0x08009f03   Thumb Code     0  startup_stm32f407xx.o(.text)
    OTG_HS_EP1_OUT_IRQHandler                0x08009f03   Thumb Code     0  startup_stm32f407xx.o(.text)
    OTG_HS_IRQHandler                        0x08009f03   Thumb Code     0  startup_stm32f407xx.o(.text)
    OTG_HS_WKUP_IRQHandler                   0x08009f03   Thumb Code     0  startup_stm32f407xx.o(.text)
    PVD_IRQHandler                           0x08009f03   Thumb Code     0  startup_stm32f407xx.o(.text)
    RCC_IRQHandler                           0x08009f03   Thumb Code     0  startup_stm32f407xx.o(.text)
    RTC_Alarm_IRQHandler                     0x08009f03   Thumb Code     0  startup_stm32f407xx.o(.text)
    RTC_WKUP_IRQHandler                      0x08009f03   Thumb Code     0  startup_stm32f407xx.o(.text)
    SDIO_IRQHandler                          0x08009f03   Thumb Code     0  startup_stm32f407xx.o(.text)
    SPI1_IRQHandler                          0x08009f03   Thumb Code     0  startup_stm32f407xx.o(.text)
    SPI2_IRQHandler                          0x08009f03   Thumb Code     0  startup_stm32f407xx.o(.text)
    SPI3_IRQHandler                          0x08009f03   Thumb Code     0  startup_stm32f407xx.o(.text)
    TAMP_STAMP_IRQHandler                    0x08009f03   Thumb Code     0  startup_stm32f407xx.o(.text)
    TIM1_BRK_TIM9_IRQHandler                 0x08009f03   Thumb Code     0  startup_stm32f407xx.o(.text)
    TIM1_CC_IRQHandler                       0x08009f03   Thumb Code     0  startup_stm32f407xx.o(.text)
    TIM1_TRG_COM_TIM11_IRQHandler            0x08009f03   Thumb Code     0  startup_stm32f407xx.o(.text)
    TIM1_UP_TIM10_IRQHandler                 0x08009f03   Thumb Code     0  startup_stm32f407xx.o(.text)
    TIM3_IRQHandler                          0x08009f03   Thumb Code     0  startup_stm32f407xx.o(.text)
    TIM4_IRQHandler                          0x08009f03   Thumb Code     0  startup_stm32f407xx.o(.text)
    TIM5_IRQHandler                          0x08009f03   Thumb Code     0  startup_stm32f407xx.o(.text)
    TIM6_DAC_IRQHandler                      0x08009f03   Thumb Code     0  startup_stm32f407xx.o(.text)
    TIM7_IRQHandler                          0x08009f03   Thumb Code     0  startup_stm32f407xx.o(.text)
    TIM8_BRK_TIM12_IRQHandler                0x08009f03   Thumb Code     0  startup_stm32f407xx.o(.text)
    TIM8_CC_IRQHandler                       0x08009f03   Thumb Code     0  startup_stm32f407xx.o(.text)
    TIM8_TRG_COM_TIM14_IRQHandler            0x08009f03   Thumb Code     0  startup_stm32f407xx.o(.text)
    TIM8_UP_TIM13_IRQHandler                 0x08009f03   Thumb Code     0  startup_stm32f407xx.o(.text)
    UART4_IRQHandler                         0x08009f03   Thumb Code     0  startup_stm32f407xx.o(.text)
    UART5_IRQHandler                         0x08009f03   Thumb Code     0  startup_stm32f407xx.o(.text)
    USART1_IRQHandler                        0x08009f03   Thumb Code     0  startup_stm32f407xx.o(.text)
    USART2_IRQHandler                        0x08009f03   Thumb Code     0  startup_stm32f407xx.o(.text)
    USART3_IRQHandler                        0x08009f03   Thumb Code     0  startup_stm32f407xx.o(.text)
    WWDG_IRQHandler                          0x08009f03   Thumb Code     0  startup_stm32f407xx.o(.text)
    SystemInit                               0x08009f0d   Thumb Code    82  system_stm32f4xx.o(.text)
    SystemCoreClockUpdate                    0x08009f5f   Thumb Code   174  system_stm32f4xx.o(.text)
    net_sys_init                             0x0800a02d   Thumb Code    26  net_config.o(.text)
    net_sys_run                              0x0800a047   Thumb Code    22  net_config.o(.text)
    igmp_is_member                           0x0800a05d   Thumb Code     4  net_config.o(.text)
    igmp_process                             0x0800a061   Thumb Code     2  net_config.o(.text)
    dhcp_disable                             0x0800a063   Thumb Code     4  net_config.o(.text)
    ppp_send_frame                           0x0800a067   Thumb Code     4  net_config.o(.text)
    slip_send_frame                          0x0800a06b   Thumb Code     4  net_config.o(.text)
    udp_process                              0x0800a06f   Thumb Code     2  net_config.o(.text)
    sntp_get_time                            0x0800a071   Thumb Code     4  net_config.o(.text)
    net_sys_error                            0x0800a075   Thumb Code   110  net_config.o(.text)
    USBD0_SignalDeviceEvent                  0x0800a145   Thumb Code     8  usbd_config_0.o(.text)
    USBD0_SignalEndpointEvent                0x0800a14d   Thumb Code    10  usbd_config_0.o(.text)
    USBD_Core_Endpoint0_SetupPacketReceived  0x0800a157   Thumb Code     4  usbd_config_0.o(.text)
    USBD_Core_Endpoint0_SetupPacketProcessed 0x0800a15b   Thumb Code     2  usbd_config_0.o(.text)
    USBD_Core_Endpoint0_OutDataReceived      0x0800a15d   Thumb Code     4  usbd_config_0.o(.text)
    USBD_Core_Endpoint0_InDataSent           0x0800a161   Thumb Code     4  usbd_config_0.o(.text)
    USBD_Endpoint0_Setup_ADC_ReqToIF         0x0800a165   Thumb Code     4  usbd_config_0.o(.text)
    USBD_Endpoint0_Out_ADC_ReqToIF           0x0800a169   Thumb Code     4  usbd_config_0.o(.text)
    USBD_Endpoint0_Setup_ADC_ReqToEP         0x0800a16d   Thumb Code     4  usbd_config_0.o(.text)
    USBD_Endpoint0_Out_ADC_ReqToEP           0x0800a171   Thumb Code     4  usbd_config_0.o(.text)
    USBD_CDC0_ACM_DataReceived               0x0800a187   Thumb Code     2  usbd_config_0.o(.text)
    USBD_CDC0_ACM_DataSent                   0x0800a189   Thumb Code     2  usbd_config_0.o(.text)
    USBD_Endpoint0_ReqGetDescriptor_HID      0x0800a18b   Thumb Code     4  usbd_config_0.o(.text)
    USBD_Endpoint0_Setup_HID_ReqToIF         0x0800a18f   Thumb Code     4  usbd_config_0.o(.text)
    USBD_Endpoint0_Out_HID_ReqToIF           0x0800a193   Thumb Code     4  usbd_config_0.o(.text)
    USBD_Endpoint0_ReqClrFeature_MSC         0x0800a197   Thumb Code     2  usbd_config_0.o(.text)
    USBD_Endpoint0_Setup_MSC_ReqToIF         0x0800a199   Thumb Code     4  usbd_config_0.o(.text)
    USBD_ClassInitialize                     0x0800a19d   Thumb Code    50  usbd_config_0.o(.text)
    USBD_ClassUninitialize                   0x0800a1cf   Thumb Code    50  usbd_config_0.o(.text)
    USBD_EventPowerOn                        0x0800a201   Thumb Code     2  usbd_config_0.o(.text)
    USBD_EventPowerOff                       0x0800a203   Thumb Code     2  usbd_config_0.o(.text)
    USBD_EventHighSpeed                      0x0800a205   Thumb Code     2  usbd_config_0.o(.text)
    USBD_EventSuspend                        0x0800a207   Thumb Code     2  usbd_config_0.o(.text)
    USBD_EventResume                         0x0800a209   Thumb Code     2  usbd_config_0.o(.text)
    USBD_EventSetInterface                   0x0800a20b   Thumb Code     2  usbd_config_0.o(.text)
    USBD_EventSetFeature                     0x0800a20d   Thumb Code     2  usbd_config_0.o(.text)
    USBD_EventClearFeature                   0x0800a20f   Thumb Code     2  usbd_config_0.o(.text)
    USBD_EventEnableRemoteWakeup             0x0800a211   Thumb Code     2  usbd_config_0.o(.text)
    USBD_EventDisableRemoteWakeup            0x0800a213   Thumb Code     2  usbd_config_0.o(.text)
    USBD_EventReset                          0x0800a215   Thumb Code    38  usbd_config_0.o(.text)
    USBD_EventSetConfiguration               0x0800a23b   Thumb Code     2  usbd_config_0.o(.text)
    USBD_EventEndpointStart                  0x0800a23d   Thumb Code    70  usbd_config_0.o(.text)
    USBD_EventEndpointStop                   0x0800a283   Thumb Code     2  usbd_config_0.o(.text)
    __aeabi_memcpy                           0x0800a289   Thumb Code    36  memcpya.o(.text)
    __aeabi_memcpy4                          0x0800a289   Thumb Code     0  memcpya.o(.text)
    __aeabi_memcpy8                          0x0800a289   Thumb Code     0  memcpya.o(.text)
    __aeabi_memset                           0x0800a2ad   Thumb Code    14  memseta.o(.text)
    __aeabi_memset4                          0x0800a2ad   Thumb Code     0  memseta.o(.text)
    __aeabi_memset8                          0x0800a2ad   Thumb Code     0  memseta.o(.text)
    __aeabi_memclr                           0x0800a2bb   Thumb Code     4  memseta.o(.text)
    __aeabi_memclr4                          0x0800a2bb   Thumb Code     0  memseta.o(.text)
    __aeabi_memclr8                          0x0800a2bb   Thumb Code     0  memseta.o(.text)
    _memset$wrapper                          0x0800a2bf   Thumb Code    18  memseta.o(.text)
    strlen                                   0x0800a2d1   Thumb Code    14  strlen.o(.text)
    __scatterload                            0x0800a2e1   Thumb Code    28  init.o(.text)
    __scatterload_rt2                        0x0800a2e1   Thumb Code     0  init.o(.text)
    __decompress                             0x0800a305   Thumb Code     0  __dczerorl2.o(.text)
    __decompress1                            0x0800a305   Thumb Code    86  __dczerorl2.o(.text)
    SVC_Count                                0x0800a35c   Data           4  svc_table.o(SVC_TABLE)
    SVC_Table                                0x0800a360   Data           0  svc_table.o(SVC_TABLE)
    USBD0_CoreThread                         0x0800a361   Thumb Code     6  usbd_core.o(i.USBD0_CoreThread)
    USBD_CDC0_Bulk_Thread                    0x0800a367   Thumb Code     6  usbd_cdc.o(i.USBD_CDC0_Bulk_Thread)
    USBD_CDC0_Int_Thread                     0x0800a36d   Thumb Code     6  usbd_cdc.o(i.USBD_CDC0_Int_Thread)
    USBD_CDC_ACM_CoreClearCommFeature        0x0800a373   Thumb Code     4  usbd_cdc.o(i.USBD_CDC_ACM_CoreClearCommFeature)
    USBD_CDC_ACM_CoreGetCommFeature          0x0800a377   Thumb Code     4  usbd_cdc.o(i.USBD_CDC_ACM_CoreGetCommFeature)
    USBD_CDC_ACM_CoreGetEncapsulatedResponse 0x0800a37b   Thumb Code     4  usbd_cdc.o(i.USBD_CDC_ACM_CoreGetEncapsulatedResponse)
    USBD_CDC_ACM_CoreGetLineCoding           0x0800a381   Thumb Code   102  usbd_cdc.o(i.USBD_CDC_ACM_CoreGetLineCoding)
    USBD_CDC_ACM_CoreReset                   0x0800a3f5   Thumb Code   116  usbd_cdc.o(i.USBD_CDC_ACM_CoreReset)
    USBD_CDC_ACM_CoreSendBreak               0x0800a475   Thumb Code     4  usbd_cdc.o(i.USBD_CDC_ACM_CoreSendBreak)
    USBD_CDC_ACM_CoreSendEncapsulatedCommand 0x0800a479   Thumb Code     4  usbd_cdc.o(i.USBD_CDC_ACM_CoreSendEncapsulatedCommand)
    USBD_CDC_ACM_CoreSetCommFeature          0x0800a47d   Thumb Code     4  usbd_cdc.o(i.USBD_CDC_ACM_CoreSetCommFeature)
    USBD_CDC_ACM_CoreSetControlLineState     0x0800a481   Thumb Code    46  usbd_cdc.o(i.USBD_CDC_ACM_CoreSetControlLineState)
    USBD_CDC_ACM_CoreSetLineCoding           0x0800a4b9   Thumb Code    88  usbd_cdc.o(i.USBD_CDC_ACM_CoreSetLineCoding)
    USBD_CDC_ACM_WriteData                   0x0800a51d   Thumb Code   160  usbd_cdc.o(i.USBD_CDC_ACM_WriteData)
    USBD_CDC_Bulk_Thread                     0x0800a5c5   Thumb Code    42  usbd_cdc.o(i.USBD_CDC_Bulk_Thread)
    USBD_CDC_CheckInstance                   0x0800a5f1   Thumb Code    46  usbd_cdc.o(i.USBD_CDC_CheckInstance)
    USBD_CDC_ClassInitialize                 0x0800a62d   Thumb Code    84  usbd_cdc.o(i.USBD_CDC_ClassInitialize)
    USBD_CDC_ClassUninitialize               0x0800a695   Thumb Code    68  usbd_cdc.o(i.USBD_CDC_ClassUninitialize)
    USBD_CDC_EventEndpointStart              0x0800a6e5   Thumb Code    78  usbd_cdc.o(i.USBD_CDC_EventEndpointStart)
    USBD_CDC_EventReset                      0x0800a8f1   Thumb Code    52  usbd_cdc.o(i.USBD_CDC_EventReset)
    USBD_CDC_Int_Thread                      0x0800a929   Thumb Code    42  usbd_cdc.o(i.USBD_CDC_Int_Thread)
    USBD_CheckDevice                         0x0800a959   Thumb Code    36  usbd_core.o(i.USBD_CheckDevice)
    USBD_Core                                0x0800a985   Thumb Code    98  usbd_core.o(i.USBD_Core)
    USBD_CoreThread                          0x0800a9e9   Thumb Code   132  usbd_core.o(i.USBD_CoreThread)
    USBD_DataInStage                         0x0800aa75   Thumb Code    78  usbd_core.o(i.USBD_DataInStage)
    USBD_DataOutStage                        0x0800aac9   Thumb Code    40  usbd_core.o(i.USBD_DataOutStage)
    USBD_DriverDeviceSetAddress              0x0800aaf5   Thumb Code    60  usbd_core.o(i.USBD_DriverDeviceSetAddress)
    USBD_DriverEndpointConfigure             0x0800ab39   Thumb Code   116  usbd_core.o(i.USBD_DriverEndpointConfigure)
    USBD_DriverEndpointStall                 0x0800abb5   Thumb Code   112  usbd_core.o(i.USBD_DriverEndpointStall)
    USBD_DriverEndpointTransfer              0x0800ac2d   Thumb Code   140  usbd_core.o(i.USBD_DriverEndpointTransfer)
    USBD_DriverEndpointTransferAbort         0x0800acc1   Thumb Code   110  usbd_core.o(i.USBD_DriverEndpointTransferAbort)
    USBD_DriverEndpointTransferGetResult     0x0800ad39   Thumb Code    50  usbd_core.o(i.USBD_DriverEndpointTransferGetResult)
    USBD_DriverEndpointUnconfigure           0x0800ad75   Thumb Code   108  usbd_core.o(i.USBD_DriverEndpointUnconfigure)
    USBD_DriverReadSetupPacket               0x0800ade9   Thumb Code    60  usbd_core.o(i.USBD_DriverReadSetupPacket)
    USBD_Endpoint0                           0x0800ae2d   Thumb Code   666  usbd_core.o(i.USBD_Endpoint0)
    USBD_Endpoint0_Out_CDC_ReqToIF           0x0800b0cd   Thumb Code   122  usbd_core_cdc.o(i.USBD_Endpoint0_Out_CDC_ReqToIF)
    USBD_Endpoint0_Setup_CDC_ReqToIF         0x0800b155   Thumb Code   216  usbd_core_cdc.o(i.USBD_Endpoint0_Setup_CDC_ReqToIF)
    USBD_EndpointStall                       0x0800b239   Thumb Code    90  usbd_core.o(i.USBD_EndpointStall)
    USBD_ReqGetConfiguration                 0x0800b299   Thumb Code    30  usbd_core.o(i.USBD_ReqGetConfiguration)
    USBD_ReqGetDescriptor                    0x0800b2bd   Thumb Code   308  usbd_core.o(i.USBD_ReqGetDescriptor)
    USBD_ReqGetInterface                     0x0800b3f9   Thumb Code    48  usbd_core.o(i.USBD_ReqGetInterface)
    USBD_ReqGetStatus                        0x0800b42d   Thumb Code   118  usbd_core.o(i.USBD_ReqGetStatus)
    USBD_ReqSetAddress                       0x0800b4a9   Thumb Code    36  usbd_core.o(i.USBD_ReqSetAddress)
    USBD_ReqSetClrFeature                    0x0800b4d1   Thumb Code   204  usbd_core.o(i.USBD_ReqSetClrFeature)
    USBD_ReqSetConfiguration                 0x0800b5a1   Thumb Code   536  usbd_core.o(i.USBD_ReqSetConfiguration)
    USBD_ReqSetInterface                     0x0800b7c1   Thumb Code   372  usbd_core.o(i.USBD_ReqSetInterface)
    USBD_ResetCore                           0x0800b93d   Thumb Code    96  usbd_core.o(i.USBD_ResetCore)
    USBD_SetupStage                          0x0800b9a5   Thumb Code    18  usbd_core.o(i.USBD_SetupStage)
    USBD_SignalDeviceEvent                   0x0800b9bd   Thumb Code    10  usbd_core.o(i.USBD_SignalDeviceEvent)
    USBD_SignalEndpointEvent                 0x0800b9cd   Thumb Code    64  usbd_core.o(i.USBD_SignalEndpointEvent)
    USBD_StatusInStage                       0x0800ba19   Thumb Code    12  usbd_core.o(i.USBD_StatusInStage)
    USBD_StatusInStageDone                   0x0800ba25   Thumb Code    18  usbd_core.o(i.USBD_StatusInStageDone)
    USBD_StatusOutStage                      0x0800ba37   Thumb Code    12  usbd_core.o(i.USBD_StatusOutStage)
    USBD_StatusOutStageDone                  0x0800ba45   Thumb Code    48  usbd_core.o(i.USBD_StatusOutStageDone)
    USBD_SwitchToHighSpeedCore               0x0800ba79   Thumb Code    20  usbd_core.o(i.USBD_SwitchToHighSpeedCore)
    __scatterload_copy                       0x0800ba91   Thumb Code    14  handlers.o(i.__scatterload_copy)
    __scatterload_null                       0x0800ba9f   Thumb Code     2  handlers.o(i.__scatterload_null)
    __scatterload_zeroinit                   0x0800baa1   Thumb Code    14  handlers.o(i.__scatterload_zeroinit)
    _init_box                                0x0800baaf   Thumb Code    70  rt_membox.o(i._init_box)
    arp_cache_add                            0x0800baf5   Thumb Code   156  net_arp.o(i.arp_cache_add)
    arp_cache_early                          0x0800bc21   Thumb Code   128  net_arp.o(i.arp_cache_early)
    arp_cache_find                           0x0800bca9   Thumb Code   148  net_arp.o(i.arp_cache_find)
    arp_cache_update                         0x0800bd49   Thumb Code   212  net_arp.o(i.arp_cache_update)
    arp_init                                 0x0800be2d   Thumb Code    38  net_arp.o(i.arp_init)
    arp_notify                               0x0800be99   Thumb Code    26  net_arp.o(i.arp_notify)
    arp_process                              0x0800bf35   Thumb Code   276  net_arp.o(i.arp_process)
    chksum16                                 0x0800c1a5   Thumb Code    50  net_common.o(i.chksum16)
    dbg_init                                 0x0800c1d9   Thumb Code    34  hal_cm.o(i.dbg_init)
    dbg_task_notify                          0x0800c209   Thumb Code    32  hal_cm.o(i.dbg_task_notify)
    dbg_task_switch                          0x0800c229   Thumb Code    16  hal_cm.o(i.dbg_task_switch)
    eth_chk_addr                             0x0800c2f9   Thumb Code    28  net_eth.o(i.eth_chk_addr)
    eth_init_link                            0x0800c38d   Thumb Code   222  net_eth.o(i.eth_init_link)
    eth_link_notify                          0x0800c485   Thumb Code     2  net_eth.o(i.eth_link_notify)
    eth_run_link                             0x0800c49d   Thumb Code   210  net_eth.o(i.eth_run_link)
    eth_send_frame                           0x0800c581   Thumb Code   152  net_eth.o(i.eth_send_frame)
    eth_thread                               0x0800c629   Thumb Code    14  net_eth.o(i.eth_thread)
    get_rnd32                                0x0800c655   Thumb Code    18  net_sys.o(i.get_rnd32)
    icmp_process                             0x0800c671   Thumb Code   210  net_icmp.o(i.icmp_process)
    icmp_service_init                        0x0800c7cd   Thumb Code    10  net_icmp.o(i.icmp_service_init)
    icmp_service_run                         0x0800c7dd   Thumb Code    58  net_icmp.o(i.icmp_service_run)
    ip4_checksum                             0x0800c825   Thumb Code    76  net_ip.o(i.ip4_checksum)
    ip_chk_frame                             0x0800c871   Thumb Code   172  net_ip.o(i.ip_chk_frame)
    ip_get_locadr                            0x0800c935   Thumb Code    54  net_ip.o(i.ip_get_locadr)
    ip_localhost_init                        0x0800ca05   Thumb Code    20  net_ip.o(i.ip_localhost_init)
    ip_localhost_run                         0x0800ca21   Thumb Code    86  net_ip.o(i.ip_localhost_run)
    ip_send_frame                            0x0800ca81   Thumb Code   312  net_ip.o(i.ip_send_frame)
    ip_tx_offload                            0x0800cbc1   Thumb Code    40  net_ip.o(i.ip_tx_offload)
    is_subnet                                0x0800cbf1   Thumb Code    26  net_addr4.o(i.is_subnet)
    is_subnet_bcast                          0x0800cc0d   Thumb Code    34  net_ip.o(i.is_subnet_bcast)
    isr_evt_set                              0x0800cc61   Thumb Code    34  rt_event.o(i.isr_evt_set)
    isr_mbx_receive                          0x0800cc89   Thumb Code    80  rt_mailbox.o(i.isr_mbx_receive)
    isr_mbx_send                             0x0800ccd9   Thumb Code    14  rt_mailbox.o(i.isr_mbx_send)
    isr_sem_send                             0x0800cce7   Thumb Code    16  rt_semaphore.o(i.isr_sem_send)
    mem_alloc                                0x0800ccf9   Thumb Code   130  net_mem.o(i.mem_alloc)
    mem_avail                                0x0800cd85   Thumb Code    22  net_mem.o(i.mem_avail)
    mem_crc32                                0x0800cda1   Thumb Code    32  net_common.o(i.mem_crc32)
    mem_free                                 0x0800cdc1   Thumb Code   100  net_mem.o(i.mem_free)
    mem_init                                 0x0800ce2d   Thumb Code    86  net_mem.o(i.mem_init)
    mem_resize                               0x0800cea1   Thumb Code    50  net_mem.o(i.mem_resize)
    net_initialize                           0x0800cee5   Thumb Code    58  net_sys.o(i.net_initialize)
    net_main                                 0x0800cf31   Thumb Code    86  net_sys.o(i.net_main)
    osDelay                                  0x0800cfa9   Thumb Code    18  rt_cmsis.o(i.osDelay)
    osKernelInitialize                       0x0800cfc1   Thumb Code    30  rt_cmsis.o(i.osKernelInitialize)
    osKernelStart                            0x0800cfe5   Thumb Code    98  rt_cmsis.o(i.osKernelStart)
    osMessageGet                             0x0800d051   Thumb Code    62  rt_cmsis.o(i.osMessageGet)
    osMutexCreate                            0x0800d095   Thumb Code    38  rt_cmsis.o(i.osMutexCreate)
    osMutexRelease                           0x0800d0c5   Thumb Code    18  rt_cmsis.o(i.osMutexRelease)
    osMutexWait                              0x0800d0dd   Thumb Code    18  rt_cmsis.o(i.osMutexWait)
    osSemaphoreRelease                       0x0800d0f5   Thumb Code    54  rt_cmsis.o(i.osSemaphoreRelease)
    osSemaphoreWait                          0x0800d131   Thumb Code    20  rt_cmsis.o(i.osSemaphoreWait)
    osSignalSet                              0x0800d149   Thumb Code    48  rt_cmsis.o(i.osSignalSet)
    osSignalWait                             0x0800d17d   Thumb Code    18  rt_cmsis.o(i.osSignalWait)
    osThreadCreate                           0x0800d195   Thumb Code    38  rt_cmsis.o(i.osThreadCreate)
    osThreadExit                             0x0800d1c5   Thumb Code    14  rt_cmsis.o(i.osThreadExit)
    osThreadTerminate                        0x0800d1dd   Thumb Code    18  rt_cmsis.o(i.osThreadTerminate)
    osTimerCall                              0x0800d1f5   Thumb Code     8  rt_cmsis.o(i.osTimerCall)
    osTimerCreate                            0x0800d201   Thumb Code    44  rt_cmsis.o(i.osTimerCreate)
    osTimerStart                             0x0800d235   Thumb Code    18  rt_cmsis.o(i.osTimerStart)
    osTimerThread                            0x0800d24d   Thumb Code    38  rt_cmsis.o(i.osTimerThread)
    rt_alloc_box                             0x0800d279   Thumb Code    26  rt_membox.o(i.rt_alloc_box)
    rt_alloc_mem                             0x0800d293   Thumb Code    60  rt_memory.o(i.rt_alloc_mem)
    rt_block                                 0x0800d2d1   Thumb Code    48  rt_task.o(i.rt_block)
    rt_chk_robin                             0x0800d309   Thumb Code    60  rt_robin.o(i.rt_chk_robin)
    rt_dec_dly                               0x0800d351   Thumb Code   102  rt_list.o(i.rt_dec_dly)
    rt_dispatch                              0x0800d3c1   Thumb Code    60  rt_task.o(i.rt_dispatch)
    rt_dly_wait                              0x0800d405   Thumb Code     6  rt_time.o(i.rt_dly_wait)
    rt_evt_psh                               0x0800d40d   Thumb Code    76  rt_event.o(i.rt_evt_psh)
    rt_evt_set                               0x0800d45d   Thumb Code    88  rt_event.o(i.rt_evt_set)
    rt_evt_wait                              0x0800d4b9   Thumb Code    56  rt_event.o(i.rt_evt_wait)
    rt_free_box                              0x0800d4f5   Thumb Code    32  rt_membox.o(i.rt_free_box)
    rt_free_mem                              0x0800d515   Thumb Code    40  rt_memory.o(i.rt_free_mem)
    rt_get_first                             0x0800d53d   Thumb Code    40  rt_list.o(i.rt_get_first)
    rt_init_mem                              0x0800d5b5   Thumb Code    26  rt_memory.o(i.rt_init_mem)
    rt_init_robin                            0x0800d5d1   Thumb Code    14  rt_robin.o(i.rt_init_robin)
    rt_init_stack                            0x0800d5e9   Thumb Code    70  hal_cm.o(i.rt_init_stack)
    rt_mbx_check                             0x0800d639   Thumb Code     8  rt_mailbox.o(i.rt_mbx_check)
    rt_mbx_init                              0x0800d641   Thumb Code    28  rt_mailbox.o(i.rt_mbx_init)
    rt_mbx_psh                               0x0800d65d   Thumb Code   234  rt_mailbox.o(i.rt_mbx_psh)
    rt_mbx_wait                              0x0800d74d   Thumb Code   172  rt_mailbox.o(i.rt_mbx_wait)
    rt_mut_init                              0x0800d839   Thumb Code    16  rt_mutex.o(i.rt_mut_init)
    rt_mut_release                           0x0800d849   Thumb Code   208  rt_mutex.o(i.rt_mut_release)
    rt_mut_wait                              0x0800d921   Thumb Code   100  rt_mutex.o(i.rt_mut_wait)
    rt_pop_req                               0x0800d989   Thumb Code   110  rt_system.o(i.rt_pop_req)
    rt_psh_req                               0x0800da05   Thumb Code    22  rt_system.o(i.rt_psh_req)
    rt_psq_enq                               0x0800da25   Thumb Code    82  rt_list.o(i.rt_psq_enq)
    rt_put_dly                               0x0800da7d   Thumb Code    68  rt_list.o(i.rt_put_dly)
    rt_put_prio                              0x0800dac5   Thumb Code    54  rt_list.o(i.rt_put_prio)
    rt_put_rdy_first                         0x0800dafd   Thumb Code    14  rt_list.o(i.rt_put_rdy_first)
    rt_resort_prio                           0x0800db11   Thumb Code    46  rt_list.o(i.rt_resort_prio)
    rt_ret_val                               0x0800db55   Thumb Code    12  hal_cm.o(i.rt_ret_val)
    rt_ret_val2                              0x0800db61   Thumb Code    16  hal_cm.o(i.rt_ret_val2)
    rt_rmv_dly                               0x0800db71   Thumb Code    40  rt_list.o(i.rt_rmv_dly)
    rt_rmv_list                              0x0800db99   Thumb Code    44  rt_list.o(i.rt_rmv_list)
    rt_sem_psh                               0x0800dbc9   Thumb Code    48  rt_semaphore.o(i.rt_sem_psh)
    rt_sem_send                              0x0800dbfd   Thumb Code    42  rt_semaphore.o(i.rt_sem_send)
    rt_sem_wait                              0x0800dc29   Thumb Code    58  rt_semaphore.o(i.rt_sem_wait)
    rt_stk_check                             0x0800dc69   Thumb Code    28  rt_system.o(i.rt_stk_check)
    rt_switch_req                            0x0800dc8d   Thumb Code    30  rt_task.o(i.rt_switch_req)
    rt_sys_init                              0x0800dcb5   Thumb Code   138  rt_task.o(i.rt_sys_init)
    rt_sys_start                             0x0800dd81   Thumb Code   108  rt_task.o(i.rt_sys_start)
    rt_systick                               0x0800ddf9   Thumb Code    50  rt_system.o(i.rt_systick)
    rt_tsk_create                            0x0800dec1   Thumb Code   116  rt_task.o(i.rt_tsk_create)
    rt_tsk_delete                            0x0800df45   Thumb Code   342  rt_task.o(i.rt_tsk_delete)
    rt_tsk_prio                              0x0800e0b9   Thumb Code   108  rt_task.o(i.rt_tsk_prio)
    rt_tsk_self                              0x0800e135   Thumb Code    12  rt_task.o(i.rt_tsk_self)
    svcDelay                                 0x0800e145   Thumb Code    20  rt_cmsis.o(i.svcDelay)
    svcKernelInitialize                      0x0800e159   Thumb Code    80  rt_cmsis.o(i.svcKernelInitialize)
    svcKernelStart                           0x0800e1c9   Thumb Code    62  rt_cmsis.o(i.svcKernelStart)
    svcMessageCreate                         0x0800e211   Thumb Code    36  rt_cmsis.o(i.svcMessageCreate)
    svcMessageGet                            0x0800e235   Thumb Code    58  rt_cmsis.o(i.svcMessageGet)
    svcMutexCreate                           0x0800e26f   Thumb Code    28  rt_cmsis.o(i.svcMutexCreate)
    svcMutexRelease                          0x0800e28b   Thumb Code    34  rt_cmsis.o(i.svcMutexRelease)
    svcMutexWait                             0x0800e2ad   Thumb Code    54  rt_cmsis.o(i.svcMutexWait)
    svcSemaphoreRelease                      0x0800e2e3   Thumb Code    40  rt_cmsis.o(i.svcSemaphoreRelease)
    svcSemaphoreWait                         0x0800e30b   Thumb Code    50  rt_cmsis.o(i.svcSemaphoreWait)
    svcSignalSet                             0x0800e33d   Thumb Code    36  rt_cmsis.o(i.svcSignalSet)
    svcSignalWait                            0x0800e361   Thumb Code    80  rt_cmsis.o(i.svcSignalWait)
    svcThreadCreate                          0x0800e3b5   Thumb Code   100  rt_cmsis.o(i.svcThreadCreate)
    svcThreadGetId                           0x0800e425   Thumb Code    22  rt_cmsis.o(i.svcThreadGetId)
    svcThreadTerminate                       0x0800e441   Thumb Code    50  rt_cmsis.o(i.svcThreadTerminate)
    svcTimerCall                             0x0800e479   Thumb Code    24  rt_cmsis.o(i.svcTimerCall)
    svcTimerCreate                           0x0800e491   Thumb Code    52  rt_cmsis.o(i.svcTimerCreate)
    svcTimerStart                            0x0800e4c9   Thumb Code    72  rt_cmsis.o(i.svcTimerStart)
    sysTimerTick                             0x0800e511   Thumb Code    76  rt_cmsis.o(i.sysTimerTick)
    tcp_check_send                           0x0800e565   Thumb Code    54  net_tcp.o(i.tcp_check_send)
    tcp_get_buf                              0x0800e5a1   Thumb Code    30  net_tcp.o(i.tcp_get_buf)
    tcp_get_socket                           0x0800e5c1   Thumb Code    76  net_tcp.o(i.tcp_get_socket)
    tcp_listen                               0x0800e611   Thumb Code   102  net_tcp.o(i.tcp_listen)
    tcp_max_data_size                        0x0800e6f9   Thumb Code    30  net_tcp.o(i.tcp_max_data_size)
    tcp_process                              0x0800e895   Thumb Code  1160  net_tcp.o(i.tcp_process)
    tcp_send                                 0x0800ede5   Thumb Code   214  net_tcp.o(i.tcp_send)
    tcp_socket_init                          0x0800effd   Thumb Code    16  net_tcp.o(i.tcp_socket_init)
    tcp_socket_poll                          0x0800f011   Thumb Code   634  net_tcp.o(i.tcp_socket_poll)
    os_thread_def_Thread                     0x0800f3a4   Data          16  tcpthread.o(.constdata)
    os_maxtaskrun                            0x0800f3b4   Data           2  rtx_conf_cm.o(.constdata)
    os_stackinfo                             0x0800f3b8   Data           4  rtx_conf_cm.o(.constdata)
    os_rrobin                                0x0800f3bc   Data           4  rtx_conf_cm.o(.constdata)
    os_tickfreq                              0x0800f3c0   Data           4  rtx_conf_cm.o(.constdata)
    os_tickus_i                              0x0800f3c4   Data           2  rtx_conf_cm.o(.constdata)
    os_tickus_f                              0x0800f3c6   Data           2  rtx_conf_cm.o(.constdata)
    os_trv                                   0x0800f3c8   Data           4  rtx_conf_cm.o(.constdata)
    os_flags                                 0x0800f3cc   Data           1  rtx_conf_cm.o(.constdata)
    CMSIS_RTOS_API_Version                   0x0800f3d0   Data           4  rtx_conf_cm.o(.constdata)
    CMSIS_RTOS_RTX_Version                   0x0800f3d4   Data           4  rtx_conf_cm.o(.constdata)
    os_clockrate                             0x0800f3d8   Data           4  rtx_conf_cm.o(.constdata)
    os_timernum                              0x0800f3dc   Data           4  rtx_conf_cm.o(.constdata)
    mp_tcb_size                              0x0800f3e0   Data           2  rtx_conf_cm.o(.constdata)
    mp_stk_size                              0x0800f3e4   Data           4  rtx_conf_cm.o(.constdata)
    os_stack_sz                              0x0800f3e8   Data           4  rtx_conf_cm.o(.constdata)
    os_fifo_size                             0x0800f3ec   Data           1  rtx_conf_cm.o(.constdata)
    os_thread_def_osTimerThread              0x0800f3f0   Data          16  rtx_conf_cm.o(.constdata)
    os_messageQ_def_osTimerMessageQ          0x0800f400   Data           8  rtx_conf_cm.o(.constdata)
    mp_tmr_size                              0x0800f408   Data           2  rtx_conf_cm.o(.constdata)
    Driver_ETH_PHY0                          0x0800f410   Data          32  phy_lan8720.o(.constdata)
    Driver_ETH_MAC0                          0x0800f480   Data          68  emac_stm32f4xx.o(.constdata)
    Driver_USART6                            0x0800f50c   Data          56  usart_stm32f4xx.o(.constdata)
    Driver_USBD0                             0x0800f54c   Data          72  usbd_fs_stm32f4xx.o(.constdata)
    APBAHBPrescTable                         0x0800f59c   Data          16  stm32f4xx_hal_rcc.o(.constdata)
    AHBPrescTable                            0x0800f5ac   Data          16  system_stm32f4xx.o(.constdata)
    nlocalm                                  0x0800f5bc   Data          60  net_config.o(.constdata)
    sys_config                               0x0800f5f8   Data          16  net_config.o(.constdata)
    eth0_config                              0x0800f608   Data          40  net_config.o(.constdata)
    tcp_config                               0x0800f630   Data          24  net_config.o(.constdata)
    os_thread_def_USBD0_CoreThread           0x0800f648   Data          16  usbd_config_0.o(.constdata)
    usbd0_dev                                0x0800f658   Data          24  usbd_config_0.o(.constdata)
    os_semaphore_def_usbd0_driver_semaphore_def 0x0800f670   Data           4  usbd_config_0.o(.constdata)
    usbd_driver_semaphore_def_ptr            0x0800f674   Data           4  usbd_config_0.o(.constdata)
    usbd_dev_num                             0x0800f678   Data           1  usbd_config_0.o(.constdata)
    usbd_dev_ptr                             0x0800f67c   Data           4  usbd_config_0.o(.constdata)
    os_thread_def_USBD_CDC0_Int_Thread       0x0800f680   Data          16  usbd_config_0.o(.constdata)
    os_thread_def_USBD_CDC0_Bulk_Thread      0x0800f690   Data          16  usbd_config_0.o(.constdata)
    usbd_cdc_int_thread_def_ptr              0x0800f6a0   Data           4  usbd_config_0.o(.constdata)
    usbd_cdc_bulk_thread_def_ptr             0x0800f6a4   Data           4  usbd_config_0.o(.constdata)
    usbd_cdc_num                             0x0800f6a8   Data           1  usbd_config_0.o(.constdata)
    usbd_cdc                                 0x0800f6ac   Data          36  usbd_config_0.o(.constdata)
    usbd_cdc_ptr                             0x0800f6d0   Data           4  usbd_config_0.o(.constdata)
    usbd_ep_max_num                          0x0800f6d4   Data           1  usbd_config_0.o(.constdata)
    usbd_core_thread_def_ptr                 0x0800f6d8   Data           4  usbd_config_0.o(.constdata)
    usbd_cb_device_event_ptr                 0x0800f6dc   Data           4  usbd_config_0.o(.constdata)
    usbd_cb_endpoint_event_ptr               0x0800f6e0   Data           4  usbd_config_0.o(.constdata)
    USBD_CDC_ACM_Initialize                  0x0800f6e4   Data           4  usbd_config_0.o(.constdata)
    USBD_CDC_ACM_Uninitialize                0x0800f6e8   Data           4  usbd_config_0.o(.constdata)
    USBD_CDC_ACM_Reset                       0x0800f6ec   Data           4  usbd_config_0.o(.constdata)
    USBD_CDC_ACM_SetLineCoding               0x0800f6f0   Data           4  usbd_config_0.o(.constdata)
    USBD_CDC_ACM_GetLineCoding               0x0800f6f4   Data           4  usbd_config_0.o(.constdata)
    USBD_CDC_ACM_SetControlLineState         0x0800f6f8   Data           4  usbd_config_0.o(.constdata)
    USBD_CDC_ACM_DataReceived                0x0800f6fc   Data           4  usbd_config_0.o(.constdata)
    USBD_CDC_ACM_DataSent                    0x0800f700   Data           4  usbd_config_0.o(.constdata)
    usbd0_ep0_descriptor                     0x0800f704   Data           7  usbd_config_0.o(.constdata)
    usbd0_device_descriptor                  0x0800f70b   Data          18  usbd_config_0.o(.constdata)
    usbd0_config_descriptor_fs               0x0800f71d   Data          76  usbd_config_0.o(.constdata)
    usbd0_device_qualifier_fs                0x0800f769   Data           1  usbd_config_0.o(.constdata)
    usbd0_device_qualifier_hs                0x0800f76a   Data           1  usbd_config_0.o(.constdata)
    usbd0_config_descriptor_hs               0x0800f76b   Data           1  usbd_config_0.o(.constdata)
    usbd0_other_speed_config_descriptor_fs   0x0800f76c   Data           1  usbd_config_0.o(.constdata)
    usbd0_other_speed_config_descriptor_hs   0x0800f76d   Data           1  usbd_config_0.o(.constdata)
    usbd0_string_descriptor                  0x0800f76e   Data         146  usbd_config_0.o(.constdata)
    eth_bcast                                0x0800f800   Data           6  net_eth.o(.constdata)
    os_thread_def_eth_thread                 0x0800f80c   Data          16  net_eth.o(.constdata)
    ip_bcast                                 0x0800f81c   Data           4  net_ip.o(.constdata)
    os_timer_def_net_tick                    0x0800f824   Data           8  net_sys.o(.constdata)
    os_mutex_def_mem_lock                    0x0800f82c   Data           4  net_mem.o(.constdata)
    net_addr_null                            0x0800f830   Data           8  net_addr4.o(.constdata)
    Region$$Table$$Base                      0x0800f8a8   Number         0  anon$$obj.o(Region$$Table)
    Region$$Table$$Limit                     0x0800f8c8   Number         0  anon$$obj.o(Region$$Table)
    startLerp                                0x20000000   Data           1  dacmodule.o(.data)
    bUpdate                                  0x20000001   Data           1  dacmodule.o(.data)
    bCNCinit                                 0x20000002   Data           1  dacmodule.o(.data)
    x0                                       0x20000004   Data           2  dacmodule.o(.data)
    y0                                       0x20000006   Data           2  dacmodule.o(.data)
    dx0                                      0x20000008   Data           2  dacmodule.o(.data)
    dy0                                      0x2000000a   Data           2  dacmodule.o(.data)
    period0                                  0x2000000c   Data           2  dacmodule.o(.data)
    x1                                       0x2000000e   Data           2  dacmodule.o(.data)
    y1                                       0x20000010   Data           2  dacmodule.o(.data)
    dx1                                      0x20000012   Data           2  dacmodule.o(.data)
    dy1                                      0x20000014   Data           2  dacmodule.o(.data)
    period1                                  0x20000016   Data           2  dacmodule.o(.data)
    cnt                                      0x20000018   Data           2  dacmodule.o(.data)
    tim_state                                0x2000001a   Data           1  dacmodule.o(.data)
    updateTimState                           0x2000001b   Data           1  dacmodule.o(.data)
    tcp_socket                               0x2000001c   Data           4  tcpthread.o(.data)
    tcp_socket_cmd                           0x20000020   Data           4  tcpthread.o(.data)
    startFirst                               0x20000024   Data           1  tcpthread.o(.data)
    pck_head                                 0x20000025   Data           1  tcpthread.o(.data)
    pck_received                             0x20000026   Data           1  tcpthread.o(.data)
    pck_len                                  0x20000028   Data           2  tcpthread.o(.data)
    pck_size                                 0x2000002a   Data           2  tcpthread.o(.data)
    pck_rest_size                            0x2000002c   Data           2  tcpthread.o(.data)
    tid_TCPThread                            0x20000030   Data           4  tcpthread.o(.data)
    osThreadId_osTimerThread                 0x20000034   Data           4  rtx_conf_cm.o(.data)
    osMessageQId_osTimerMessageQ             0x20000038   Data           4  rtx_conf_cm.o(.data)
    os_tmr                                   0x2000003c   Data           4  rtx_conf_cm.o(.data)
    m_tmr                                    0x20000040   Data           4  rtx_conf_cm.o(.data)
    os_thread_def_main                       0x20000044   Data          16  rtx_conf_cm.o(.data)
    otg_fs_role                              0x2000005e   Data           1  otg_fs_stm32f4xx.o(.data)
    uwTick                                   0x20000080   Data           4  stm32f4xx_hal.o(.data)
    SystemCoreClock                          0x20000084   Data           4  system_stm32f4xx.o(.data)
    lhost_name                               0x20000088   Data          16  net_config.o(.data)
    usbd0_alt_setting                        0x200000a0   Data           2  usbd_config_0.o(.data)
    usbd0_ep0_buf                            0x200000a4   Data           8  usbd_config_0.o(.data)
    usbd_core_thread_id                      0x200000ac   Data           4  usbd_config_0.o(.data)
    usbd_driver_semaphore_id                 0x200000b0   Data           4  usbd_config_0.o(.data)
    os_semaphore_cb_usbd0_driver_semaphore_def 0x200000b4   Data           8  usbd_config_0.o(.data)
    usbd_cdc_int_thread_id                   0x200000bc   Data           4  usbd_config_0.o(.data)
    usbd_cdc_bulk_thread_id                  0x200000c0   Data           4  usbd_config_0.o(.data)
    usbd_ep_thread_id_ptr                    0x200000c4   Data          12  usbd_config_0.o(.data)
    usbd_drv_version                         0x200000d0   Data           4  usbd_config_0.o(.data)
    usbd_capabilities                        0x200000d4   Data           4  usbd_config_0.o(.data)
    usbd0_desc                               0x200000d8   Data          36  usbd_config_0.o(.data)
    usbd_desc_ptr                            0x200000fc   Data           4  usbd_config_0.o(.data)
    os_initialized                           0x20000100   Data           1  rt_cmsis.o(.data)
    os_running                               0x20000101   Data           1  rt_cmsis.o(.data)
    os_timer_head                            0x20000104   Data           4  rt_cmsis.o(.data)
    os_tsk                                   0x20000144   Data           8  rt_task.o(.data)
    os_tick_irqn                             0x20000150   Data           4  rt_system.o(.data)
    os_time                                  0x20000154   Data           4  rt_time.o(.data)
    dbg_msg                                  0x20000158   Data           1  hal_cm.o(.data)
    os_robin                                 0x2000015c   Data           8  rt_robin.o(.data)
    dacfifo                                  0x20000164   Data       32768  dacfifo.o(.bss)
    g_hDAC                                   0x20008164   Data          20  dacmodule.o(.bss)
    g_hTIMDAC                                0x20008178   Data          60  dacmodule.o(.bss)
    DACLerp                                  0x200081b4   Data          28  dacmodule.o(.bss)
    CNCLerp                                  0x200081d0   Data          10  dacmodule.o(.bss)
    DACFastLerp                              0x200081da   Data          16  dacmodule.o(.bss)
    fifo                                     0x200081ea   Data          10  tcpthread.o(.bss)
    mp_tcb                                   0x200081f8   Data         480  rtx_conf_cm.o(.bss)
    mp_stk                                   0x200083d8   Data        6160  rtx_conf_cm.o(.bss)
    os_stack_mem                             0x20009be8   Data       10800  rtx_conf_cm.o(.bss)
    os_fifo                                  0x2000c618   Data          36  rtx_conf_cm.o(.bss)
    os_active_TCB                            0x2000c63c   Data          36  rtx_conf_cm.o(.bss)
    os_messageQ_q_osTimerMessageQ            0x2000c660   Data          32  rtx_conf_cm.o(.bss)
    usbd0_data                               0x2001a9c8   Data          56  usbd_config_0.o(.bss)
    usbd_cdc0_acm_send_buf                   0x2001aa00   Data        1024  usbd_config_0.o(.bss)
    usbd_cdc0_acm_receive_buf                0x2001ae00   Data        1024  usbd_config_0.o(.bss)
    usbd_cdc0_acm_notify_buf                 0x2001b200   Data          10  usbd_config_0.o(.bss)
    usbd_cdc_data                            0x2001b20c   Data          48  usbd_config_0.o(.bss)
    eth_control                              0x2001b23c   Data         136  net_eth.o(.bss)
    localm                                   0x2001b2e0   Data          60  net_sys.o(.bss)
    sys_control                              0x2001b31c   Data          24  net_sys.o(.bss)
    os_timer_cb_net_tick                     0x2001b334   Data          20  net_sys.o(.bss)
    os_idle_TCB                              0x2001b348   Data          52  rt_task.o(.bss)
    os_rdy                                   0x2001b37c   Data          24  rt_list.o(.bss)
    os_dly                                   0x2001b394   Data          24  rt_list.o(.bss)
    __initial_sp                             0x2001b7d0   Data           0  startup_stm32f407xx.o(STACK)



==============================================================================

Memory Map of the image

  Image Entry point : 0x08000189

  Load Region LR_IROM1 (Base: 0x08000000, Size: 0x0000fa2c, Max: 0x00100000, ABSOLUTE, COMPRESSED[0x0000f93c])

    Execution Region ER_IROM1 (Base: 0x08000000, Size: 0x0000f8c8, Max: 0x00100000, ABSOLUTE)

    Base Addr    Size         Type   Attr      Idx    E Section Name        Object

    0x08000000   0x00000188   Data   RO         1036    RESET               startup_stm32f407xx.o
    0x08000188   0x00000000   Code   RO         2837  * .ARM.Collect$$$$00000000  mc_w.l(entry.o)
    0x08000188   0x00000004   Code   RO         3113    .ARM.Collect$$$$00000001  mc_w.l(entry2.o)
    0x0800018c   0x00000004   Code   RO         3116    .ARM.Collect$$$$00000004  mc_w.l(entry5.o)
    0x08000190   0x00000000   Code   RO         3118    .ARM.Collect$$$$00000008  mc_w.l(entry7b.o)
    0x08000190   0x00000000   Code   RO         3120    .ARM.Collect$$$$0000000A  mc_w.l(entry8b.o)
    0x08000190   0x00000000   Code   RO         3121    .ARM.Collect$$$$0000000D  mc_w.l(entry10a.o)
    0x08000190   0x00000000   Code   RO         3123    .ARM.Collect$$$$0000000F  mc_w.l(entry11a.o)
    0x08000190   0x00000018   Code   RO          455    .ARM.Collect$$$$000000FF  rtx_conf_cm.o
    0x080001a8   0x00000004   Code   RO         3114    .ARM.Collect$$$$00002712  mc_w.l(entry2.o)
    0x080001ac   0x00000180   Code   RO         2824    .emb_text           RTX_CM4.lib(hal_cm4.o)
    0x0800032c   0x0000002c   Code   RO            4    .text               stm32f4xx_it.o
    0x08000358   0x00000170   Code   RO          108    .text               main.o
    0x080004c8   0x00000014   Code   RO          204    .text               stm32f4xx_hal_msp.o
    0x080004dc   0x000001a8   Code   RO          234    .text               dacfifo.o
    0x08000684   0x00000094   Code   RO          294    .text               gpiomodule.o
    0x08000718   0x00000484   Code   RO          350    .text               dacmodule.o
    0x08000b9c   0x00000018   Code   RO          389    .text               usbd_user_cdc_0.o
    0x08000bb4   0x000002d0   Code   RO          404    .text               tcpthread.o
    0x08000e84   0x00000224   Code   RO          434    .text               cnclerp.o
    0x080010a8   0x00000034   Code   RO          456    .text               rtx_conf_cm.o
    0x080010dc   0x000001ac   Code   RO          484    .text               phy_lan8720.o
    0x08001288   0x00000c0c   Code   RO          511    .text               emac_stm32f4xx.o
    0x08001e94   0x000002a0   Code   RO          562    .text               otg_fs_stm32f4xx.o
    0x08002134   0x00001540   Code   RO          601    .text               usart_stm32f4xx.o
    0x08003674   0x0000146c   Code   RO          636    .text               usbd_fs_stm32f4xx.o
    0x08004ae0   0x000001a4   Code   RO          666    .text               stm32f4xx_hal.o
    0x08004c84   0x00000304   Code   RO          693    .text               stm32f4xx_hal_cortex.o
    0x08004f88   0x000003b0   Code   RO          721    .text               stm32f4xx_hal_dac.o
    0x08005338   0x000000fe   Code   RO          745    .text               stm32f4xx_hal_dac_ex.o
    0x08005436   0x00000002   PAD
    0x08005438   0x000008a4   Code   RO          769    .text               stm32f4xx_hal_dma.o
    0x08005cdc   0x000003c4   Code   RO          818    .text               stm32f4xx_hal_gpio.o
    0x080060a0   0x000008d0   Code   RO          890    .text               stm32f4xx_hal_rcc.o
    0x08006970   0x000027f8   Code   RO          941    .text               stm32f4xx_hal_tim.o
    0x08009168   0x00000d80   Code   RO          965    .text               stm32f4xx_hal_tim_ex.o
    0x08009ee8   0x00000024   Code   RO         1037    .text               startup_stm32f407xx.o
    0x08009f0c   0x00000120   Code   RO         1044    .text               system_stm32f4xx.o
    0x0800a02c   0x00000118   Code   RO         1072    .text               net_config.o
    0x0800a144   0x00000144   Code   RO         1108    .text               usbd_config_0.o
    0x0800a288   0x00000024   Code   RO         2840    .text               mc_w.l(memcpya.o)
    0x0800a2ac   0x00000024   Code   RO         2842    .text               mc_w.l(memseta.o)
    0x0800a2d0   0x0000000e   Code   RO         2844    .text               mc_w.l(strlen.o)
    0x0800a2de   0x00000002   PAD
    0x0800a2e0   0x00000024   Code   RO         3149    .text               mc_w.l(init.o)
    0x0800a304   0x00000056   Code   RO         3175    .text               mc_w.l(__dczerorl2.o)
    0x0800a35a   0x00000002   PAD
    0x0800a35c   0x00000004   Code   RO         2834    SVC_TABLE           RTX_CM4.lib(svc_table.o)
    0x0800a360   0x00000006   Code   RO         1977    i.USBD0_CoreThread  USB_CM3_L.lib(usbd_core.o)
    0x0800a366   0x00000006   Code   RO         2095    i.USBD_CDC0_Bulk_Thread  USB_CM3_L.lib(usbd_cdc.o)
    0x0800a36c   0x00000006   Code   RO         2096    i.USBD_CDC0_Int_Thread  USB_CM3_L.lib(usbd_cdc.o)
    0x0800a372   0x00000004   Code   RO         2103    i.USBD_CDC_ACM_CoreClearCommFeature  USB_CM3_L.lib(usbd_cdc.o)
    0x0800a376   0x00000004   Code   RO         2104    i.USBD_CDC_ACM_CoreGetCommFeature  USB_CM3_L.lib(usbd_cdc.o)
    0x0800a37a   0x00000004   Code   RO         2105    i.USBD_CDC_ACM_CoreGetEncapsulatedResponse  USB_CM3_L.lib(usbd_cdc.o)
    0x0800a37e   0x00000002   PAD
    0x0800a380   0x00000074   Code   RO         2106    i.USBD_CDC_ACM_CoreGetLineCoding  USB_CM3_L.lib(usbd_cdc.o)
    0x0800a3f4   0x00000080   Code   RO         2107    i.USBD_CDC_ACM_CoreReset  USB_CM3_L.lib(usbd_cdc.o)
    0x0800a474   0x00000004   Code   RO         2108    i.USBD_CDC_ACM_CoreSendBreak  USB_CM3_L.lib(usbd_cdc.o)
    0x0800a478   0x00000004   Code   RO         2109    i.USBD_CDC_ACM_CoreSendEncapsulatedCommand  USB_CM3_L.lib(usbd_cdc.o)
    0x0800a47c   0x00000004   Code   RO         2110    i.USBD_CDC_ACM_CoreSetCommFeature  USB_CM3_L.lib(usbd_cdc.o)
    0x0800a480   0x00000038   Code   RO         2111    i.USBD_CDC_ACM_CoreSetControlLineState  USB_CM3_L.lib(usbd_cdc.o)
    0x0800a4b8   0x00000064   Code   RO         2112    i.USBD_CDC_ACM_CoreSetLineCoding  USB_CM3_L.lib(usbd_cdc.o)
    0x0800a51c   0x000000a8   Code   RO         2118    i.USBD_CDC_ACM_WriteData  USB_CM3_L.lib(usbd_cdc.o)
    0x0800a5c4   0x0000002a   Code   RO         2119    i.USBD_CDC_Bulk_Thread  USB_CM3_L.lib(usbd_cdc.o)
    0x0800a5ee   0x00000002   PAD
    0x0800a5f0   0x0000003c   Code   RO         2120    i.USBD_CDC_CheckInstance  USB_CM3_L.lib(usbd_cdc.o)
    0x0800a62c   0x00000068   Code   RO         2121    i.USBD_CDC_ClassInitialize  USB_CM3_L.lib(usbd_cdc.o)
    0x0800a694   0x00000050   Code   RO         2122    i.USBD_CDC_ClassUninitialize  USB_CM3_L.lib(usbd_cdc.o)
    0x0800a6e4   0x00000058   Code   RO         2123    i.USBD_CDC_EventEndpointStart  USB_CM3_L.lib(usbd_cdc.o)
    0x0800a73c   0x000000f0   Code   RO         2124    i.USBD_CDC_EventEpBulkIn  USB_CM3_L.lib(usbd_cdc.o)
    0x0800a82c   0x000000c4   Code   RO         2125    i.USBD_CDC_EventEpBulkOut  USB_CM3_L.lib(usbd_cdc.o)
    0x0800a8f0   0x00000038   Code   RO         2126    i.USBD_CDC_EventReset  USB_CM3_L.lib(usbd_cdc.o)
    0x0800a928   0x00000030   Code   RO         2127    i.USBD_CDC_Int_Thread  USB_CM3_L.lib(usbd_cdc.o)
    0x0800a958   0x0000002c   Code   RO         1981    i.USBD_CheckDevice  USB_CM3_L.lib(usbd_core.o)
    0x0800a984   0x00000062   Code   RO         1984    i.USBD_Core         USB_CM3_L.lib(usbd_core.o)
    0x0800a9e6   0x00000002   PAD
    0x0800a9e8   0x0000008c   Code   RO         1985    i.USBD_CoreThread   USB_CM3_L.lib(usbd_core.o)
    0x0800aa74   0x00000054   Code   RO         1986    i.USBD_DataInStage  USB_CM3_L.lib(usbd_core.o)
    0x0800aac8   0x0000002c   Code   RO         1987    i.USBD_DataOutStage  USB_CM3_L.lib(usbd_core.o)
    0x0800aaf4   0x00000044   Code   RO         1993    i.USBD_DriverDeviceSetAddress  USB_CM3_L.lib(usbd_core.o)
    0x0800ab38   0x0000007c   Code   RO         1994    i.USBD_DriverEndpointConfigure  USB_CM3_L.lib(usbd_core.o)
    0x0800abb4   0x00000078   Code   RO         1995    i.USBD_DriverEndpointStall  USB_CM3_L.lib(usbd_core.o)
    0x0800ac2c   0x00000094   Code   RO         1996    i.USBD_DriverEndpointTransfer  USB_CM3_L.lib(usbd_core.o)
    0x0800acc0   0x00000078   Code   RO         1997    i.USBD_DriverEndpointTransferAbort  USB_CM3_L.lib(usbd_core.o)
    0x0800ad38   0x0000003c   Code   RO         1998    i.USBD_DriverEndpointTransferGetResult  USB_CM3_L.lib(usbd_core.o)
    0x0800ad74   0x00000074   Code   RO         1999    i.USBD_DriverEndpointUnconfigure  USB_CM3_L.lib(usbd_core.o)
    0x0800ade8   0x00000044   Code   RO         2005    i.USBD_DriverReadSetupPacket  USB_CM3_L.lib(usbd_core.o)
    0x0800ae2c   0x000002a0   Code   RO         2007    i.USBD_Endpoint0    USB_CM3_L.lib(usbd_core.o)
    0x0800b0cc   0x00000088   Code   RO         2793    i.USBD_Endpoint0_Out_CDC_ReqToIF  USB_CM3_L.lib(usbd_core_cdc.o)
    0x0800b154   0x000000e4   Code   RO         2794    i.USBD_Endpoint0_Setup_CDC_ReqToIF  USB_CM3_L.lib(usbd_core_cdc.o)
    0x0800b238   0x00000060   Code   RO         2011    i.USBD_EndpointStall  USB_CM3_L.lib(usbd_core.o)
    0x0800b298   0x00000024   Code   RO         2015    i.USBD_ReqGetConfiguration  USB_CM3_L.lib(usbd_core.o)
    0x0800b2bc   0x0000013c   Code   RO         2016    i.USBD_ReqGetDescriptor  USB_CM3_L.lib(usbd_core.o)
    0x0800b3f8   0x00000034   Code   RO         2017    i.USBD_ReqGetInterface  USB_CM3_L.lib(usbd_core.o)
    0x0800b42c   0x0000007c   Code   RO         2018    i.USBD_ReqGetStatus  USB_CM3_L.lib(usbd_core.o)
    0x0800b4a8   0x00000028   Code   RO         2019    i.USBD_ReqSetAddress  USB_CM3_L.lib(usbd_core.o)
    0x0800b4d0   0x000000d0   Code   RO         2020    i.USBD_ReqSetClrFeature  USB_CM3_L.lib(usbd_core.o)
    0x0800b5a0   0x00000220   Code   RO         2021    i.USBD_ReqSetConfiguration  USB_CM3_L.lib(usbd_core.o)
    0x0800b7c0   0x0000017c   Code   RO         2022    i.USBD_ReqSetInterface  USB_CM3_L.lib(usbd_core.o)
    0x0800b93c   0x00000068   Code   RO         2023    i.USBD_ResetCore    USB_CM3_L.lib(usbd_core.o)
    0x0800b9a4   0x00000018   Code   RO         2024    i.USBD_SetupStage   USB_CM3_L.lib(usbd_core.o)
    0x0800b9bc   0x00000010   Code   RO         2025    i.USBD_SignalDeviceEvent  USB_CM3_L.lib(usbd_core.o)
    0x0800b9cc   0x0000004c   Code   RO         2026    i.USBD_SignalEndpointEvent  USB_CM3_L.lib(usbd_core.o)
    0x0800ba18   0x0000000c   Code   RO         2027    i.USBD_StatusInStage  USB_CM3_L.lib(usbd_core.o)
    0x0800ba24   0x00000012   Code   RO         2028    i.USBD_StatusInStageDone  USB_CM3_L.lib(usbd_core.o)
    0x0800ba36   0x0000000c   Code   RO         2029    i.USBD_StatusOutStage  USB_CM3_L.lib(usbd_core.o)
    0x0800ba42   0x00000002   PAD
    0x0800ba44   0x00000034   Code   RO         2030    i.USBD_StatusOutStageDone  USB_CM3_L.lib(usbd_core.o)
    0x0800ba78   0x00000018   Code   RO         2031    i.USBD_SwitchToHighSpeedCore  USB_CM3_L.lib(usbd_core.o)
    0x0800ba90   0x0000000e   Code   RO         3169    i.__scatterload_copy  mc_w.l(handlers.o)
    0x0800ba9e   0x00000002   Code   RO         3170    i.__scatterload_null  mc_w.l(handlers.o)
    0x0800baa0   0x0000000e   Code   RO         3171    i.__scatterload_zeroinit  mc_w.l(handlers.o)
    0x0800baae   0x00000046   Code   RO         2614    i._init_box         RTX_CM4.lib(rt_membox.o)
    0x0800baf4   0x000000a4   Code   RO         1794    i.arp_cache_add     Net_CM3_L.lib(net_arp.o)
    0x0800bb98   0x00000088   Code   RO         1795    i.arp_cache_alloc   Net_CM3_L.lib(net_arp.o)
    0x0800bc20   0x00000088   Code   RO         1796    i.arp_cache_early   Net_CM3_L.lib(net_arp.o)
    0x0800bca8   0x000000a0   Code   RO         1797    i.arp_cache_find    Net_CM3_L.lib(net_arp.o)
    0x0800bd48   0x000000e4   Code   RO         1800    i.arp_cache_update  Net_CM3_L.lib(net_arp.o)
    0x0800be2c   0x00000030   Code   RO         1804    i.arp_init          Net_CM3_L.lib(net_arp.o)
    0x0800be5c   0x0000003c   Code   RO         1805    i.arp_is_cacheable  Net_CM3_L.lib(net_arp.o)
    0x0800be98   0x00000028   Code   RO         1806    i.arp_notify        Net_CM3_L.lib(net_arp.o)
    0x0800bec0   0x00000074   Code   RO         1808    i.arp_proc_response  Net_CM3_L.lib(net_arp.o)
    0x0800bf34   0x00000120   Code   RO         1809    i.arp_process       Net_CM3_L.lib(net_arp.o)
    0x0800c054   0x00000090   Code   RO         1810    i.arp_send_reply    Net_CM3_L.lib(net_arp.o)
    0x0800c0e4   0x000000c0   Code   RO         1811    i.arp_send_request  Net_CM3_L.lib(net_arp.o)
    0x0800c1a4   0x00000032   Code   RO         2746    i.chksum16          Net_CM3_L.lib(net_common.o)
    0x0800c1d6   0x00000002   PAD
    0x0800c1d8   0x00000030   Code   RO         2667    i.dbg_init          RTX_CM4.lib(hal_cm.o)
    0x0800c208   0x00000020   Code   RO         2668    i.dbg_task_notify   RTX_CM4.lib(hal_cm.o)
    0x0800c228   0x00000010   Code   RO         2669    i.dbg_task_switch   RTX_CM4.lib(hal_cm.o)
    0x0800c238   0x000000c0   Code   RO         1763    i.eth_check_link    Net_CM3_L.lib(net_eth.o)
    0x0800c2f8   0x00000020   Code   RO         1764    i.eth_chk_addr      Net_CM3_L.lib(net_eth.o)
    0x0800c318   0x00000074   Code   RO         1765    i.eth_fetch_frame   Net_CM3_L.lib(net_eth.o)
    0x0800c38c   0x000000f8   Code   RO         1767    i.eth_init_link     Net_CM3_L.lib(net_eth.o)
    0x0800c484   0x00000002   Code   RO         1768    i.eth_link_notify   Net_CM3_L.lib(net_eth.o)
    0x0800c486   0x00000002   PAD
    0x0800c488   0x00000014   Code   RO         1769    i.eth_notify        Net_CM3_L.lib(net_eth.o)
    0x0800c49c   0x000000e4   Code   RO         1770    i.eth_run_link      Net_CM3_L.lib(net_eth.o)
    0x0800c580   0x000000a8   Code   RO         1771    i.eth_send_frame    Net_CM3_L.lib(net_eth.o)
    0x0800c628   0x0000000e   Code   RO         1773    i.eth_thread        Net_CM3_L.lib(net_eth.o)
    0x0800c636   0x00000002   PAD
    0x0800c638   0x0000001c   Code   RO         2748    i.get_crc32         Net_CM3_L.lib(net_common.o)
    0x0800c654   0x0000001c   Code   RO         1960    i.get_rnd32         Net_CM3_L.lib(net_sys.o)
    0x0800c670   0x000000dc   Code   RO         1867    i.icmp_process      Net_CM3_L.lib(net_icmp.o)
    0x0800c74c   0x00000080   Code   RO         1868    i.icmp_send_message  Net_CM3_L.lib(net_icmp.o)
    0x0800c7cc   0x00000010   Code   RO         1869    i.icmp_service_init  Net_CM3_L.lib(net_icmp.o)
    0x0800c7dc   0x00000048   Code   RO         1870    i.icmp_service_run  Net_CM3_L.lib(net_icmp.o)
    0x0800c824   0x0000004c   Code   RO         1838    i.ip4_checksum      Net_CM3_L.lib(net_ip.o)
    0x0800c870   0x000000b8   Code   RO         1839    i.ip_chk_frame      Net_CM3_L.lib(net_ip.o)
    0x0800c928   0x0000000a   Code   RO         1840    i.ip_get_chksum     Net_CM3_L.lib(net_ip.o)
    0x0800c932   0x00000002   PAD
    0x0800c934   0x00000044   Code   RO         1841    i.ip_get_locadr     Net_CM3_L.lib(net_ip.o)
    0x0800c978   0x0000008c   Code   RO         1842    i.ip_get_route      Net_CM3_L.lib(net_ip.o)
    0x0800ca04   0x0000001c   Code   RO         1843    i.ip_localhost_init  Net_CM3_L.lib(net_ip.o)
    0x0800ca20   0x00000060   Code   RO         1844    i.ip_localhost_run  Net_CM3_L.lib(net_ip.o)
    0x0800ca80   0x00000140   Code   RO         1845    i.ip_send_frame     Net_CM3_L.lib(net_ip.o)
    0x0800cbc0   0x00000030   Code   RO         1846    i.ip_tx_offload     Net_CM3_L.lib(net_ip.o)
    0x0800cbf0   0x0000001a   Code   RO         2777    i.is_subnet         Net_CM3_L.lib(net_addr4.o)
    0x0800cc0a   0x00000002   PAD
    0x0800cc0c   0x00000028   Code   RO         1847    i.is_subnet_bcast   Net_CM3_L.lib(net_ip.o)
    0x0800cc34   0x0000002c   Code   RO         1161    i.isrMessagePut     RTX_CM4.lib(rt_cmsis.o)
    0x0800cc60   0x00000028   Code   RO         2342    i.isr_evt_set       RTX_CM4.lib(rt_event.o)
    0x0800cc88   0x00000050   Code   RO         2460    i.isr_mbx_receive   RTX_CM4.lib(rt_mailbox.o)
    0x0800ccd8   0x0000000e   Code   RO         2461    i.isr_mbx_send      RTX_CM4.lib(rt_mailbox.o)
    0x0800cce6   0x00000010   Code   RO         2508    i.isr_sem_send      RTX_CM4.lib(rt_semaphore.o)
    0x0800ccf6   0x00000002   PAD
    0x0800ccf8   0x0000008c   Code   RO         2720    i.mem_alloc         Net_CM3_L.lib(net_mem.o)
    0x0800cd84   0x0000001c   Code   RO         2721    i.mem_avail         Net_CM3_L.lib(net_mem.o)
    0x0800cda0   0x00000020   Code   RO         2749    i.mem_crc32         Net_CM3_L.lib(net_common.o)
    0x0800cdc0   0x0000006c   Code   RO         2722    i.mem_free          Net_CM3_L.lib(net_mem.o)
    0x0800ce2c   0x00000064   Code   RO         2723    i.mem_init          Net_CM3_L.lib(net_mem.o)
    0x0800ce90   0x00000010   Code   RO         2724    i.mem_lock          Net_CM3_L.lib(net_mem.o)
    0x0800cea0   0x00000038   Code   RO         2725    i.mem_resize        Net_CM3_L.lib(net_mem.o)
    0x0800ced8   0x0000000c   Code   RO         2726    i.mem_unlock        Net_CM3_L.lib(net_mem.o)
    0x0800cee4   0x0000004c   Code   RO         1961    i.net_initialize    Net_CM3_L.lib(net_sys.o)
    0x0800cf30   0x00000064   Code   RO         1962    i.net_main          Net_CM3_L.lib(net_sys.o)
    0x0800cf94   0x00000014   Code   RO         1963    i.net_timer_tick    Net_CM3_L.lib(net_sys.o)
    0x0800cfa8   0x00000018   Code   RO         1162    i.osDelay           RTX_CM4.lib(rt_cmsis.o)
    0x0800cfc0   0x00000024   Code   RO         1163    i.osKernelInitialize  RTX_CM4.lib(rt_cmsis.o)
    0x0800cfe4   0x0000006c   Code   RO         1165    i.osKernelStart     RTX_CM4.lib(rt_cmsis.o)
    0x0800d050   0x00000044   Code   RO         1174    i.osMessageGet      RTX_CM4.lib(rt_cmsis.o)
    0x0800d094   0x00000030   Code   RO         1176    i.osMutexCreate     RTX_CM4.lib(rt_cmsis.o)
    0x0800d0c4   0x00000018   Code   RO         1178    i.osMutexRelease    RTX_CM4.lib(rt_cmsis.o)
    0x0800d0dc   0x00000018   Code   RO         1179    i.osMutexWait       RTX_CM4.lib(rt_cmsis.o)
    0x0800d0f4   0x0000003c   Code   RO         1186    i.osSemaphoreRelease  RTX_CM4.lib(rt_cmsis.o)
    0x0800d130   0x00000018   Code   RO         1187    i.osSemaphoreWait   RTX_CM4.lib(rt_cmsis.o)
    0x0800d148   0x00000034   Code   RO         1189    i.osSignalSet       RTX_CM4.lib(rt_cmsis.o)
    0x0800d17c   0x00000018   Code   RO         1190    i.osSignalWait      RTX_CM4.lib(rt_cmsis.o)
    0x0800d194   0x00000030   Code   RO         1191    i.osThreadCreate    RTX_CM4.lib(rt_cmsis.o)
    0x0800d1c4   0x00000018   Code   RO         1192    i.osThreadExit      RTX_CM4.lib(rt_cmsis.o)
    0x0800d1dc   0x00000018   Code   RO         1196    i.osThreadTerminate  RTX_CM4.lib(rt_cmsis.o)
    0x0800d1f4   0x0000000c   Code   RO         1198    i.osTimerCall       RTX_CM4.lib(rt_cmsis.o)
    0x0800d200   0x00000034   Code   RO         1199    i.osTimerCreate     RTX_CM4.lib(rt_cmsis.o)
    0x0800d234   0x00000018   Code   RO         1201    i.osTimerStart      RTX_CM4.lib(rt_cmsis.o)
    0x0800d24c   0x0000002c   Code   RO         1203    i.osTimerThread     RTX_CM4.lib(rt_cmsis.o)
    0x0800d278   0x0000001a   Code   RO         2615    i.rt_alloc_box      RTX_CM4.lib(rt_membox.o)
    0x0800d292   0x0000003c   Code   RO         2643    i.rt_alloc_mem      RTX_CM4.lib(rt_memory.o)
    0x0800d2ce   0x00000002   PAD
    0x0800d2d0   0x00000038   Code   RO         2167    i.rt_block          RTX_CM4.lib(rt_task.o)
    0x0800d308   0x00000048   Code   RO         2803    i.rt_chk_robin      RTX_CM4.lib(rt_robin.o)
    0x0800d350   0x00000070   Code   RO         2384    i.rt_dec_dly        RTX_CM4.lib(rt_list.o)
    0x0800d3c0   0x00000044   Code   RO         2168    i.rt_dispatch       RTX_CM4.lib(rt_task.o)
    0x0800d404   0x00000006   Code   RO         2550    i.rt_dly_wait       RTX_CM4.lib(rt_time.o)
    0x0800d40a   0x00000002   PAD
    0x0800d40c   0x00000050   Code   RO         2345    i.rt_evt_psh        RTX_CM4.lib(rt_event.o)
    0x0800d45c   0x0000005c   Code   RO         2346    i.rt_evt_set        RTX_CM4.lib(rt_event.o)
    0x0800d4b8   0x0000003c   Code   RO         2347    i.rt_evt_wait       RTX_CM4.lib(rt_event.o)
    0x0800d4f4   0x00000020   Code   RO         2616    i.rt_free_box       RTX_CM4.lib(rt_membox.o)
    0x0800d514   0x00000028   Code   RO         2644    i.rt_free_mem       RTX_CM4.lib(rt_memory.o)
    0x0800d53c   0x00000028   Code   RO         2385    i.rt_get_first      RTX_CM4.lib(rt_list.o)
    0x0800d564   0x00000008   Code   RO         1208    i.rt_id2obj         RTX_CM4.lib(rt_cmsis.o)
    0x0800d56c   0x00000048   Code   RO         2169    i.rt_init_context   RTX_CM4.lib(rt_task.o)
    0x0800d5b4   0x0000001a   Code   RO         2645    i.rt_init_mem       RTX_CM4.lib(rt_memory.o)
    0x0800d5ce   0x00000002   PAD
    0x0800d5d0   0x00000018   Code   RO         2804    i.rt_init_robin     RTX_CM4.lib(rt_robin.o)
    0x0800d5e8   0x00000050   Code   RO         2670    i.rt_init_stack     RTX_CM4.lib(hal_cm.o)
    0x0800d638   0x00000008   Code   RO         2462    i.rt_mbx_check      RTX_CM4.lib(rt_mailbox.o)
    0x0800d640   0x0000001c   Code   RO         2463    i.rt_mbx_init       RTX_CM4.lib(rt_mailbox.o)
    0x0800d65c   0x000000f0   Code   RO         2464    i.rt_mbx_psh        RTX_CM4.lib(rt_mailbox.o)
    0x0800d74c   0x000000b0   Code   RO         2466    i.rt_mbx_wait       RTX_CM4.lib(rt_mailbox.o)
    0x0800d7fc   0x0000003c   Code   RO         1209    i.rt_ms2tick        RTX_CM4.lib(rt_cmsis.o)
    0x0800d838   0x00000010   Code   RO         2584    i.rt_mut_init       RTX_CM4.lib(rt_mutex.o)
    0x0800d848   0x000000d8   Code   RO         2585    i.rt_mut_release    RTX_CM4.lib(rt_mutex.o)
    0x0800d920   0x00000068   Code   RO         2586    i.rt_mut_wait       RTX_CM4.lib(rt_mutex.o)
    0x0800d988   0x0000007c   Code   RO         2256    i.rt_pop_req        RTX_CM4.lib(rt_system.o)
    0x0800da04   0x00000020   Code   RO         2257    i.rt_psh_req        RTX_CM4.lib(rt_system.o)
    0x0800da24   0x00000058   Code   RO         2387    i.rt_psq_enq        RTX_CM4.lib(rt_list.o)
    0x0800da7c   0x00000048   Code   RO         2388    i.rt_put_dly        RTX_CM4.lib(rt_list.o)
    0x0800dac4   0x00000036   Code   RO         2389    i.rt_put_prio       RTX_CM4.lib(rt_list.o)
    0x0800dafa   0x00000002   PAD
    0x0800dafc   0x00000014   Code   RO         2390    i.rt_put_rdy_first  RTX_CM4.lib(rt_list.o)
    0x0800db10   0x00000034   Code   RO         2391    i.rt_resort_prio    RTX_CM4.lib(rt_list.o)
    0x0800db44   0x00000010   Code   RO         2671    i.rt_ret_regs       RTX_CM4.lib(hal_cm.o)
    0x0800db54   0x0000000c   Code   RO         2672    i.rt_ret_val        RTX_CM4.lib(hal_cm.o)
    0x0800db60   0x00000010   Code   RO         2673    i.rt_ret_val2       RTX_CM4.lib(hal_cm.o)
    0x0800db70   0x00000028   Code   RO         2392    i.rt_rmv_dly        RTX_CM4.lib(rt_list.o)
    0x0800db98   0x00000030   Code   RO         2393    i.rt_rmv_list       RTX_CM4.lib(rt_list.o)
    0x0800dbc8   0x00000034   Code   RO         2511    i.rt_sem_psh        RTX_CM4.lib(rt_semaphore.o)
    0x0800dbfc   0x0000002a   Code   RO         2512    i.rt_sem_send       RTX_CM4.lib(rt_semaphore.o)
    0x0800dc26   0x00000002   PAD
    0x0800dc28   0x00000040   Code   RO         2513    i.rt_sem_wait       RTX_CM4.lib(rt_semaphore.o)
    0x0800dc68   0x00000024   Code   RO         2259    i.rt_stk_check      RTX_CM4.lib(rt_system.o)
    0x0800dc8c   0x00000028   Code   RO         2170    i.rt_switch_req     RTX_CM4.lib(rt_task.o)
    0x0800dcb4   0x000000cc   Code   RO         2171    i.rt_sys_init       RTX_CM4.lib(rt_task.o)
    0x0800dd80   0x00000078   Code   RO         2172    i.rt_sys_start      RTX_CM4.lib(rt_task.o)
    0x0800ddf8   0x00000040   Code   RO         2261    i.rt_systick        RTX_CM4.lib(rt_system.o)
    0x0800de38   0x00000012   Code   RO         1210    i.rt_tid2ptcb       RTX_CM4.lib(rt_cmsis.o)
    0x0800de4a   0x00000002   PAD
    0x0800de4c   0x00000038   Code   RO         1211    i.rt_timer_insert   RTX_CM4.lib(rt_cmsis.o)
    0x0800de84   0x0000003c   Code   RO         1212    i.rt_timer_remove   RTX_CM4.lib(rt_cmsis.o)
    0x0800dec0   0x00000084   Code   RO         2173    i.rt_tsk_create     RTX_CM4.lib(rt_task.o)
    0x0800df44   0x00000174   Code   RO         2174    i.rt_tsk_delete     RTX_CM4.lib(rt_task.o)
    0x0800e0b8   0x0000007c   Code   RO         2176    i.rt_tsk_prio       RTX_CM4.lib(rt_task.o)
    0x0800e134   0x00000010   Code   RO         2177    i.rt_tsk_self       RTX_CM4.lib(rt_task.o)
    0x0800e144   0x00000014   Code   RO         1213    i.svcDelay          RTX_CM4.lib(rt_cmsis.o)
    0x0800e158   0x00000070   Code   RO         1214    i.svcKernelInitialize  RTX_CM4.lib(rt_cmsis.o)
    0x0800e1c8   0x00000048   Code   RO         1216    i.svcKernelStart    RTX_CM4.lib(rt_cmsis.o)
    0x0800e210   0x00000024   Code   RO         1219    i.svcMessageCreate  RTX_CM4.lib(rt_cmsis.o)
    0x0800e234   0x0000003a   Code   RO         1220    i.svcMessageGet     RTX_CM4.lib(rt_cmsis.o)
    0x0800e26e   0x0000001c   Code   RO         1222    i.svcMutexCreate    RTX_CM4.lib(rt_cmsis.o)
    0x0800e28a   0x00000022   Code   RO         1224    i.svcMutexRelease   RTX_CM4.lib(rt_cmsis.o)
    0x0800e2ac   0x00000036   Code   RO         1225    i.svcMutexWait      RTX_CM4.lib(rt_cmsis.o)
    0x0800e2e2   0x00000028   Code   RO         1229    i.svcSemaphoreRelease  RTX_CM4.lib(rt_cmsis.o)
    0x0800e30a   0x00000032   Code   RO         1230    i.svcSemaphoreWait  RTX_CM4.lib(rt_cmsis.o)
    0x0800e33c   0x00000024   Code   RO         1232    i.svcSignalSet      RTX_CM4.lib(rt_cmsis.o)
    0x0800e360   0x00000054   Code   RO         1233    i.svcSignalWait     RTX_CM4.lib(rt_cmsis.o)
    0x0800e3b4   0x00000070   Code   RO         1234    i.svcThreadCreate   RTX_CM4.lib(rt_cmsis.o)
    0x0800e424   0x0000001c   Code   RO         1235    i.svcThreadGetId    RTX_CM4.lib(rt_cmsis.o)
    0x0800e440   0x00000038   Code   RO         1238    i.svcThreadTerminate  RTX_CM4.lib(rt_cmsis.o)
    0x0800e478   0x00000018   Code   RO         1240    i.svcTimerCall      RTX_CM4.lib(rt_cmsis.o)
    0x0800e490   0x00000038   Code   RO         1241    i.svcTimerCreate    RTX_CM4.lib(rt_cmsis.o)
    0x0800e4c8   0x00000048   Code   RO         1243    i.svcTimerStart     RTX_CM4.lib(rt_cmsis.o)
    0x0800e510   0x00000054   Code   RO         1249    i.sysTimerTick      RTX_CM4.lib(rt_cmsis.o)
    0x0800e564   0x0000003c   Code   RO         1884    i.tcp_check_send    Net_CM3_L.lib(net_tcp.o)
    0x0800e5a0   0x0000001e   Code   RO         1888    i.tcp_get_buf       Net_CM3_L.lib(net_tcp.o)
    0x0800e5be   0x00000002   PAD
    0x0800e5c0   0x00000050   Code   RO         1890    i.tcp_get_socket    Net_CM3_L.lib(net_tcp.o)
    0x0800e610   0x0000006c   Code   RO         1893    i.tcp_listen        Net_CM3_L.lib(net_tcp.o)
    0x0800e67c   0x0000007c   Code   RO         1894    i.tcp_map_socket    Net_CM3_L.lib(net_tcp.o)
    0x0800e6f8   0x00000024   Code   RO         1895    i.tcp_max_data_size  Net_CM3_L.lib(net_tcp.o)
    0x0800e71c   0x0000005e   Code   RO         1898    i.tcp_parse_opt     Net_CM3_L.lib(net_tcp.o)
    0x0800e77a   0x00000002   PAD
    0x0800e77c   0x000000c4   Code   RO         1899    i.tcp_proc_acknr    Net_CM3_L.lib(net_tcp.o)
    0x0800e840   0x00000052   Code   RO         1900    i.tcp_proc_dupack   Net_CM3_L.lib(net_tcp.o)
    0x0800e892   0x00000002   PAD
    0x0800e894   0x00000488   Code   RO         1901    i.tcp_process       Net_CM3_L.lib(net_tcp.o)
    0x0800ed1c   0x0000001a   Code   RO         1902    i.tcp_que_free      Net_CM3_L.lib(net_tcp.o)
    0x0800ed36   0x0000001a   Code   RO         1903    i.tcp_que_init      Net_CM3_L.lib(net_tcp.o)
    0x0800ed50   0x00000094   Code   RO         1904    i.tcp_que_resend    Net_CM3_L.lib(net_tcp.o)
    0x0800ede4   0x000000e0   Code   RO         1908    i.tcp_send          Net_CM3_L.lib(net_tcp.o)
    0x0800eec4   0x00000066   Code   RO         1909    i.tcp_send_ctrl     Net_CM3_L.lib(net_tcp.o)
    0x0800ef2a   0x0000004c   Code   RO         1910    i.tcp_send_data     Net_CM3_L.lib(net_tcp.o)
    0x0800ef76   0x00000060   Code   RO         1911    i.tcp_send_reset    Net_CM3_L.lib(net_tcp.o)
    0x0800efd6   0x00000026   Code   RO         1912    i.tcp_set_cwnd      Net_CM3_L.lib(net_tcp.o)
    0x0800effc   0x00000014   Code   RO         1913    i.tcp_socket_init   Net_CM3_L.lib(net_tcp.o)
    0x0800f010   0x00000288   Code   RO         1914    i.tcp_socket_poll   Net_CM3_L.lib(net_tcp.o)
    0x0800f298   0x00000068   Code   RO         1915    i.tcp_transit       Net_CM3_L.lib(net_tcp.o)
    0x0800f300   0x000000a4   Code   RO         1916    i.tcp_write         Net_CM3_L.lib(net_tcp.o)
    0x0800f3a4   0x00000010   Data   RO          406    .constdata          tcpthread.o
    0x0800f3b4   0x00000056   Data   RO          458    .constdata          rtx_conf_cm.o
    0x0800f40a   0x00000002   PAD
    0x0800f40c   0x00000024   Data   RO          485    .constdata          phy_lan8720.o
    0x0800f430   0x00000094   Data   RO          513    .constdata          emac_stm32f4xx.o
    0x0800f4c4   0x00000080   Data   RO          603    .constdata          usart_stm32f4xx.o
    0x0800f544   0x00000050   Data   RO          638    .constdata          usbd_fs_stm32f4xx.o
    0x0800f594   0x00000008   Data   RO          770    .constdata          stm32f4xx_hal_dma.o
    0x0800f59c   0x00000010   Data   RO          891    .constdata          stm32f4xx_hal_rcc.o
    0x0800f5ac   0x00000010   Data   RO         1045    .constdata          system_stm32f4xx.o
    0x0800f5bc   0x0000008c   Data   RO         1074    .constdata          net_config.o
    0x0800f648   0x000001b8   Data   RO         1110    .constdata          usbd_config_0.o
    0x0800f800   0x0000001c   Data   RO         1775    .constdata          Net_CM3_L.lib(net_eth.o)
    0x0800f81c   0x00000008   Data   RO         1849    .constdata          Net_CM3_L.lib(net_ip.o)
    0x0800f824   0x00000008   Data   RO         1966    .constdata          Net_CM3_L.lib(net_sys.o)
    0x0800f82c   0x00000004   Data   RO         2729    .constdata          Net_CM3_L.lib(net_mem.o)
    0x0800f830   0x00000008   Data   RO         2781    .constdata          Net_CM3_L.lib(net_addr4.o)
    0x0800f838   0x0000006d   Data   RO         1917    .conststring        Net_CM3_L.lib(net_tcp.o)
    0x0800f8a5   0x00000003   PAD
    0x0800f8a8   0x00000020   Data   RO         3168    Region$$Table       anon$$obj.o


    Execution Region RW_IRAM1 (Base: 0x20000000, Size: 0x0001b7d0, Max: 0x00020000, ABSOLUTE, COMPRESSED[0x00000074])

    Base Addr    Size         Type   Attr      Idx    E Section Name        Object

    0x20000000   0x0000001c   Data   RW          352    .data               dacmodule.o
    0x2000001c   0x00000018   Data   RW          407    .data               tcpthread.o
    0x20000034   0x00000020   Data   RW          459    .data               rtx_conf_cm.o
    0x20000054   0x0000000a   Data   RW          486    .data               phy_lan8720.o
    0x2000005e   0x00000001   Data   RW          563    .data               otg_fs_stm32f4xx.o
    0x2000005f   0x00000001   PAD
    0x20000060   0x00000020   Data   RW          639    .data               usbd_fs_stm32f4xx.o
    0x20000080   0x00000004   Data   RW          667    .data               stm32f4xx_hal.o
    0x20000084   0x00000004   Data   RW         1046    .data               system_stm32f4xx.o
    0x20000088   0x00000016   Data   RW         1075    .data               net_config.o
    0x2000009e   0x00000002   PAD
    0x200000a0   0x00000060   Data   RW         1111    .data               usbd_config_0.o
    0x20000100   0x00000008   Data   RW         1252    .data               RTX_CM4.lib(rt_cmsis.o)
    0x20000108   0x00000004   Data   RW         1776    .data               Net_CM3_L.lib(net_eth.o)
    0x2000010c   0x00000008   Data   RW         1812    .data               Net_CM3_L.lib(net_arp.o)
    0x20000114   0x00000030   Data   RW         1918    .data               Net_CM3_L.lib(net_tcp.o)
    0x20000144   0x00000008   Data   RW         2179    .data               RTX_CM4.lib(rt_task.o)
    0x2000014c   0x00000008   Data   RW         2264    .data               RTX_CM4.lib(rt_system.o)
    0x20000154   0x00000004   Data   RW         2554    .data               RTX_CM4.lib(rt_time.o)
    0x20000158   0x00000001   Data   RW         2674    .data               RTX_CM4.lib(hal_cm.o)
    0x20000159   0x00000003   PAD
    0x2000015c   0x00000008   Data   RW         2805    .data               RTX_CM4.lib(rt_robin.o)
    0x20000164   0x00008000   Zero   RW          235    .bss                dacfifo.o
    0x20008164   0x00000086   Zero   RW          351    .bss                dacmodule.o
    0x200081ea   0x0000000a   Zero   RW          405    .bss                tcpthread.o
    0x200081f4   0x00000004   PAD
    0x200081f8   0x00004488   Zero   RW          457    .bss                rtx_conf_cm.o
    0x2000c680   0x000024cc   Zero   RW          512    .bss                emac_stm32f4xx.o
    0x2000eb4c   0x00000038   Zero   RW          602    .bss                usart_stm32f4xx.o
    0x2000eb84   0x000000a0   Zero   RW          637    .bss                usbd_fs_stm32f4xx.o
    0x2000ec24   0x0000bda4   Zero   RW         1073    .bss                net_config.o
    0x2001a9c8   0x00000874   Zero   RW         1109    .bss                usbd_config_0.o
    0x2001b23c   0x00000088   Zero   RW         1774    .bss                Net_CM3_L.lib(net_eth.o)
    0x2001b2c4   0x0000000c   Zero   RW         1848    .bss                Net_CM3_L.lib(net_ip.o)
    0x2001b2d0   0x00000010   Zero   RW         1871    .bss                Net_CM3_L.lib(net_icmp.o)
    0x2001b2e0   0x00000054   Zero   RW         1964    .bss                Net_CM3_L.lib(net_sys.o)
    0x2001b334   0x00000014   Zero   RW         1965    .bss                Net_CM3_L.lib(net_sys.o)
    0x2001b348   0x00000034   Zero   RW         2178    .bss                RTX_CM4.lib(rt_task.o)
    0x2001b37c   0x00000030   Zero   RW         2394    .bss                RTX_CM4.lib(rt_list.o)
    0x2001b3ac   0x00000010   Zero   RW         2727    .bss                Net_CM3_L.lib(net_mem.o)
    0x2001b3bc   0x00000014   Zero   RW         2728    .bss                Net_CM3_L.lib(net_mem.o)
    0x2001b3d0   0x00000400   Zero   RW         1034    STACK               startup_stm32f407xx.o


==============================================================================

Image component sizes


      Code (inc. data)   RO Data    RW Data    ZI Data      Debug   Object Name

       548          6          0          0          0       2482   cnclerp.o
       424          4          0          0      32768       3399   dacfifo.o
      1156         44          0         28        134       5215   dacmodule.o
      3084        182        148          0       9420      42694   emac_stm32f4xx.o
       148         12          0          0          0       1043   gpiomodule.o
       368         10          0          0          0     100481   main.o
       280        106        140         22      48548      10712   net_config.o
       672         44          0          1          0       4870   otg_fs_stm32f4xx.o
       428         16         36         10          0       5250   phy_lan8720.o
        76          6         86         32      17544       7830   rtx_conf_cm.o
        36          8        392          0       1024        860   startup_stm32f407xx.o
       420         30          0          4          0       4947   stm32f4xx_hal.o
       772         22          0          0          0      32115   stm32f4xx_hal_cortex.o
       944         26          0          0          0       6327   stm32f4xx_hal_dac.o
       254          0          0          0          0       3681   stm32f4xx_hal_dac_ex.o
      2212         30          8          0          0       7245   stm32f4xx_hal_dma.o
       964         50          0          0          0       3863   stm32f4xx_hal_gpio.o
        20          0          0          0          0        596   stm32f4xx_hal_msp.o
      2256         66         16          0          0       5590   stm32f4xx_hal_rcc.o
     10232        152          0          0          0      32682   stm32f4xx_hal_tim.o
      3456         24          0          0          0      12422   stm32f4xx_hal_tim_ex.o
        44          6          0          0          0     248025   stm32f4xx_it.o
       288         32         16          4          0       1707   system_stm32f4xx.o
       720         68         16         24         10       3799   tcpthread.o
      5440        142        128          0         56      42240   usart_stm32f4xx.o
       324          4        440         96       2164      21596   usbd_config_0.o
      5228        236         80         32        160      11863   usbd_fs_stm32f4xx.o
        24          0          0          0          0       1764   usbd_user_cdc_0.o

    ----------------------------------------------------------------------
     40820       1326       1540        256     111832     625298   Object Totals
         0          0         32          0          0          0   (incl. Generated)
         2          0          2          3          4          0   (incl. Padding)

    ----------------------------------------------------------------------

      Code (inc. data)   RO Data    RW Data    ZI Data      Debug   Library Member Name

        26          0          8          0          0         68   net_addr4.o
      1712        130          0          8          0       1024   net_arp.o
       110          4          0          0          0        228   net_common.o
      1020         94         28          4        136        696   net_eth.o
       436         34          0          0         16        308   net_icmp.o
      1010         80          8          0         12        816   net_ip.o
       460         52          4          0         36        556   net_mem.o
       224         48          8          0        104        288   net_sys.o
      3642        126        109         48          0       1844   net_tcp.o
       220         24          0          1          0       3428   hal_cm.o
       384         28          0          0          0        720   hal_cm4.o
      2022        222          0          8          0      39699   rt_cmsis.o
       272         18          0          0          0       2182   rt_event.o
       526         36          0          0         48       6945   rt_list.o
       546         10          0          0          0       3225   rt_mailbox.o
       128          0          0          0          0       1585   rt_membox.o
       126          0          0          0          0       1895   rt_memory.o
       336         12          0          0          0       1757   rt_mutex.o
        96         22          0          8          0       1014   rt_robin.o
       174         10          0          0          0       2008   rt_semaphore.o
       256         46          0          8          0       2457   rt_system.o
      1204        176          0          8         52       8309   rt_task.o
         6          0          0          4          0        524   rt_time.o
         4          4          0          0          0        124   svc_table.o
      1518        148          0          0          0       1740   usbd_cdc.o
      4046        214          0          0          0       2652   usbd_core.o
       364         26          0          0          0        168   usbd_core_cdc.o
        86          0          0          0          0          0   __dczerorl2.o
         0          0          0          0          0          0   entry.o
         0          0          0          0          0          0   entry10a.o
         0          0          0          0          0          0   entry11a.o
         8          4          0          0          0          0   entry2.o
         4          0          0          0          0          0   entry5.o
         0          0          0          0          0          0   entry7b.o
         0          0          0          0          0          0   entry8b.o
        30          0          0          0          0          0   handlers.o
        36          8          0          0          0         68   init.o
        36          0          0          0          0         68   memcpya.o
        36          0          0          0          0        108   memseta.o
        14          0          0          0          0         68   strlen.o

    ----------------------------------------------------------------------
     21160       1576        168        100        404      86572   Library Totals
        42          0          3          3          0          0   (incl. Padding)

    ----------------------------------------------------------------------

      Code (inc. data)   RO Data    RW Data    ZI Data      Debug   Library Name

      8640        568        165         60        304       5828   Net_CM3_L.lib
      6300        608          0         37        100      75872   RTX_CM4.lib
      5928        388          0          0          0       4560   USB_CM3_L.lib
       250         12          0          0          0        312   mc_w.l

    ----------------------------------------------------------------------
     21160       1576        168        100        404      86572   Library Totals

    ----------------------------------------------------------------------

==============================================================================


      Code (inc. data)   RO Data    RW Data    ZI Data      Debug   

     61980       2902       1708        356     112236     689950   Grand Totals
     61980       2902       1708        116     112236     689950   ELF Image Totals (compressed)
     61980       2902       1708        116          0          0   ROM Totals

==============================================================================

    Total RO  Size (Code + RO Data)                63688 (  62.20kB)
    Total RW  Size (RW Data + ZI Data)            112592 ( 109.95kB)
    Total ROM Size (Code + RO Data + RW Data)      63804 (  62.31kB)

==============================================================================

