Component: ARM Compiler 5.05 update 1 (build 106) Tool: armlink [4d0efa]

==============================================================================

Section Cross References

    stm32f4xx_it.o(.text) refers to dacmodule.o(.text) for ProcessDACFIFO
    stm32f4xx_it.o(.text) refers to dacmodule.o(.bss) for g_hTIMDAC
    main.o(.text) refers to stm32f4xx_hal_rcc.o(.text) for HAL_RCC_OscConfig
    main.o(.text) refers to stm32f4xx_hal_cortex.o(.text) for HAL_SYSTICK_Config
    main.o(.text) refers to stm32f4xx_hal.o(.text) for HAL_Init
    main.o(.text) refers to tcpthread.o(.text) for TCPLoop
    main.o(.text) refers to rt_cmsis.o(i.osKernelStart) for osKernelStart
    stm32f4xx_hal_msp.o(.text) refers to dacmodule.o(.text) for InitDAC
    stm32f4xx_hal_msp.o(.text) refers to gpiomodule.o(.text) for InitGPIO
    dacfifo.o(.text) refers to memcpya.o(.text) for __aeabi_memcpy
    dacfifo.o(.text) refers to dacfifo.o(.bss) for dacfifo
    packetassembler.o(.text) refers to dacfifo.o(.text) for InitDACFIFO
    gpiomodule.o(.text) refers to memseta.o(.text) for __aeabi_memclr4
    gpiomodule.o(.text) refers to stm32f4xx_hal_gpio.o(.text) for HAL_GPIO_Init
    dactimer.o(.text) refers to dacmodule.o(.text) for ProcessDACFIFO
    dactimer.o(.text) refers to rt_cmsis.o(i.osTimerCreate) for osTimerCreate
    dactimer.o(.text) refers to rt_cmsis.o(i.osTimerStart) for osTimerStart
    dactimer.o(.text) refers to dactimer.o(.data) for exec
    dactimer.o(.text) refers to dactimer.o(.constdata) for os_timer_def_TimerDAC
    dactimer.o(.constdata) refers to dactimer.o(.text) for TimerDAC_Callback
    dactimer.o(.constdata) refers to dactimer.o(.bss) for os_timer_cb_TimerDAC
    dacmodule.o(.text) refers to memseta.o(.text) for __aeabi_memclr4
    dacmodule.o(.text) refers to stm32f4xx_hal_gpio.o(.text) for HAL_GPIO_Init
    dacmodule.o(.text) refers to stm32f4xx_hal_dac.o(.text) for HAL_DAC_Init
    dacmodule.o(.text) refers to stm32f4xx_hal_cortex.o(.text) for HAL_NVIC_EnableIRQ
    dacmodule.o(.text) refers to memcpya.o(.text) for __aeabi_memcpy4
    dacmodule.o(.text) refers to stm32f4xx_hal_tim.o(.text) for HAL_TIM_Base_Init
    dacmodule.o(.text) refers to dacfifo.o(.text) for GetDataFastFromDACFIFO
    dacmodule.o(.text) refers to cnclerp.o(.text) for UpdateCNCLerp
    dacmodule.o(.text) refers to dacmodule.o(.bss) for g_hDAC
    dacmodule.o(.text) refers to dacmodule.o(.data) for bUpdate
    dacmodule.o(.text) refers to tcpthread.o(.bss) for fifo
    tcpthread.o(.text) refers to rt_cmsis.o(i.osThreadCreate) for osThreadCreate
    tcpthread.o(.text) refers to net_tcp.o(i.tcp_check_send) for tcp_check_send
    tcpthread.o(.text) refers to net_tcp.o(i.tcp_max_data_size) for tcp_max_data_size
    tcpthread.o(.text) refers to net_tcp.o(i.tcp_get_buf) for tcp_get_buf
    tcpthread.o(.text) refers to memcpya.o(.text) for __aeabi_memcpy
    tcpthread.o(.text) refers to net_tcp.o(i.tcp_send) for tcp_send
    tcpthread.o(.text) refers to stm32f4xx_hal_gpio.o(.text) for HAL_GPIO_WritePin
    tcpthread.o(.text) refers to stm32f4xx_hal_tim.o(.text) for HAL_TIM_Base_Stop_IT
    tcpthread.o(.text) refers to dacfifo.o(.text) for PutDataIntoDACFIFO
    tcpthread.o(.text) refers to net_sys.o(i.net_initialize) for net_initialize
    tcpthread.o(.text) refers to net_tcp.o(i.tcp_get_socket) for tcp_get_socket
    tcpthread.o(.text) refers to net_tcp.o(i.tcp_listen) for tcp_listen
    tcpthread.o(.text) refers to net_sys.o(i.net_main) for net_main
    tcpthread.o(.text) refers to tcpthread.o(.constdata) for os_thread_def_Thread
    tcpthread.o(.text) refers to tcpthread.o(.data) for tid_TCPThread
    tcpthread.o(.text) refers to dacmodule.o(.data) for startLerp
    tcpthread.o(.text) refers to dacmodule.o(.bss) for g_hTIMDAC
    tcpthread.o(.text) refers to tcpthread.o(.bss) for fifo
    tcpthread.o(.constdata) refers to tcpthread.o(.text) for Thread
    cnclerp.o(.text) refers to stm32f4xx_hal_gpio.o(.text) for HAL_GPIO_WritePin
    buttons_f4discovery.o(.text) refers to stm32f4xx_hal_gpio.o(.text) for HAL_GPIO_Init
    led_f4discovery.o(.text) refers to stm32f4xx_hal_gpio.o(.text) for HAL_GPIO_Init
    led_f4discovery.o(.text) refers to led_f4discovery.o(.constdata) for LED_PIN
    rtx_conf_cm.o(.ARM.Collect$$$$000000FF) refers to rt_cmsis.o(i.osKernelInitialize) for osKernelInitialize
    rtx_conf_cm.o(.ARM.Collect$$$$000000FF) refers to rt_cmsis.o(i.osThreadCreate) for osThreadCreate
    rtx_conf_cm.o(.ARM.Collect$$$$000000FF) refers to rt_cmsis.o(i.osKernelStart) for osKernelStart
    rtx_conf_cm.o(.ARM.Collect$$$$000000FF) refers to rtx_conf_cm.o(.data) for .data
    rtx_conf_cm.o(.constdata) refers to rt_cmsis.o(i.osTimerThread) for osTimerThread
    rtx_conf_cm.o(.constdata) refers to rtx_conf_cm.o(.bss) for os_messageQ_q_osTimerMessageQ
    rtx_conf_cm.o(.data) refers to main.o(.text) for main
    phy_lan8720.o(.text) refers to phy_lan8720.o(.constdata) for DriverVersion
[...]
    CAN2_RX1_IRQHandler                      0x0800f533   Thumb Code     0  startup_stm32f407xx.o(.text)
    CAN2_SCE_IRQHandler                      0x0800f533   Thumb Code     0  startup_stm32f407xx.o(.text)
    CAN2_TX_IRQHandler                       0x0800f533   Thumb Code     0  startup_stm32f407xx.o(.text)
    DCMI_IRQHandler                          0x0800f533   Thumb Code     0  startup_stm32f407xx.o(.text)
    DMA1_Stream0_IRQHandler                  0x0800f533   Thumb Code     0  startup_stm32f407xx.o(.text)
    DMA1_Stream1_IRQHandler                  0x0800f533   Thumb Code     0  startup_stm32f407xx.o(.text)
    DMA1_Stream2_IRQHandler                  0x0800f533   Thumb Code     0  startup_stm32f407xx.o(.text)
    DMA1_Stream3_IRQHandler                  0x0800f533   Thumb Code     0  startup_stm32f407xx.o(.text)
    DMA1_Stream4_IRQHandler                  0x0800f533   Thumb Code     0  startup_stm32f407xx.o(.text)
    DMA1_Stream5_IRQHandler                  0x0800f533   Thumb Code     0  startup_stm32f407xx.o(.text)
    DMA1_Stream6_IRQHandler                  0x0800f533   Thumb Code     0  startup_stm32f407xx.o(.text)
    DMA1_Stream7_IRQHandler                  0x0800f533   Thumb Code     0  startup_stm32f407xx.o(.text)
    DMA2_Stream0_IRQHandler                  0x0800f533   Thumb Code     0  startup_stm32f407xx.o(.text)
    DMA2_Stream1_IRQHandler                  0x0800f533   Thumb Code     0  startup_stm32f407xx.o(.text)
    DMA2_Stream2_IRQHandler                  0x0800f533   Thumb Code     0  startup_stm32f407xx.o(.text)
    DMA2_Stream3_IRQHandler                  0x0800f533   Thumb Code     0  startup_stm32f407xx.o(.text)
    DMA2_Stream4_IRQHandler                  0x0800f533   Thumb Code     0  startup_stm32f407xx.o(.text)
    DMA2_Stream5_IRQHandler                  0x0800f533   Thumb Code     0  startup_stm32f407xx.o(.text)
    DMA2_Stream6_IRQHandler                  0x0800f533   Thumb Code     0  startup_stm32f407xx.o(.text)
    DMA2_Stream7_IRQHandler                  0x0800f533   Thumb Code     0  startup_stm32f407xx.o(.text)
    ETH_WKUP_IRQHandler                      0x0800f533   Thumb Code     0  startup_stm32f407xx.o(.text)
    EXTI0_IRQHandler                         0x0800f533   Thumb Code     0  startup_stm32f407xx.o(.text)
    EXTI15_10_IRQHandler                     0x0800f533   Thumb Code     0  startup_stm32f407xx.o(.text)
    EXTI1_IRQHandler                         0x0800f533   Thumb Code     0  startup_stm32f407xx.o(.text)
    EXTI2_IRQHandler                         0x0800f533   Thumb Code     0  startup_stm32f407xx.o(.text)
    EXTI3_IRQHandler                         0x0800f533   Thumb Code     0  startup_stm32f407xx.o(.text)
    EXTI4_IRQHandler                         0x0800f533   Thumb Code     0  startup_stm32f407xx.o(.text)
    EXTI9_5_IRQHandler                       0x0800f533   Thumb Code     0  startup_stm32f407xx.o(.text)
    FLASH_IRQHandler                         0x0800f533   Thumb Code     0  startup_stm32f407xx.o(.text)
    FMC_IRQHandler                           0x0800f533   Thumb Code     0  startup_stm32f407xx.o(.text)
    FPU_IRQHandler                           0x0800f533   Thumb Code     0  startup_stm32f407xx.o(.text)
    HASH_RNG_IRQHandler                      0x0800f533   Thumb Code     0  startup_stm32f407xx.o(.text)
    I2C1_ER_IRQHandler                       0x0800f533   Thumb Code     0  startup_stm32f407xx.o(.text)
    I2C1_EV_IRQHandler                       0x0800f533   Thumb Code     0  startup_stm32f407xx.o(.text)
    I2C2_ER_IRQHandler                       0x0800f533   Thumb Code     0  startup_stm32f407xx.o(.text)
    I2C2_EV_IRQHandler                       0x0800f533   Thumb Code     0  startup_stm32f407xx.o(.text)
    I2C3_ER_IRQHandler                       0x0800f533   Thumb Code     0  startup_stm32f407xx.o(.text)
    I2C3_EV_IRQHandler                       0x0800f533   Thumb Code     0  startup_stm32f407xx.o(.text)
    OTG_FS_WKUP_IRQHandler                   0x0800f533   Thumb Code     0  startup_stm32f407xx.o(.text)
    OTG_HS_EP1_IN_IRQHandler                 0x0800f533   Thumb Code     0  startup_stm32f407xx.o(.text)
    OTG_HS_EP1_OUT_IRQHandler                0x0800f533   Thumb Code     0  startup_stm32f407xx.o(.text)
    OTG_HS_IRQHandler                        0x0800f533   Thumb Code     0  startup_stm32f407xx.o(.text)
    OTG_HS_WKUP_IRQHandler                   0x0800f533   Thumb Code     0  startup_stm32f407xx.o(.text)
    PVD_IRQHandler                           0x0800f533   Thumb Code     0  startup_stm32f407xx.o(.text)
    RCC_IRQHandler                           0x0800f533   Thumb Code     0  startup_stm32f407xx.o(.text)
    RTC_Alarm_IRQHandler                     0x0800f533   Thumb Code     0  startup_stm32f407xx.o(.text)
    RTC_WKUP_IRQHandler                      0x0800f533   Thumb Code     0  startup_stm32f407xx.o(.text)
    SDIO_IRQHandler                          0x0800f533   Thumb Code     0  startup_stm32f407xx.o(.text)
    SPI1_IRQHandler                          0x0800f533   Thumb Code     0  startup_stm32f407xx.o(.text)
    SPI2_IRQHandler                          0x0800f533   Thumb Code     0  startup_stm32f407xx.o(.text)
    SPI3_IRQHandler                          0x0800f533   Thumb Code     0  startup_stm32f407xx.o(.text)
    TAMP_STAMP_IRQHandler                    0x0800f533   Thumb Code     0  startup_stm32f407xx.o(.text)
    TIM1_BRK_TIM9_IRQHandler                 0x0800f533   Thumb Code     0  startup_stm32f407xx.o(.text)
    TIM1_CC_IRQHandler                       0x0800f533   Thumb Code     0  startup_stm32f407xx.o(.text)
    TIM1_TRG_COM_TIM11_IRQHandler            0x0800f533   Thumb Code     0  startup_stm32f407xx.o(.text)
    TIM1_UP_TIM10_IRQHandler                 0x0800f533   Thumb Code     0  startup_stm32f407xx.o(.text)
    TIM3_IRQHandler                          0x0800f533   Thumb Code     0  startup_stm32f407xx.o(.text)
    TIM4_IRQHandler                          0x0800f533   Thumb Code     0  startup_stm32f407xx.o(.text)
    TIM5_IRQHandler                          0x0800f533   Thumb Code     0  startup_stm32f407xx.o(.text)
    TIM6_DAC_IRQHandler                      0x0800f533   Thumb Code     0  startup_stm32f407xx.o(.text)
    TIM7_IRQHandler                          0x0800f533   Thumb Code     0  startup_stm32f407xx.o(.text)
    TIM8_BRK_TIM12_IRQHandler                0x0800f533   Thumb Code     0  startup_stm32f407xx.o(.text)
    TIM8_CC_IRQHandler                       0x0800f533   Thumb Code     0  startup_stm32f407xx.o(.text)
    TIM8_TRG_COM_TIM14_IRQHandler            0x0800f533   Thumb Code     0  startup_stm32f407xx.o(.text)
    TIM8_UP_TIM13_IRQHandler                 0x0800f533   Thumb Code     0  startup_stm32f407xx.o(.text)
    UART4_IRQHandler                         0x0800f533   Thumb Code     0  startup_stm32f407xx.o(.text)
    UART5_IRQHandler                         0x0800f533   Thumb Code     0  startup_stm32f407xx.o(.text)
    USART1_IRQHandler                        0x0800f533   Thumb Code     0  startup_stm32f407xx.o(.text)
    USART2_IRQHandler                        0x0800f533   Thumb Code     0  startup_stm32f407xx.o(.text)
    USART3_IRQHandler                        0x0800f533   Thumb Code     0  startup_stm32f407xx.o(.text)
    WWDG_IRQHandler                          0x0800f533   Thumb Code     0  startup_stm32f407xx.o(.text)
    SystemInit                               0x0800f53d   Thumb Code    82  system_stm32f4xx.o(.text)
    SystemCoreClockUpdate                    0x0800f58f   Thumb Code   174  system_stm32f4xx.o(.text)
    net_sys_init                             0x0800f65d   Thumb Code    26  net_config.o(.text)
    net_sys_run                              0x0800f677   Thumb Code    22  net_config.o(.text)
    igmp_is_member                           0x0800f68d   Thumb Code     4  net_config.o(.text)
    igmp_process                             0x0800f691   Thumb Code     2  net_config.o(.text)
    dhcp_disable                             0x0800f693   Thumb Code     4  net_config.o(.text)
    ppp_send_frame                           0x0800f697   Thumb Code     4  net_config.o(.text)
    slip_send_frame                          0x0800f69b   Thumb Code     4  net_config.o(.text)
    udp_process                              0x0800f69f   Thumb Code     2  net_config.o(.text)
    sntp_get_time                            0x0800f6a1   Thumb Code     4  net_config.o(.text)
    net_sys_error                            0x0800f6a5   Thumb Code   110  net_config.o(.text)
    USBD0_SignalDeviceEvent                  0x0800f775   Thumb Code     8  usbd_config_0.o(.text)
    USBD0_SignalEndpointEvent                0x0800f77d   Thumb Code    10  usbd_config_0.o(.text)
    USBD_Core_Endpoint0_SetupPacketReceived  0x0800f787   Thumb Code     4  usbd_config_0.o(.text)
    USBD_Core_Endpoint0_SetupPacketProcessed 0x0800f78b   Thumb Code     2  usbd_config_0.o(.text)
    USBD_Core_Endpoint0_OutDataReceived      0x0800f78d   Thumb Code     4  usbd_config_0.o(.text)
    USBD_Core_Endpoint0_InDataSent           0x0800f791   Thumb Code     4  usbd_config_0.o(.text)
    USBD_Endpoint0_Setup_ADC_ReqToIF         0x0800f795   Thumb Code     4  usbd_config_0.o(.text)
    USBD_Endpoint0_Out_ADC_ReqToIF           0x0800f799   Thumb Code     4  usbd_config_0.o(.text)
    USBD_Endpoint0_Setup_ADC_ReqToEP         0x0800f79d   Thumb Code     4  usbd_config_0.o(.text)
    USBD_Endpoint0_Out_ADC_ReqToEP           0x0800f7a1   Thumb Code     4  usbd_config_0.o(.text)
    USBD_CDC0_ACM_DataReceived               0x0800f7b7   Thumb Code     2  usbd_config_0.o(.text)
    USBD_CDC0_ACM_DataSent                   0x0800f7b9   Thumb Code     2  usbd_config_0.o(.text)
    USBD_Endpoint0_ReqGetDescriptor_HID      0x0800f7bb   Thumb Code     4  usbd_config_0.o(.text)
    USBD_Endpoint0_Setup_HID_ReqToIF         0x0800f7bf   Thumb Code     4  usbd_config_0.o(.text)
    USBD_Endpoint0_Out_HID_ReqToIF           0x0800f7c3   Thumb Code     4  usbd_config_0.o(.text)
    USBD_Endpoint0_Setup_MSC_ReqToIF         0x0800f7c7   Thumb Code     4  usbd_config_0.o(.text)
    USBD_Device0_Initialize                  0x0800f7cb   Thumb Code     2  usbd_config_0.o(.text)
    USBD_Device0_Uninitialize                0x0800f7cd   Thumb Code     2  usbd_config_0.o(.text)
    USBD_Device0_EventReset                  0x0800f7cf   Thumb Code     2  usbd_config_0.o(.text)
    USBD_Device0_Endpoint0_SetupPacketReceived 0x0800f7d1   Thumb Code     4  usbd_config_0.o(.text)
    USBD_Device0_Endpoint0_SetupPacketProcessed 0x0800f7d5   Thumb Code     2  usbd_config_0.o(.text)
    USBD_Device0_Endpoint0_OutDataReceived   0x0800f7d7   Thumb Code     4  usbd_config_0.o(.text)
    USBD_Device0_Endpoint0_InDataSent        0x0800f7db   Thumb Code     4  usbd_config_0.o(.text)
    USBD_ClassInitialize                     0x0800f7df   Thumb Code    52  usbd_config_0.o(.text)
    USBD_ClassUninitialize                   0x0800f813   Thumb Code    50  usbd_config_0.o(.text)
    USBD_EventPowerOn                        0x0800f845   Thumb Code     2  usbd_config_0.o(.text)
    USBD_EventPowerOff                       0x0800f847   Thumb Code     2  usbd_config_0.o(.text)
    USBD_EventHighSpeed                      0x0800f849   Thumb Code     2  usbd_config_0.o(.text)
    USBD_EventSuspend                        0x0800f84b   Thumb Code     2  usbd_config_0.o(.text)
    USBD_EventResume                         0x0800f84d   Thumb Code     2  usbd_config_0.o(.text)
    USBD_EventSetInterface                   0x0800f84f   Thumb Code     2  usbd_config_0.o(.text)
    USBD_EventEndpointSetFeatureStall        0x0800f851   Thumb Code     2  usbd_config_0.o(.text)
    USBD_EventEnableRemoteWakeup             0x0800f853   Thumb Code     2  usbd_config_0.o(.text)
    USBD_EventDisableRemoteWakeup            0x0800f855   Thumb Code     2  usbd_config_0.o(.text)
    USBD_EventReset                          0x0800f857   Thumb Code    48  usbd_config_0.o(.text)
    USBD_EventSetConfiguration               0x0800f887   Thumb Code     2  usbd_config_0.o(.text)
    USBD_EventEndpointClearFeatureStall      0x0800f889   Thumb Code     2  usbd_config_0.o(.text)
    USBD_EventEndpointStart                  0x0800f88b   Thumb Code    72  usbd_config_0.o(.text)
    USBD_EventEndpointStop                   0x0800f8d3   Thumb Code     2  usbd_config_0.o(.text)
    __aeabi_uldivmod                         0x0800f8d9   Thumb Code    98  uldiv.o(.text)
    __aeabi_memcpy                           0x0800f93b   Thumb Code    36  memcpya.o(.text)
    __aeabi_memcpy4                          0x0800f93b   Thumb Code     0  memcpya.o(.text)
    __aeabi_memcpy8                          0x0800f93b   Thumb Code     0  memcpya.o(.text)
    __aeabi_memset                           0x0800f95f   Thumb Code    14  memseta.o(.text)
    __aeabi_memset4                          0x0800f95f   Thumb Code     0  memseta.o(.text)
    __aeabi_memset8                          0x0800f95f   Thumb Code     0  memseta.o(.text)
    __aeabi_memclr                           0x0800f96d   Thumb Code     4  memseta.o(.text)
    __aeabi_memclr4                          0x0800f96d   Thumb Code     0  memseta.o(.text)
    __aeabi_memclr8                          0x0800f96d   Thumb Code     0  memseta.o(.text)
    _memset$wrapper                          0x0800f971   Thumb Code    18  memseta.o(.text)
    strlen                                   0x0800f983   Thumb Code    14  strlen.o(.text)
    __aeabi_llsl                             0x0800f991   Thumb Code    30  llshl.o(.text)
    _ll_shift_l                              0x0800f991   Thumb Code     0  llshl.o(.text)
    __aeabi_llsr                             0x0800f9af   Thumb Code    32  llushr.o(.text)
    _ll_ushift_r                             0x0800f9af   Thumb Code     0  llushr.o(.text)
    __scatterload                            0x0800f9d1   Thumb Code    28  init.o(.text)
    __scatterload_rt2                        0x0800f9d1   Thumb Code     0  init.o(.text)
    __decompress                             0x0800f9f5   Thumb Code     0  __dczerorl2.o(.text)
    __decompress1                            0x0800f9f5   Thumb Code    86  __dczerorl2.o(.text)
    SVC_Count                                0x0800fa4c   Data           4  svc_table.o(SVC_TABLE)
    SVC_Table                                0x0800fa50   Data           0  svc_table.o(SVC_TABLE)
    USBD0_CoreThread                         0x0800fa51   Thumb Code     6  usbd_core.o(i.USBD0_CoreThread)
    USBD_CDC0_Bulk_Thread                    0x0800fa57   Thumb Code     6  usbd_cdc.o(i.USBD_CDC0_Bulk_Thread)
    USBD_CDC0_Int_Thread                     0x0800fa5d   Thumb Code     6  usbd_cdc.o(i.USBD_CDC0_Int_Thread)
    USBD_CDC_ACM_CoreClearCommFeature        0x0800fa63   Thumb Code     4  usbd_cdc.o(i.USBD_CDC_ACM_CoreClearCommFeature)
    USBD_CDC_ACM_CoreGetCommFeature          0x0800fa67   Thumb Code     4  usbd_cdc.o(i.USBD_CDC_ACM_CoreGetCommFeature)
    USBD_CDC_ACM_CoreGetEncapsulatedResponse 0x0800fa6b   Thumb Code     4  usbd_cdc.o(i.USBD_CDC_ACM_CoreGetEncapsulatedResponse)
    USBD_CDC_ACM_CoreGetLineCoding           0x0800fa71   Thumb Code   102  usbd_cdc.o(i.USBD_CDC_ACM_CoreGetLineCoding)
    USBD_CDC_ACM_CoreReset                   0x0800fae5   Thumb Code   116  usbd_cdc.o(i.USBD_CDC_ACM_CoreReset)
    USBD_CDC_ACM_CoreSendBreak               0x0800fb65   Thumb Code     4  usbd_cdc.o(i.USBD_CDC_ACM_CoreSendBreak)
    USBD_CDC_ACM_CoreSendEncapsulatedCommand 0x0800fb69   Thumb Code     4  usbd_cdc.o(i.USBD_CDC_ACM_CoreSendEncapsulatedCommand)
    USBD_CDC_ACM_CoreSetCommFeature          0x0800fb6d   Thumb Code     4  usbd_cdc.o(i.USBD_CDC_ACM_CoreSetCommFeature)
    USBD_CDC_ACM_CoreSetControlLineState     0x0800fb71   Thumb Code    46  usbd_cdc.o(i.USBD_CDC_ACM_CoreSetControlLineState)
    USBD_CDC_ACM_CoreSetLineCoding           0x0800fba9   Thumb Code    88  usbd_cdc.o(i.USBD_CDC_ACM_CoreSetLineCoding)
    USBD_CDC_ACM_WriteData                   0x0800fc0d   Thumb Code   160  usbd_cdc.o(i.USBD_CDC_ACM_WriteData)
    USBD_CDC_Bulk_Thread                     0x0800fcb5   Thumb Code    42  usbd_cdc.o(i.USBD_CDC_Bulk_Thread)
    USBD_CDC_CheckInstance                   0x0800fce1   Thumb Code    46  usbd_cdc.o(i.USBD_CDC_CheckInstance)
    USBD_CDC_ClassInitialize                 0x0800fd1d   Thumb Code    82  usbd_cdc.o(i.USBD_CDC_ClassInitialize)
    USBD_CDC_ClassUninitialize               0x0800fd85   Thumb Code    68  usbd_cdc.o(i.USBD_CDC_ClassUninitialize)
    USBD_CDC_EventEndpointStart              0x0800fdd5   Thumb Code    78  usbd_cdc.o(i.USBD_CDC_EventEndpointStart)
    USBD_CDC_EventReset                      0x0800ffdd   Thumb Code    52  usbd_cdc.o(i.USBD_CDC_EventReset)
    USBD_CDC_Int_Thread                      0x08010015   Thumb Code    42  usbd_cdc.o(i.USBD_CDC_Int_Thread)
    USBD_CheckDevice                         0x08010045   Thumb Code    36  usbd_core.o(i.USBD_CheckDevice)
    USBD_Core                                0x08010071   Thumb Code    98  usbd_core.o(i.USBD_Core)
    USBD_CoreThread                          0x080100d5   Thumb Code   132  usbd_core.o(i.USBD_CoreThread)
    USBD_DataInStage                         0x08010161   Thumb Code    78  usbd_core.o(i.USBD_DataInStage)
    USBD_DataOutStage                        0x080101b5   Thumb Code    40  usbd_core.o(i.USBD_DataOutStage)
    USBD_DriverDeviceSetAddress              0x080101e1   Thumb Code    60  usbd_core.o(i.USBD_DriverDeviceSetAddress)
    USBD_DriverEndpointConfigure             0x08010225   Thumb Code   116  usbd_core.o(i.USBD_DriverEndpointConfigure)
    USBD_DriverEndpointStall                 0x080102a1   Thumb Code   112  usbd_core.o(i.USBD_DriverEndpointStall)
    USBD_DriverEndpointTransfer              0x08010319   Thumb Code   148  usbd_core.o(i.USBD_DriverEndpointTransfer)
    USBD_DriverEndpointTransferAbort         0x080103b5   Thumb Code   110  usbd_core.o(i.USBD_DriverEndpointTransferAbort)
    USBD_DriverEndpointTransferGetResult     0x0801042d   Thumb Code    50  usbd_core.o(i.USBD_DriverEndpointTransferGetResult)
    USBD_DriverEndpointUnconfigure           0x08010469   Thumb Code   108  usbd_core.o(i.USBD_DriverEndpointUnconfigure)
    USBD_DriverReadSetupPacket               0x080104dd   Thumb Code    60  usbd_core.o(i.USBD_DriverReadSetupPacket)
    USBD_Endpoint0                           0x08010521   Thumb Code   590  usbd_core.o(i.USBD_Endpoint0)
    USBD_Endpoint0_Out_CDC_ReqToIF           0x08010775   Thumb Code   122  usbd_core_cdc.o(i.USBD_Endpoint0_Out_CDC_ReqToIF)
    USBD_Endpoint0_Setup_CDC_ReqToIF         0x080107fd   Thumb Code   216  usbd_core_cdc.o(i.USBD_Endpoint0_Setup_CDC_ReqToIF)
    USBD_EndpointStall                       0x080108e1   Thumb Code    90  usbd_core.o(i.USBD_EndpointStall)
    USBD_ReqGetConfiguration                 0x08010941   Thumb Code    30  usbd_core.o(i.USBD_ReqGetConfiguration)
    USBD_ReqGetDescriptor                    0x08010965   Thumb Code   308  usbd_core.o(i.USBD_ReqGetDescriptor)
    USBD_ReqGetInterface                     0x08010aa1   Thumb Code    48  usbd_core.o(i.USBD_ReqGetInterface)
    USBD_ReqGetStatus                        0x08010ad5   Thumb Code   118  usbd_core.o(i.USBD_ReqGetStatus)
    USBD_ReqSetAddress                       0x08010b51   Thumb Code    36  usbd_core.o(i.USBD_ReqSetAddress)
    USBD_ReqSetClrFeature                    0x08010b79   Thumb Code   230  usbd_core.o(i.USBD_ReqSetClrFeature)
    USBD_ReqSetConfiguration                 0x08010c65   Thumb Code   544  usbd_core.o(i.USBD_ReqSetConfiguration)
    USBD_ReqSetInterface                     0x08010e8d   Thumb Code   380  usbd_core.o(i.USBD_ReqSetInterface)
    USBD_ResetCore                           0x08011011   Thumb Code    96  usbd_core.o(i.USBD_ResetCore)
    USBD_SetupStage                          0x08011079   Thumb Code    18  usbd_core.o(i.USBD_SetupStage)
    USBD_SignalDeviceEvent                   0x08011091   Thumb Code    10  usbd_core.o(i.USBD_SignalDeviceEvent)
    USBD_SignalEndpointEvent                 0x080110a1   Thumb Code    64  usbd_core.o(i.USBD_SignalEndpointEvent)
    USBD_StatusInStage                       0x080110ed   Thumb Code    12  usbd_core.o(i.USBD_StatusInStage)
    USBD_StatusInStageDone                   0x080110f9   Thumb Code    18  usbd_core.o(i.USBD_StatusInStageDone)
    USBD_StatusOutStage                      0x0801110b   Thumb Code    12  usbd_core.o(i.USBD_StatusOutStage)
    USBD_StatusOutStageDone                  0x08011119   Thumb Code    48  usbd_core.o(i.USBD_StatusOutStageDone)
    USBD_SwitchToHighSpeedCore               0x0801114d   Thumb Code    20  usbd_core.o(i.USBD_SwitchToHighSpeedCore)
    __scatterload_copy                       0x08011165   Thumb Code    14  handlers.o(i.__scatterload_copy)
    __scatterload_null                       0x08011173   Thumb Code     2  handlers.o(i.__scatterload_null)
    __scatterload_zeroinit                   0x08011175   Thumb Code    14  handlers.o(i.__scatterload_zeroinit)
    _init_box                                0x08011183   Thumb Code    70  rt_membox.o(i._init_box)
    arp_cache_add                            0x080111c9   Thumb Code   156  net_arp.o(i.arp_cache_add)
    arp_cache_early                          0x080112f5   Thumb Code   128  net_arp.o(i.arp_cache_early)
    arp_cache_find                           0x0801137d   Thumb Code   148  net_arp.o(i.arp_cache_find)
    arp_cache_update                         0x0801141d   Thumb Code   212  net_arp.o(i.arp_cache_update)
    arp_init                                 0x08011501   Thumb Code    38  net_arp.o(i.arp_init)
    arp_notify                               0x0801156d   Thumb Code    26  net_arp.o(i.arp_notify)
    arp_process                              0x08011609   Thumb Code   276  net_arp.o(i.arp_process)
    chksum16                                 0x08011879   Thumb Code    50  net_common.o(i.chksum16)
    dbg_init                                 0x080118ad   Thumb Code    34  hal_cm.o(i.dbg_init)
    dbg_task_notify                          0x080118dd   Thumb Code    32  hal_cm.o(i.dbg_task_notify)
    dbg_task_switch                          0x080118fd   Thumb Code    16  hal_cm.o(i.dbg_task_switch)
    eth_chk_addr                             0x080119cd   Thumb Code    28  net_eth.o(i.eth_chk_addr)
    eth_init_link                            0x08011a61   Thumb Code   222  net_eth.o(i.eth_init_link)
    eth_link_notify                          0x08011b59   Thumb Code     2  net_eth.o(i.eth_link_notify)
    eth_run_link                             0x08011b71   Thumb Code   210  net_eth.o(i.eth_run_link)
    eth_send_frame                           0x08011c55   Thumb Code   152  net_eth.o(i.eth_send_frame)
    eth_thread                               0x08011cfd   Thumb Code    14  net_eth.o(i.eth_thread)
    get_rnd32                                0x08011d29   Thumb Code    18  net_sys.o(i.get_rnd32)
    icmp_process                             0x08011d45   Thumb Code   210  net_icmp.o(i.icmp_process)
    icmp_service_init                        0x08011ea1   Thumb Code    10  net_icmp.o(i.icmp_service_init)
    icmp_service_run                         0x08011eb1   Thumb Code    58  net_icmp.o(i.icmp_service_run)
    ip4_checksum                             0x08011ef9   Thumb Code    76  net_ip.o(i.ip4_checksum)
    ip_chk_frame                             0x08011f45   Thumb Code   196  net_ip.o(i.ip_chk_frame)
    ip_get_locadr                            0x08012021   Thumb Code    54  net_ip.o(i.ip_get_locadr)
    ip_localhost_init                        0x080120f1   Thumb Code    20  net_ip.o(i.ip_localhost_init)
    ip_localhost_run                         0x0801210d   Thumb Code    86  net_ip.o(i.ip_localhost_run)
    ip_send_frame                            0x0801216d   Thumb Code   312  net_ip.o(i.ip_send_frame)
    ip_tx_offload                            0x080122ad   Thumb Code    40  net_ip.o(i.ip_tx_offload)
    is_subnet                                0x080122dd   Thumb Code    26  net_addr4.o(i.is_subnet)
    is_subnet_bcast                          0x080122f9   Thumb Code    34  net_ip.o(i.is_subnet_bcast)
    isrMessageGet                            0x08012321   Thumb Code    42  rt_cmsis.o(i.isrMessageGet)
    isrMessagePut                            0x0801234b   Thumb Code    44  rt_cmsis.o(i.isrMessagePut)
    isrSemaphoreRelease                      0x08012377   Thumb Code    40  rt_cmsis.o(i.isrSemaphoreRelease)
    isrSignalSet                             0x0801239f   Thumb Code    36  rt_cmsis.o(i.isrSignalSet)
    isr_evt_set                              0x080123c5   Thumb Code    34  rt_event.o(i.isr_evt_set)
    isr_mbx_receive                          0x080123ed   Thumb Code    82  rt_mailbox.o(i.isr_mbx_receive)
    isr_mbx_send                             0x0801243f   Thumb Code    14  rt_mailbox.o(i.isr_mbx_send)
    isr_sem_send                             0x0801244d   Thumb Code    16  rt_semaphore.o(i.isr_sem_send)
    mem_alloc                                0x0801245d   Thumb Code   130  net_mem.o(i.mem_alloc)
    mem_avail                                0x080124e9   Thumb Code    22  net_mem.o(i.mem_avail)
    mem_crc32                                0x08012505   Thumb Code    32  net_common.o(i.mem_crc32)
    mem_free                                 0x08012525   Thumb Code   100  net_mem.o(i.mem_free)
    mem_init                                 0x08012591   Thumb Code    86  net_mem.o(i.mem_init)
    mem_resize                               0x08012605   Thumb Code    50  net_mem.o(i.mem_resize)
    net_initialize                           0x08012649   Thumb Code    58  net_sys.o(i.net_initialize)
    net_main                                 0x08012695   Thumb Code    86  net_sys.o(i.net_main)
    osDelay                                  0x0801270d   Thumb Code    18  rt_cmsis.o(i.osDelay)
    osKernelInitialize                       0x08012725   Thumb Code    30  rt_cmsis.o(i.osKernelInitialize)
    osKernelStart                            0x08012749   Thumb Code    98  rt_cmsis.o(i.osKernelStart)
    osMessageGet                             0x080127b5   Thumb Code    18  rt_cmsis.o(i.osMessageGet)
    osMutexCreate                            0x080127cd   Thumb Code    38  rt_cmsis.o(i.osMutexCreate)
    osMutexRelease                           0x080127fd   Thumb Code    18  rt_cmsis.o(i.osMutexRelease)
    osMutexWait                              0x08012815   Thumb Code    18  rt_cmsis.o(i.osMutexWait)
    osSemaphoreRelease                       0x0801282d   Thumb Code    18  rt_cmsis.o(i.osSemaphoreRelease)
    osSemaphoreWait                          0x08012845   Thumb Code    20  rt_cmsis.o(i.osSemaphoreWait)
    osSignalSet                              0x0801285d   Thumb Code    18  rt_cmsis.o(i.osSignalSet)
    osSignalWait                             0x08012875   Thumb Code    18  rt_cmsis.o(i.osSignalWait)
    osThreadCreate                           0x0801288d   Thumb Code    38  rt_cmsis.o(i.osThreadCreate)
    osThreadExit                             0x080128bd   Thumb Code    14  rt_cmsis.o(i.osThreadExit)
    osThreadTerminate                        0x080128d5   Thumb Code    18  rt_cmsis.o(i.osThreadTerminate)
    osTimerCall                              0x080128ed   Thumb Code     8  rt_cmsis.o(i.osTimerCall)
    osTimerCreate                            0x080128f9   Thumb Code    44  rt_cmsis.o(i.osTimerCreate)
    osTimerStart                             0x0801292d   Thumb Code    18  rt_cmsis.o(i.osTimerStart)
    osTimerThread                            0x08012945   Thumb Code    38  rt_cmsis.o(i.osTimerThread)
    rt_alloc_box                             0x08012971   Thumb Code    26  rt_membox.o(i.rt_alloc_box)
    rt_alloc_mem                             0x0801298b   Thumb Code    62  rt_memory.o(i.rt_alloc_mem)
    rt_block                                 0x080129c9   Thumb Code    48  rt_task.o(i.rt_block)
    rt_chk_robin                             0x08012a01   Thumb Code    60  rt_robin.o(i.rt_chk_robin)
    rt_dec_dly                               0x08012a49   Thumb Code   102  rt_list.o(i.rt_dec_dly)
    rt_dispatch                              0x08012ab9   Thumb Code    60  rt_task.o(i.rt_dispatch)
    rt_dly_wait                              0x08012afd   Thumb Code     6  rt_time.o(i.rt_dly_wait)
    rt_evt_psh                               0x08012b05   Thumb Code    76  rt_event.o(i.rt_evt_psh)
    rt_evt_set                               0x08012b55   Thumb Code    88  rt_event.o(i.rt_evt_set)
    rt_evt_wait                              0x08012bb1   Thumb Code    56  rt_event.o(i.rt_evt_wait)
    rt_free_box                              0x08012bed   Thumb Code    32  rt_membox.o(i.rt_free_box)
    rt_free_mem                              0x08012c0d   Thumb Code    40  rt_memory.o(i.rt_free_mem)
    rt_get_first                             0x08012c35   Thumb Code    40  rt_list.o(i.rt_get_first)
    rt_init_mem                              0x08012cad   Thumb Code    26  rt_memory.o(i.rt_init_mem)
    rt_init_robin                            0x08012cc9   Thumb Code    14  rt_robin.o(i.rt_init_robin)
    rt_init_stack                            0x08012ce1   Thumb Code   118  hal_cm.o(i.rt_init_stack)
    rt_mbx_check                             0x08012d61   Thumb Code     8  rt_mailbox.o(i.rt_mbx_check)
    rt_mbx_init                              0x08012d69   Thumb Code    26  rt_mailbox.o(i.rt_mbx_init)
    rt_mbx_psh                               0x08012d85   Thumb Code   236  rt_mailbox.o(i.rt_mbx_psh)
    rt_mbx_wait                              0x08012e75   Thumb Code   174  rt_mailbox.o(i.rt_mbx_wait)
    rt_mut_init                              0x08012f65   Thumb Code    16  rt_mutex.o(i.rt_mut_init)
    rt_mut_release                           0x08012f75   Thumb Code   208  rt_mutex.o(i.rt_mut_release)
    rt_mut_wait                              0x0801304d   Thumb Code   100  rt_mutex.o(i.rt_mut_wait)
    rt_pop_req                               0x080130b5   Thumb Code   112  rt_system.o(i.rt_pop_req)
    rt_psh_req                               0x08013131   Thumb Code    22  rt_system.o(i.rt_psh_req)
    rt_psq_enq                               0x08013151   Thumb Code    88  rt_list.o(i.rt_psq_enq)
    rt_put_dly                               0x080131ad   Thumb Code    68  rt_list.o(i.rt_put_dly)
    rt_put_prio                              0x080131f5   Thumb Code    54  rt_list.o(i.rt_put_prio)
    rt_put_rdy_first                         0x0801322d   Thumb Code    14  rt_list.o(i.rt_put_rdy_first)
    rt_resort_prio                           0x08013241   Thumb Code    46  rt_list.o(i.rt_resort_prio)
    rt_ret_val                               0x08013285   Thumb Code    12  hal_cm.o(i.rt_ret_val)
    rt_ret_val2                              0x08013291   Thumb Code    16  hal_cm.o(i.rt_ret_val2)
    rt_rmv_dly                               0x080132a1   Thumb Code    40  rt_list.o(i.rt_rmv_dly)
    rt_rmv_list                              0x080132c9   Thumb Code    44  rt_list.o(i.rt_rmv_list)
    rt_sem_psh                               0x080132f9   Thumb Code    48  rt_semaphore.o(i.rt_sem_psh)
    rt_sem_send                              0x0801332d   Thumb Code    42  rt_semaphore.o(i.rt_sem_send)
    rt_sem_wait                              0x08013359   Thumb Code    58  rt_semaphore.o(i.rt_sem_wait)
    rt_stk_check                             0x08013399   Thumb Code    28  rt_system.o(i.rt_stk_check)
    rt_switch_req                            0x080133bd   Thumb Code    30  rt_task.o(i.rt_switch_req)
    rt_sys_init                              0x080133e5   Thumb Code   138  rt_task.o(i.rt_sys_init)
    rt_sys_start                             0x080134b1   Thumb Code   110  rt_task.o(i.rt_sys_start)
    rt_systick                               0x08013529   Thumb Code    50  rt_system.o(i.rt_systick)
    rt_tsk_create                            0x080135ed   Thumb Code   112  rt_task.o(i.rt_tsk_create)
    rt_tsk_delete                            0x0801366d   Thumb Code   342  rt_task.o(i.rt_tsk_delete)
    rt_tsk_prio                              0x080137e1   Thumb Code   108  rt_task.o(i.rt_tsk_prio)
    rt_tsk_self                              0x0801385d   Thumb Code    12  rt_task.o(i.rt_tsk_self)
    svcDelay                                 0x0801386d   Thumb Code    20  rt_cmsis.o(i.svcDelay)
    svcKernelInitialize                      0x08013881   Thumb Code    80  rt_cmsis.o(i.svcKernelInitialize)
    svcKernelStart                           0x080138f1   Thumb Code    62  rt_cmsis.o(i.svcKernelStart)
    svcMessageCreate                         0x08013939   Thumb Code    36  rt_cmsis.o(i.svcMessageCreate)
    svcMessageGet                            0x0801395d   Thumb Code    58  rt_cmsis.o(i.svcMessageGet)
    svcMutexCreate                           0x08013997   Thumb Code    28  rt_cmsis.o(i.svcMutexCreate)
    svcMutexRelease                          0x080139b3   Thumb Code    34  rt_cmsis.o(i.svcMutexRelease)
    svcMutexWait                             0x080139d5   Thumb Code    54  rt_cmsis.o(i.svcMutexWait)
    svcSemaphoreRelease                      0x08013a0b   Thumb Code    40  rt_cmsis.o(i.svcSemaphoreRelease)
    svcSemaphoreWait                         0x08013a33   Thumb Code    50  rt_cmsis.o(i.svcSemaphoreWait)
    svcSignalSet                             0x08013a65   Thumb Code    36  rt_cmsis.o(i.svcSignalSet)
    svcSignalWait                            0x08013a89   Thumb Code    80  rt_cmsis.o(i.svcSignalWait)
    svcThreadCreate                          0x08013add   Thumb Code   100  rt_cmsis.o(i.svcThreadCreate)
    svcThreadGetId                           0x08013b4d   Thumb Code    22  rt_cmsis.o(i.svcThreadGetId)
    svcThreadTerminate                       0x08013b69   Thumb Code    50  rt_cmsis.o(i.svcThreadTerminate)
    svcTimerCall                             0x08013ba1   Thumb Code    24  rt_cmsis.o(i.svcTimerCall)
    svcTimerCreate                           0x08013bb9   Thumb Code    52  rt_cmsis.o(i.svcTimerCreate)
    svcTimerStart                            0x08013bf1   Thumb Code    96  rt_cmsis.o(i.svcTimerStart)
    sysTimerTick                             0x08013c55   Thumb Code    84  rt_cmsis.o(i.sysTimerTick)
    tcp_check_send                           0x08013cb1   Thumb Code    54  net_tcp.o(i.tcp_check_send)
    tcp_get_buf                              0x08013ced   Thumb Code    30  net_tcp.o(i.tcp_get_buf)
    tcp_get_socket                           0x08013d0d   Thumb Code    76  net_tcp.o(i.tcp_get_socket)
    tcp_listen                               0x08013d5d   Thumb Code   102  net_tcp.o(i.tcp_listen)
    tcp_max_data_size                        0x08013e45   Thumb Code    30  net_tcp.o(i.tcp_max_data_size)
    tcp_process                              0x08013fe1   Thumb Code  1178  net_tcp.o(i.tcp_process)
    tcp_send                                 0x08014545   Thumb Code   214  net_tcp.o(i.tcp_send)
    tcp_socket_init                          0x0801475d   Thumb Code    16  net_tcp.o(i.tcp_socket_init)
    tcp_socket_poll                          0x08014771   Thumb Code   634  net_tcp.o(i.tcp_socket_poll)
    os_thread_def_Thread                     0x08014b04   Data          16  tcpthread.o(.constdata)
    os_maxtaskrun                            0x08014b14   Data           2  rtx_conf_cm.o(.constdata)
    os_stackinfo                             0x08014b18   Data           4  rtx_conf_cm.o(.constdata)
    os_rrobin                                0x08014b1c   Data           4  rtx_conf_cm.o(.constdata)
    os_tickfreq                              0x08014b20   Data           4  rtx_conf_cm.o(.constdata)
    os_tickus_i                              0x08014b24   Data           2  rtx_conf_cm.o(.constdata)
    os_tickus_f                              0x08014b26   Data           2  rtx_conf_cm.o(.constdata)
    os_trv                                   0x08014b28   Data           4  rtx_conf_cm.o(.constdata)
    os_flags                                 0x08014b2c   Data           1  rtx_conf_cm.o(.constdata)
    CMSIS_RTOS_API_Version                   0x08014b30   Data           4  rtx_conf_cm.o(.constdata)
    CMSIS_RTOS_RTX_Version                   0x08014b34   Data           4  rtx_conf_cm.o(.constdata)
    os_clockrate                             0x08014b38   Data           4  rtx_conf_cm.o(.constdata)
    os_timernum                              0x08014b3c   Data           4  rtx_conf_cm.o(.constdata)
    mp_tcb_size                              0x08014b40   Data           2  rtx_conf_cm.o(.constdata)
    mp_stk_size                              0x08014b44   Data           4  rtx_conf_cm.o(.constdata)
    os_stack_sz                              0x08014b48   Data           4  rtx_conf_cm.o(.constdata)
    os_fifo_size                             0x08014b4c   Data           1  rtx_conf_cm.o(.constdata)
    os_thread_def_osTimerThread              0x08014b50   Data          16  rtx_conf_cm.o(.constdata)
    os_messageQ_def_osTimerMessageQ          0x08014b60   Data           8  rtx_conf_cm.o(.constdata)
    mp_tmr_size                              0x08014b68   Data           2  rtx_conf_cm.o(.constdata)
    Driver_ETH_PHY0                          0x08014b70   Data          32  phy_lan8720.o(.constdata)
    Driver_ETH_MAC0                          0x08014be0   Data          68  emac_stm32f4xx.o(.constdata)
    Driver_USART6                            0x08014c6c   Data          56  usart_stm32f4xx.o(.constdata)
    Driver_USBD0                             0x08014cac   Data          72  usbd_fs_stm32f4xx.o(.constdata)
    APBAHBPrescTable                         0x08014cf4   Data          16  stm32f4xx_hal_rcc.o(.constdata)
    nlocalm                                  0x08014d04   Data          60  net_config.o(.constdata)
    sys_config                               0x08014d40   Data          16  net_config.o(.constdata)
    eth0_config                              0x08014d50   Data          40  net_config.o(.constdata)
    tcp_config                               0x08014d78   Data          24  net_config.o(.constdata)
    os_thread_def_USBD0_CoreThread           0x08014d90   Data          16  usbd_config_0.o(.constdata)
    usbd0_dev                                0x08014da0   Data          24  usbd_config_0.o(.constdata)
    os_semaphore_def_usbd0_driver_semaphore_def 0x08014db8   Data           4  usbd_config_0.o(.constdata)
    usbd_driver_semaphore_def_ptr            0x08014dbc   Data           4  usbd_config_0.o(.constdata)
    usbd_dev_num                             0x08014dc0   Data           1  usbd_config_0.o(.constdata)
    usbd_dev_ptr                             0x08014dc4   Data           4  usbd_config_0.o(.constdata)
    os_thread_def_USBD_CDC0_Int_Thread       0x08014dc8   Data          16  usbd_config_0.o(.constdata)
    os_thread_def_USBD_CDC0_Bulk_Thread      0x08014dd8   Data          16  usbd_config_0.o(.constdata)
    usbd_cdc_int_thread_def_ptr              0x08014de8   Data           4  usbd_config_0.o(.constdata)
    usbd_cdc_bulk_thread_def_ptr             0x08014dec   Data           4  usbd_config_0.o(.constdata)
    usbd_cdc_num                             0x08014df0   Data           1  usbd_config_0.o(.constdata)
    usbd_cdc                                 0x08014df4   Data          36  usbd_config_0.o(.constdata)
    usbd_cdc_ptr                             0x08014e18   Data           4  usbd_config_0.o(.constdata)
    usbd_ep_max_num                          0x08014e1c   Data           1  usbd_config_0.o(.constdata)
    usbd_core_thread_def_ptr                 0x08014e20   Data           4  usbd_config_0.o(.constdata)
    usbd_cb_device_event_ptr                 0x08014e24   Data           4  usbd_config_0.o(.constdata)
    usbd_cb_endpoint_event_ptr               0x08014e28   Data           4  usbd_config_0.o(.constdata)
    USBD_CDC_ACM_Initialize                  0x08014e2c   Data           4  usbd_config_0.o(.constdata)
    USBD_CDC_ACM_Uninitialize                0x08014e30   Data           4  usbd_config_0.o(.constdata)
    USBD_CDC_ACM_Reset                       0x08014e34   Data           4  usbd_config_0.o(.constdata)
    USBD_CDC_ACM_SetLineCoding               0x08014e38   Data           4  usbd_config_0.o(.constdata)
    USBD_CDC_ACM_GetLineCoding               0x08014e3c   Data           4  usbd_config_0.o(.constdata)
    USBD_CDC_ACM_SetControlLineState         0x08014e40   Data           4  usbd_config_0.o(.constdata)
    USBD_CDC_ACM_DataReceived                0x08014e44   Data           4  usbd_config_0.o(.constdata)
    USBD_CDC_ACM_DataSent                    0x08014e48   Data           4  usbd_config_0.o(.constdata)
    USBD_Device_Initialize                   0x08014e4c   Data           4  usbd_config_0.o(.constdata)
    USBD_Device_Uninitialize                 0x08014e50   Data           4  usbd_config_0.o(.constdata)
    USBD_Device_EventReset                   0x08014e54   Data           4  usbd_config_0.o(.constdata)
    USBD_Device_Endpoint0_SetupPacketReceived 0x08014e58   Data           4  usbd_config_0.o(.constdata)
    USBD_Device_Endpoint0_SetupPacketProcessed 0x08014e5c   Data           4  usbd_config_0.o(.constdata)
    USBD_Device_Endpoint0_OutDataReceived    0x08014e60   Data           4  usbd_config_0.o(.constdata)
    USBD_Device_Endpoint0_InDataSent         0x08014e64   Data           4  usbd_config_0.o(.constdata)
    usbd0_ep0_descriptor                     0x08014e68   Data           7  usbd_config_0.o(.constdata)
    usbd0_device_descriptor                  0x08014e6f   Data          18  usbd_config_0.o(.constdata)
    usbd0_config_descriptor_fs               0x08014e81   Data          76  usbd_config_0.o(.constdata)
    usbd0_device_qualifier_fs                0x08014ecd   Data           1  usbd_config_0.o(.constdata)
    usbd0_device_qualifier_hs                0x08014ece   Data           1  usbd_config_0.o(.constdata)
    usbd0_config_descriptor_hs               0x08014ecf   Data           1  usbd_config_0.o(.constdata)
    usbd0_other_speed_config_descriptor_fs   0x08014ed0   Data           1  usbd_config_0.o(.constdata)
    usbd0_other_speed_config_descriptor_hs   0x08014ed1   Data           1  usbd_config_0.o(.constdata)
    usbd0_string_descriptor                  0x08014ed2   Data         146  usbd_config_0.o(.constdata)
    eth_bcast                                0x08014f64   Data           6  net_eth.o(.constdata)
    os_thread_def_eth_thread                 0x08014f70   Data          16  net_eth.o(.constdata)
    ip_bcast                                 0x08014f80   Data           4  net_ip.o(.constdata)
    os_timer_def_net_tick                    0x08014f88   Data           8  net_sys.o(.constdata)
    os_mutex_def_mem_lock                    0x08014f90   Data           4  net_mem.o(.constdata)
    net_addr_null                            0x08014f94   Data           8  net_addr4.o(.constdata)
    Region$$Table$$Base                      0x0801500c   Number         0  anon$$obj.o(Region$$Table)
    Region$$Table$$Limit                     0x0801502c   Number         0  anon$$obj.o(Region$$Table)
    startLerp                                0x20000000   Data           1  dacmodule.o(.data)
    bUpdate                                  0x20000001   Data           1  dacmodule.o(.data)
    bCNCinit                                 0x20000002   Data           1  dacmodule.o(.data)
    x0                                       0x20000004   Data           2  dacmodule.o(.data)
    y0                                       0x20000006   Data           2  dacmodule.o(.data)
    dx0                                      0x20000008   Data           2  dacmodule.o(.data)
    dy0                                      0x2000000a   Data           2  dacmodule.o(.data)
    period0                                  0x2000000c   Data           2  dacmodule.o(.data)
    x1                                       0x2000000e   Data           2  dacmodule.o(.data)
    y1                                       0x20000010   Data           2  dacmodule.o(.data)
    dx1                                      0x20000012   Data           2  dacmodule.o(.data)
    dy1                                      0x20000014   Data           2  dacmodule.o(.data)
    period1                                  0x20000016   Data           2  dacmodule.o(.data)
    cnt                                      0x20000018   Data           2  dacmodule.o(.data)
    tim_state                                0x2000001a   Data           1  dacmodule.o(.data)
    updateTimState                           0x2000001b   Data           1  dacmodule.o(.data)
    tcp_socket                               0x2000001c   Data           4  tcpthread.o(.data)
    tcp_socket_cmd                           0x20000020   Data           4  tcpthread.o(.data)
    startFirst                               0x20000024   Data           1  tcpthread.o(.data)
    pck_head                                 0x20000025   Data           1  tcpthread.o(.data)
    pck_received                             0x20000026   Data           1  tcpthread.o(.data)
    pck_len                                  0x20000028   Data           2  tcpthread.o(.data)
    pck_size                                 0x2000002a   Data           2  tcpthread.o(.data)
    pck_rest_size                            0x2000002c   Data           2  tcpthread.o(.data)
    tid_TCPThread                            0x20000030   Data           4  tcpthread.o(.data)
    osThreadId_osTimerThread                 0x20000034   Data           4  rtx_conf_cm.o(.data)
    osMessageQId_osTimerMessageQ             0x20000038   Data           4  rtx_conf_cm.o(.data)
    os_tmr                                   0x2000003c   Data           4  rtx_conf_cm.o(.data)
    m_tmr                                    0x20000040   Data           4  rtx_conf_cm.o(.data)
    os_thread_def_main                       0x20000044   Data          16  rtx_conf_cm.o(.data)
    otg_fs_role                              0x2000005f   Data           1  otg_fs_stm32f4xx.o(.data)
    otg_fs_state                             0x20000060   Data           1  otg_fs_stm32f4xx.o(.data)
    SystemCoreClock                          0x20000084   Data           4  system_stm32f4xx.o(.data)
    AHBPrescTable                            0x20000088   Data          16  system_stm32f4xx.o(.data)
    lhost_name                               0x20000098   Data          16  net_config.o(.data)
    usbd0_alt_setting                        0x200000b0   Data           2  usbd_config_0.o(.data)
    usbd0_ep0_buf                            0x200000b4   Data           8  usbd_config_0.o(.data)
    usbd_core_thread_id                      0x200000bc   Data           4  usbd_config_0.o(.data)
    usbd_driver_semaphore_id                 0x200000c0   Data           4  usbd_config_0.o(.data)
    os_semaphore_cb_usbd0_driver_semaphore_def 0x200000c4   Data           8  usbd_config_0.o(.data)
    usbd_cdc_int_thread_id                   0x200000cc   Data           4  usbd_config_0.o(.data)
    usbd_cdc_bulk_thread_id                  0x200000d0   Data           4  usbd_config_0.o(.data)
    usbd_ep_thread_id_ptr                    0x200000d4   Data          12  usbd_config_0.o(.data)
    usbd_drv_version                         0x200000e0   Data           4  usbd_config_0.o(.data)
    usbd_capabilities                        0x200000e4   Data           4  usbd_config_0.o(.data)
    usbd0_desc                               0x200000e8   Data          36  usbd_config_0.o(.data)
    usbd_desc_ptr                            0x2000010c   Data           4  usbd_config_0.o(.data)
    os_initialized                           0x20000110   Data           1  rt_cmsis.o(.data)
    os_running                               0x20000111   Data           1  rt_cmsis.o(.data)
    os_timer_head                            0x20000114   Data           4  rt_cmsis.o(.data)
    os_tsk                                   0x20000154   Data           8  rt_task.o(.data)
    os_tick_irqn                             0x20000160   Data           4  rt_system.o(.data)
    os_time                                  0x20000164   Data           4  rt_time.o(.data)
    dbg_msg                                  0x20000168   Data           1  hal_cm.o(.data)
    os_robin                                 0x2000016c   Data           8  rt_robin.o(.data)
    dacfifo                                  0x20000174   Data       32768  dacfifo.o(.bss)
    g_hDAC                                   0x20008174   Data          20  dacmodule.o(.bss)
    g_hTIMDAC                                0x20008188   Data          60  dacmodule.o(.bss)
    DACLerp                                  0x200081c4   Data          28  dacmodule.o(.bss)
    CNCLerp                                  0x200081e0   Data          10  dacmodule.o(.bss)
    DACFastLerp                              0x200081ea   Data          16  dacmodule.o(.bss)
    fifo                                     0x200081fa   Data          10  tcpthread.o(.bss)
    mp_tcb                                   0x20008208   Data         480  rtx_conf_cm.o(.bss)
    mp_stk                                   0x200083e8   Data        6160  rtx_conf_cm.o(.bss)
    os_stack_mem                             0x20009bf8   Data       10800  rtx_conf_cm.o(.bss)
    os_fifo                                  0x2000c628   Data          36  rtx_conf_cm.o(.bss)
    os_active_TCB                            0x2000c64c   Data          36  rtx_conf_cm.o(.bss)
    os_messageQ_q_osTimerMessageQ            0x2000c670   Data          32  rtx_conf_cm.o(.bss)
    usbd0_data                               0x2001a9d8   Data          52  usbd_config_0.o(.bss)
    usbd_cdc0_acm_send_buf                   0x2001aa0c   Data        1024  usbd_config_0.o(.bss)
    usbd_cdc0_acm_receive_buf                0x2001ae0c   Data        1024  usbd_config_0.o(.bss)
    usbd_cdc0_acm_notify_buf                 0x2001b20c   Data          10  usbd_config_0.o(.bss)
    usbd_cdc_data                            0x2001b218   Data          48  usbd_config_0.o(.bss)
    eth_control                              0x2001b248   Data         136  net_eth.o(.bss)
    localm                                   0x2001b2ec   Data          60  net_sys.o(.bss)
    sys_control                              0x2001b328   Data          24  net_sys.o(.bss)
    os_timer_cb_net_tick                     0x2001b340   Data          24  net_sys.o(.bss)
    os_idle_TCB                              0x2001b358   Data          52  rt_task.o(.bss)
    os_rdy                                   0x2001b38c   Data          24  rt_list.o(.bss)
    os_dly                                   0x2001b3a4   Data          24  rt_list.o(.bss)
    __initial_sp                             0x2001b7e0   Data           0  startup_stm32f407xx.o(STACK)



==============================================================================

Memory Map of the image

  Image Entry point : 0x08000189

  Load Region LR_IROM1 (Base: 0x08000000, Size: 0x000151a0, Max: 0x00100000, ABSOLUTE, COMPRESSED[0x000150ac])

    Execution Region ER_IROM1 (Base: 0x08000000, Size: 0x0001502c, Max: 0x00100000, ABSOLUTE)

    Base Addr    Size         Type   Attr      Idx    E Section Name        Object

    0x08000000   0x00000188   Data   RO         1090    RESET               startup_stm32f407xx.o
    0x08000188   0x00000000   Code   RO         2926  * .ARM.Collect$$$$00000000  mc_w.l(entry.o)
    0x08000188   0x00000004   Code   RO         3204    .ARM.Collect$$$$00000001  mc_w.l(entry2.o)
    0x0800018c   0x00000004   Code   RO         3207    .ARM.Collect$$$$00000004  mc_w.l(entry5.o)
    0x08000190   0x00000000   Code   RO         3209    .ARM.Collect$$$$00000008  mc_w.l(entry7b.o)
    0x08000190   0x00000000   Code   RO         3211    .ARM.Collect$$$$0000000A  mc_w.l(entry8b.o)
    0x08000190   0x00000000   Code   RO         3212    .ARM.Collect$$$$0000000D  mc_w.l(entry10a.o)
    0x08000190   0x00000000   Code   RO         3214    .ARM.Collect$$$$0000000F  mc_w.l(entry11a.o)
    0x08000190   0x00000018   Code   RO          511    .ARM.Collect$$$$000000FF  rtx_conf_cm.o
    0x080001a8   0x00000004   Code   RO         3205    .ARM.Collect$$$$00002712  mc_w.l(entry2.o)
    0x080001ac   0x00000180   Code   RO         2913    .emb_text           RTX_CM4.lib(hal_cm4.o)
    0x0800032c   0x0000002c   Code   RO            4    .text               stm32f4xx_it.o
    0x08000358   0x00000160   Code   RO          108    .text               main.o
    0x080004b8   0x00000014   Code   RO          204    .text               stm32f4xx_hal_msp.o
    0x080004cc   0x000001a8   Code   RO          234    .text               dacfifo.o
    0x08000674   0x0000008c   Code   RO          294    .text               gpiomodule.o
    0x08000700   0x0000047c   Code   RO          350    .text               dacmodule.o
    0x08000b7c   0x00000018   Code   RO          389    .text               usbd_user_cdc_0.o
    0x08000b94   0x000002d0   Code   RO          404    .text               tcpthread.o
    0x08000e64   0x00000224   Code   RO          434    .text               cnclerp.o
    0x08001088   0x00000034   Code   RO          512    .text               rtx_conf_cm.o
    0x080010bc   0x000001ac   Code   RO          540    .text               phy_lan8720.o
    0x08001268   0x00000aa0   Code   RO          567    .text               emac_stm32f4xx.o
    0x08001d08   0x000003a4   Code   RO          618    .text               otg_fs_stm32f4xx.o
    0x080020ac   0x000014b8   Code   RO          657    .text               usart_stm32f4xx.o
    0x08003564   0x000013b8   Code   RO          692    .text               usbd_fs_stm32f4xx.o
    0x0800491c   0x000001a0   Code   RO          722    .text               stm32f4xx_hal.o
    0x08004abc   0x000002c4   Code   RO          748    .text               stm32f4xx_hal_cortex.o
    0x08004d80   0x000003b0   Code   RO          776    .text               stm32f4xx_hal_dac.o
    0x08005130   0x000000fe   Code   RO          800    .text               stm32f4xx_hal_dac_ex.o
    0x0800522e   0x00000002   PAD
    0x08005230   0x00005ef4   Code   RO          824    .text               stm32f4xx_hal_dma.o
    0x0800b124   0x000003c0   Code   RO          872    .text               stm32f4xx_hal_gpio.o
    0x0800b4e4   0x00000aac   Code   RO          944    .text               stm32f4xx_hal_rcc.o
    0x0800bf90   0x00002800   Code   RO          995    .text               stm32f4xx_hal_tim.o
    0x0800e790   0x00000d88   Code   RO         1019    .text               stm32f4xx_hal_tim_ex.o
    0x0800f518   0x00000024   Code   RO         1091    .text               startup_stm32f407xx.o
    0x0800f53c   0x00000120   Code   RO         1098    .text               system_stm32f4xx.o
    0x0800f65c   0x00000118   Code   RO         1125    .text               net_config.o
    0x0800f774   0x00000164   Code   RO         1161    .text               usbd_config_0.o
    0x0800f8d8   0x00000062   Code   RO         2929    .text               mc_w.l(uldiv.o)
    0x0800f93a   0x00000024   Code   RO         2931    .text               mc_w.l(memcpya.o)
    0x0800f95e   0x00000024   Code   RO         2933    .text               mc_w.l(memseta.o)
    0x0800f982   0x0000000e   Code   RO         2935    .text               mc_w.l(strlen.o)
    0x0800f990   0x0000001e   Code   RO         3221    .text               mc_w.l(llshl.o)
    0x0800f9ae   0x00000020   Code   RO         3223    .text               mc_w.l(llushr.o)
    0x0800f9ce   0x00000002   PAD
    0x0800f9d0   0x00000024   Code   RO         3242    .text               mc_w.l(init.o)
    0x0800f9f4   0x00000056   Code   RO         3264    .text               mc_w.l(__dczerorl2.o)
    0x0800fa4a   0x00000002   PAD
    0x0800fa4c   0x00000004   Code   RO         2923    SVC_TABLE           RTX_CM4.lib(svc_table.o)
    0x0800fa50   0x00000006   Code   RO         2052    i.USBD0_CoreThread  USB_CM3_L.lib(usbd_core.o)
    0x0800fa56   0x00000006   Code   RO         2170    i.USBD_CDC0_Bulk_Thread  USB_CM3_L.lib(usbd_cdc.o)
    0x0800fa5c   0x00000006   Code   RO         2171    i.USBD_CDC0_Int_Thread  USB_CM3_L.lib(usbd_cdc.o)
    0x0800fa62   0x00000004   Code   RO         2178    i.USBD_CDC_ACM_CoreClearCommFeature  USB_CM3_L.lib(usbd_cdc.o)
    0x0800fa66   0x00000004   Code   RO         2179    i.USBD_CDC_ACM_CoreGetCommFeature  USB_CM3_L.lib(usbd_cdc.o)
    0x0800fa6a   0x00000004   Code   RO         2180    i.USBD_CDC_ACM_CoreGetEncapsulatedResponse  USB_CM3_L.lib(usbd_cdc.o)
    0x0800fa6e   0x00000002   PAD
    0x0800fa70   0x00000074   Code   RO         2181    i.USBD_CDC_ACM_CoreGetLineCoding  USB_CM3_L.lib(usbd_cdc.o)
    0x0800fae4   0x00000080   Code   RO         2182    i.USBD_CDC_ACM_CoreReset  USB_CM3_L.lib(usbd_cdc.o)
    0x0800fb64   0x00000004   Code   RO         2183    i.USBD_CDC_ACM_CoreSendBreak  USB_CM3_L.lib(usbd_cdc.o)
    0x0800fb68   0x00000004   Code   RO         2184    i.USBD_CDC_ACM_CoreSendEncapsulatedCommand  USB_CM3_L.lib(usbd_cdc.o)
    0x0800fb6c   0x00000004   Code   RO         2185    i.USBD_CDC_ACM_CoreSetCommFeature  USB_CM3_L.lib(usbd_cdc.o)
    0x0800fb70   0x00000038   Code   RO         2186    i.USBD_CDC_ACM_CoreSetControlLineState  USB_CM3_L.lib(usbd_cdc.o)
    0x0800fba8   0x00000064   Code   RO         2187    i.USBD_CDC_ACM_CoreSetLineCoding  USB_CM3_L.lib(usbd_cdc.o)
    0x0800fc0c   0x000000a8   Code   RO         2193    i.USBD_CDC_ACM_WriteData  USB_CM3_L.lib(usbd_cdc.o)
    0x0800fcb4   0x0000002a   Code   RO         2194    i.USBD_CDC_Bulk_Thread  USB_CM3_L.lib(usbd_cdc.o)
    0x0800fcde   0x00000002   PAD
    0x0800fce0   0x0000003c   Code   RO         2195    i.USBD_CDC_CheckInstance  USB_CM3_L.lib(usbd_cdc.o)
    0x0800fd1c   0x00000068   Code   RO         2196    i.USBD_CDC_ClassInitialize  USB_CM3_L.lib(usbd_cdc.o)
    0x0800fd84   0x00000050   Code   RO         2197    i.USBD_CDC_ClassUninitialize  USB_CM3_L.lib(usbd_cdc.o)
    0x0800fdd4   0x00000058   Code   RO         2198    i.USBD_CDC_EventEndpointStart  USB_CM3_L.lib(usbd_cdc.o)
    0x0800fe2c   0x000000f0   Code   RO         2199    i.USBD_CDC_EventEpBulkIn  USB_CM3_L.lib(usbd_cdc.o)
    0x0800ff1c   0x000000c0   Code   RO         2200    i.USBD_CDC_EventEpBulkOut  USB_CM3_L.lib(usbd_cdc.o)
    0x0800ffdc   0x00000038   Code   RO         2201    i.USBD_CDC_EventReset  USB_CM3_L.lib(usbd_cdc.o)
    0x08010014   0x00000030   Code   RO         2202    i.USBD_CDC_Int_Thread  USB_CM3_L.lib(usbd_cdc.o)
    0x08010044   0x0000002c   Code   RO         2056    i.USBD_CheckDevice  USB_CM3_L.lib(usbd_core.o)
    0x08010070   0x00000062   Code   RO         2059    i.USBD_Core         USB_CM3_L.lib(usbd_core.o)
    0x080100d2   0x00000002   PAD
    0x080100d4   0x0000008c   Code   RO         2060    i.USBD_CoreThread   USB_CM3_L.lib(usbd_core.o)
    0x08010160   0x00000054   Code   RO         2061    i.USBD_DataInStage  USB_CM3_L.lib(usbd_core.o)
    0x080101b4   0x0000002c   Code   RO         2062    i.USBD_DataOutStage  USB_CM3_L.lib(usbd_core.o)
    0x080101e0   0x00000044   Code   RO         2068    i.USBD_DriverDeviceSetAddress  USB_CM3_L.lib(usbd_core.o)
    0x08010224   0x0000007c   Code   RO         2069    i.USBD_DriverEndpointConfigure  USB_CM3_L.lib(usbd_core.o)
    0x080102a0   0x00000078   Code   RO         2070    i.USBD_DriverEndpointStall  USB_CM3_L.lib(usbd_core.o)
    0x08010318   0x0000009c   Code   RO         2071    i.USBD_DriverEndpointTransfer  USB_CM3_L.lib(usbd_core.o)
    0x080103b4   0x00000078   Code   RO         2072    i.USBD_DriverEndpointTransferAbort  USB_CM3_L.lib(usbd_core.o)
    0x0801042c   0x0000003c   Code   RO         2073    i.USBD_DriverEndpointTransferGetResult  USB_CM3_L.lib(usbd_core.o)
    0x08010468   0x00000074   Code   RO         2074    i.USBD_DriverEndpointUnconfigure  USB_CM3_L.lib(usbd_core.o)
    0x080104dc   0x00000044   Code   RO         2080    i.USBD_DriverReadSetupPacket  USB_CM3_L.lib(usbd_core.o)
    0x08010520   0x00000254   Code   RO         2082    i.USBD_Endpoint0    USB_CM3_L.lib(usbd_core.o)
    0x08010774   0x00000088   Code   RO         2882    i.USBD_Endpoint0_Out_CDC_ReqToIF  USB_CM3_L.lib(usbd_core_cdc.o)
    0x080107fc   0x000000e4   Code   RO         2883    i.USBD_Endpoint0_Setup_CDC_ReqToIF  USB_CM3_L.lib(usbd_core_cdc.o)
    0x080108e0   0x00000060   Code   RO         2086    i.USBD_EndpointStall  USB_CM3_L.lib(usbd_core.o)
    0x08010940   0x00000024   Code   RO         2090    i.USBD_ReqGetConfiguration  USB_CM3_L.lib(usbd_core.o)
    0x08010964   0x0000013c   Code   RO         2091    i.USBD_ReqGetDescriptor  USB_CM3_L.lib(usbd_core.o)
    0x08010aa0   0x00000034   Code   RO         2092    i.USBD_ReqGetInterface  USB_CM3_L.lib(usbd_core.o)
    0x08010ad4   0x0000007c   Code   RO         2093    i.USBD_ReqGetStatus  USB_CM3_L.lib(usbd_core.o)
    0x08010b50   0x00000028   Code   RO         2094    i.USBD_ReqSetAddress  USB_CM3_L.lib(usbd_core.o)
    0x08010b78   0x000000ec   Code   RO         2095    i.USBD_ReqSetClrFeature  USB_CM3_L.lib(usbd_core.o)
    0x08010c64   0x00000228   Code   RO         2096    i.USBD_ReqSetConfiguration  USB_CM3_L.lib(usbd_core.o)
    0x08010e8c   0x00000184   Code   RO         2097    i.USBD_ReqSetInterface  USB_CM3_L.lib(usbd_core.o)
    0x08011010   0x00000068   Code   RO         2098    i.USBD_ResetCore    USB_CM3_L.lib(usbd_core.o)
    0x08011078   0x00000018   Code   RO         2099    i.USBD_SetupStage   USB_CM3_L.lib(usbd_core.o)
    0x08011090   0x00000010   Code   RO         2100    i.USBD_SignalDeviceEvent  USB_CM3_L.lib(usbd_core.o)
    0x080110a0   0x0000004c   Code   RO         2101    i.USBD_SignalEndpointEvent  USB_CM3_L.lib(usbd_core.o)
    0x080110ec   0x0000000c   Code   RO         2102    i.USBD_StatusInStage  USB_CM3_L.lib(usbd_core.o)
    0x080110f8   0x00000012   Code   RO         2103    i.USBD_StatusInStageDone  USB_CM3_L.lib(usbd_core.o)
    0x0801110a   0x0000000c   Code   RO         2104    i.USBD_StatusOutStage  USB_CM3_L.lib(usbd_core.o)
    0x08011116   0x00000002   PAD
    0x08011118   0x00000034   Code   RO         2105    i.USBD_StatusOutStageDone  USB_CM3_L.lib(usbd_core.o)
    0x0801114c   0x00000018   Code   RO         2106    i.USBD_SwitchToHighSpeedCore  USB_CM3_L.lib(usbd_core.o)
    0x08011164   0x0000000e   Code   RO         3258    i.__scatterload_copy  mc_w.l(handlers.o)
    0x08011172   0x00000002   Code   RO         3259    i.__scatterload_null  mc_w.l(handlers.o)
    0x08011174   0x0000000e   Code   RO         3260    i.__scatterload_zeroinit  mc_w.l(handlers.o)
    0x08011182   0x00000046   Code   RO         2689    i._init_box         RTX_CM4.lib(rt_membox.o)
    0x080111c8   0x000000a4   Code   RO         1868    i.arp_cache_add     Net_CM3_L.lib(net_arp.o)
    0x0801126c   0x00000088   Code   RO         1869    i.arp_cache_alloc   Net_CM3_L.lib(net_arp.o)
    0x080112f4   0x00000088   Code   RO         1870    i.arp_cache_early   Net_CM3_L.lib(net_arp.o)
    0x0801137c   0x000000a0   Code   RO         1871    i.arp_cache_find    Net_CM3_L.lib(net_arp.o)
    0x0801141c   0x000000e4   Code   RO         1874    i.arp_cache_update  Net_CM3_L.lib(net_arp.o)
    0x08011500   0x00000030   Code   RO         1878    i.arp_init          Net_CM3_L.lib(net_arp.o)
    0x08011530   0x0000003c   Code   RO         1879    i.arp_is_cacheable  Net_CM3_L.lib(net_arp.o)
    0x0801156c   0x00000028   Code   RO         1880    i.arp_notify        Net_CM3_L.lib(net_arp.o)
    0x08011594   0x00000074   Code   RO         1882    i.arp_proc_response  Net_CM3_L.lib(net_arp.o)
    0x08011608   0x00000120   Code   RO         1883    i.arp_process       Net_CM3_L.lib(net_arp.o)
    0x08011728   0x00000090   Code   RO         1884    i.arp_send_reply    Net_CM3_L.lib(net_arp.o)
    0x080117b8   0x000000c0   Code   RO         1885    i.arp_send_request  Net_CM3_L.lib(net_arp.o)
    0x08011878   0x00000032   Code   RO         2821    i.chksum16          Net_CM3_L.lib(net_common.o)
    0x080118aa   0x00000002   PAD
    0x080118ac   0x00000030   Code   RO         2742    i.dbg_init          RTX_CM4.lib(hal_cm.o)
    0x080118dc   0x00000020   Code   RO         2743    i.dbg_task_notify   RTX_CM4.lib(hal_cm.o)
    0x080118fc   0x00000010   Code   RO         2744    i.dbg_task_switch   RTX_CM4.lib(hal_cm.o)
    0x0801190c   0x000000c0   Code   RO         1837    i.eth_check_link    Net_CM3_L.lib(net_eth.o)
    0x080119cc   0x00000020   Code   RO         1838    i.eth_chk_addr      Net_CM3_L.lib(net_eth.o)
    0x080119ec   0x00000074   Code   RO         1839    i.eth_fetch_frame   Net_CM3_L.lib(net_eth.o)
    0x08011a60   0x000000f8   Code   RO         1841    i.eth_init_link     Net_CM3_L.lib(net_eth.o)
    0x08011b58   0x00000002   Code   RO         1842    i.eth_link_notify   Net_CM3_L.lib(net_eth.o)
    0x08011b5a   0x00000002   PAD
    0x08011b5c   0x00000014   Code   RO         1843    i.eth_notify        Net_CM3_L.lib(net_eth.o)
    0x08011b70   0x000000e4   Code   RO         1844    i.eth_run_link      Net_CM3_L.lib(net_eth.o)
    0x08011c54   0x000000a8   Code   RO         1845    i.eth_send_frame    Net_CM3_L.lib(net_eth.o)
    0x08011cfc   0x0000000e   Code   RO         1847    i.eth_thread        Net_CM3_L.lib(net_eth.o)
    0x08011d0a   0x00000002   PAD
    0x08011d0c   0x0000001c   Code   RO         2823    i.get_crc32         Net_CM3_L.lib(net_common.o)
    0x08011d28   0x0000001c   Code   RO         2034    i.get_rnd32         Net_CM3_L.lib(net_sys.o)
    0x08011d44   0x000000dc   Code   RO         1941    i.icmp_process      Net_CM3_L.lib(net_icmp.o)
    0x08011e20   0x00000080   Code   RO         1942    i.icmp_send_message  Net_CM3_L.lib(net_icmp.o)
    0x08011ea0   0x00000010   Code   RO         1943    i.icmp_service_init  Net_CM3_L.lib(net_icmp.o)
    0x08011eb0   0x00000048   Code   RO         1944    i.icmp_service_run  Net_CM3_L.lib(net_icmp.o)
    0x08011ef8   0x0000004c   Code   RO         1912    i.ip4_checksum      Net_CM3_L.lib(net_ip.o)
    0x08011f44   0x000000d0   Code   RO         1913    i.ip_chk_frame      Net_CM3_L.lib(net_ip.o)
    0x08012014   0x0000000a   Code   RO         1914    i.ip_get_chksum     Net_CM3_L.lib(net_ip.o)
    0x0801201e   0x00000002   PAD
    0x08012020   0x00000044   Code   RO         1915    i.ip_get_locadr     Net_CM3_L.lib(net_ip.o)
    0x08012064   0x0000008c   Code   RO         1916    i.ip_get_route      Net_CM3_L.lib(net_ip.o)
    0x080120f0   0x0000001c   Code   RO         1917    i.ip_localhost_init  Net_CM3_L.lib(net_ip.o)
    0x0801210c   0x00000060   Code   RO         1918    i.ip_localhost_run  Net_CM3_L.lib(net_ip.o)
    0x0801216c   0x00000140   Code   RO         1919    i.ip_send_frame     Net_CM3_L.lib(net_ip.o)
    0x080122ac   0x00000030   Code   RO         1920    i.ip_tx_offload     Net_CM3_L.lib(net_ip.o)
    0x080122dc   0x0000001a   Code   RO         2852    i.is_subnet         Net_CM3_L.lib(net_addr4.o)
    0x080122f6   0x00000002   PAD
    0x080122f8   0x00000028   Code   RO         1921    i.is_subnet_bcast   Net_CM3_L.lib(net_ip.o)
    0x08012320   0x0000002a   Code   RO         1215    i.isrMessageGet     RTX_CM4.lib(rt_cmsis.o)
    0x0801234a   0x0000002c   Code   RO         1216    i.isrMessagePut     RTX_CM4.lib(rt_cmsis.o)
    0x08012376   0x00000028   Code   RO         1217    i.isrSemaphoreRelease  RTX_CM4.lib(rt_cmsis.o)
    0x0801239e   0x00000024   Code   RO         1218    i.isrSignalSet      RTX_CM4.lib(rt_cmsis.o)
    0x080123c2   0x00000002   PAD
    0x080123c4   0x00000028   Code   RO         2417    i.isr_evt_set       RTX_CM4.lib(rt_event.o)
    0x080123ec   0x00000052   Code   RO         2535    i.isr_mbx_receive   RTX_CM4.lib(rt_mailbox.o)
    0x0801243e   0x0000000e   Code   RO         2536    i.isr_mbx_send      RTX_CM4.lib(rt_mailbox.o)
    0x0801244c   0x00000010   Code   RO         2583    i.isr_sem_send      RTX_CM4.lib(rt_semaphore.o)
    0x0801245c   0x0000008c   Code   RO         2795    i.mem_alloc         Net_CM3_L.lib(net_mem.o)
    0x080124e8   0x0000001c   Code   RO         2796    i.mem_avail         Net_CM3_L.lib(net_mem.o)
    0x08012504   0x00000020   Code   RO         2824    i.mem_crc32         Net_CM3_L.lib(net_common.o)
    0x08012524   0x0000006c   Code   RO         2797    i.mem_free          Net_CM3_L.lib(net_mem.o)
    0x08012590   0x00000064   Code   RO         2798    i.mem_init          Net_CM3_L.lib(net_mem.o)
    0x080125f4   0x00000010   Code   RO         2799    i.mem_lock          Net_CM3_L.lib(net_mem.o)
    0x08012604   0x00000038   Code   RO         2800    i.mem_resize        Net_CM3_L.lib(net_mem.o)
    0x0801263c   0x0000000c   Code   RO         2801    i.mem_unlock        Net_CM3_L.lib(net_mem.o)
    0x08012648   0x0000004c   Code   RO         2035    i.net_initialize    Net_CM3_L.lib(net_sys.o)
    0x08012694   0x00000064   Code   RO         2036    i.net_main          Net_CM3_L.lib(net_sys.o)
    0x080126f8   0x00000014   Code   RO         2037    i.net_timer_tick    Net_CM3_L.lib(net_sys.o)
    0x0801270c   0x00000018   Code   RO         1219    i.osDelay           RTX_CM4.lib(rt_cmsis.o)
    0x08012724   0x00000024   Code   RO         1220    i.osKernelInitialize  RTX_CM4.lib(rt_cmsis.o)
    0x08012748   0x0000006c   Code   RO         1222    i.osKernelStart     RTX_CM4.lib(rt_cmsis.o)
    0x080127b4   0x00000018   Code   RO         1231    i.osMessageGet      RTX_CM4.lib(rt_cmsis.o)
    0x080127cc   0x00000030   Code   RO         1233    i.osMutexCreate     RTX_CM4.lib(rt_cmsis.o)
    0x080127fc   0x00000018   Code   RO         1235    i.osMutexRelease    RTX_CM4.lib(rt_cmsis.o)
    0x08012814   0x00000018   Code   RO         1236    i.osMutexWait       RTX_CM4.lib(rt_cmsis.o)
    0x0801282c   0x00000018   Code   RO         1243    i.osSemaphoreRelease  RTX_CM4.lib(rt_cmsis.o)
    0x08012844   0x00000018   Code   RO         1244    i.osSemaphoreWait   RTX_CM4.lib(rt_cmsis.o)
    0x0801285c   0x00000018   Code   RO         1246    i.osSignalSet       RTX_CM4.lib(rt_cmsis.o)
    0x08012874   0x00000018   Code   RO         1247    i.osSignalWait      RTX_CM4.lib(rt_cmsis.o)
    0x0801288c   0x00000030   Code   RO         1248    i.osThreadCreate    RTX_CM4.lib(rt_cmsis.o)
    0x080128bc   0x00000018   Code   RO         1249    i.osThreadExit      RTX_CM4.lib(rt_cmsis.o)
    0x080128d4   0x00000018   Code   RO         1253    i.osThreadTerminate  RTX_CM4.lib(rt_cmsis.o)
    0x080128ec   0x0000000c   Code   RO         1255    i.osTimerCall       RTX_CM4.lib(rt_cmsis.o)
    0x080128f8   0x00000034   Code   RO         1256    i.osTimerCreate     RTX_CM4.lib(rt_cmsis.o)
    0x0801292c   0x00000018   Code   RO         1258    i.osTimerStart      RTX_CM4.lib(rt_cmsis.o)
    0x08012944   0x0000002c   Code   RO         1260    i.osTimerThread     RTX_CM4.lib(rt_cmsis.o)
    0x08012970   0x0000001a   Code   RO         2690    i.rt_alloc_box      RTX_CM4.lib(rt_membox.o)
    0x0801298a   0x0000003e   Code   RO         2718    i.rt_alloc_mem      RTX_CM4.lib(rt_memory.o)
    0x080129c8   0x00000038   Code   RO         2242    i.rt_block          RTX_CM4.lib(rt_task.o)
    0x08012a00   0x00000048   Code   RO         2892    i.rt_chk_robin      RTX_CM4.lib(rt_robin.o)
    0x08012a48   0x00000070   Code   RO         2459    i.rt_dec_dly        RTX_CM4.lib(rt_list.o)
    0x08012ab8   0x00000044   Code   RO         2243    i.rt_dispatch       RTX_CM4.lib(rt_task.o)
    0x08012afc   0x00000006   Code   RO         2625    i.rt_dly_wait       RTX_CM4.lib(rt_time.o)
    0x08012b02   0x00000002   PAD
    0x08012b04   0x00000050   Code   RO         2420    i.rt_evt_psh        RTX_CM4.lib(rt_event.o)
    0x08012b54   0x0000005c   Code   RO         2421    i.rt_evt_set        RTX_CM4.lib(rt_event.o)
    0x08012bb0   0x0000003c   Code   RO         2422    i.rt_evt_wait       RTX_CM4.lib(rt_event.o)
    0x08012bec   0x00000020   Code   RO         2691    i.rt_free_box       RTX_CM4.lib(rt_membox.o)
    0x08012c0c   0x00000028   Code   RO         2719    i.rt_free_mem       RTX_CM4.lib(rt_memory.o)
    0x08012c34   0x00000028   Code   RO         2460    i.rt_get_first      RTX_CM4.lib(rt_list.o)
    0x08012c5c   0x00000008   Code   RO         1265    i.rt_id2obj         RTX_CM4.lib(rt_cmsis.o)
    0x08012c64   0x00000048   Code   RO         2244    i.rt_init_context   RTX_CM4.lib(rt_task.o)
    0x08012cac   0x0000001a   Code   RO         2720    i.rt_init_mem       RTX_CM4.lib(rt_memory.o)
    0x08012cc6   0x00000002   PAD
    0x08012cc8   0x00000018   Code   RO         2893    i.rt_init_robin     RTX_CM4.lib(rt_robin.o)
    0x08012ce0   0x00000080   Code   RO         2745    i.rt_init_stack     RTX_CM4.lib(hal_cm.o)
    0x08012d60   0x00000008   Code   RO         2537    i.rt_mbx_check      RTX_CM4.lib(rt_mailbox.o)
    0x08012d68   0x0000001a   Code   RO         2538    i.rt_mbx_init       RTX_CM4.lib(rt_mailbox.o)
    0x08012d82   0x00000002   PAD
    0x08012d84   0x000000f0   Code   RO         2539    i.rt_mbx_psh        RTX_CM4.lib(rt_mailbox.o)
    0x08012e74   0x000000b4   Code   RO         2541    i.rt_mbx_wait       RTX_CM4.lib(rt_mailbox.o)
    0x08012f28   0x0000003c   Code   RO         1266    i.rt_ms2tick        RTX_CM4.lib(rt_cmsis.o)
    0x08012f64   0x00000010   Code   RO         2659    i.rt_mut_init       RTX_CM4.lib(rt_mutex.o)
    0x08012f74   0x000000d8   Code   RO         2660    i.rt_mut_release    RTX_CM4.lib(rt_mutex.o)
    0x0801304c   0x00000068   Code   RO         2661    i.rt_mut_wait       RTX_CM4.lib(rt_mutex.o)
    0x080130b4   0x0000007c   Code   RO         2331    i.rt_pop_req        RTX_CM4.lib(rt_system.o)
    0x08013130   0x00000020   Code   RO         2332    i.rt_psh_req        RTX_CM4.lib(rt_system.o)
    0x08013150   0x0000005c   Code   RO         2462    i.rt_psq_enq        RTX_CM4.lib(rt_list.o)
    0x080131ac   0x00000048   Code   RO         2463    i.rt_put_dly        RTX_CM4.lib(rt_list.o)
    0x080131f4   0x00000036   Code   RO         2464    i.rt_put_prio       RTX_CM4.lib(rt_list.o)
    0x0801322a   0x00000002   PAD
    0x0801322c   0x00000014   Code   RO         2465    i.rt_put_rdy_first  RTX_CM4.lib(rt_list.o)
    0x08013240   0x00000034   Code   RO         2466    i.rt_resort_prio    RTX_CM4.lib(rt_list.o)
    0x08013274   0x00000010   Code   RO         2746    i.rt_ret_regs       RTX_CM4.lib(hal_cm.o)
    0x08013284   0x0000000c   Code   RO         2747    i.rt_ret_val        RTX_CM4.lib(hal_cm.o)
    0x08013290   0x00000010   Code   RO         2748    i.rt_ret_val2       RTX_CM4.lib(hal_cm.o)
    0x080132a0   0x00000028   Code   RO         2467    i.rt_rmv_dly        RTX_CM4.lib(rt_list.o)
    0x080132c8   0x00000030   Code   RO         2468    i.rt_rmv_list       RTX_CM4.lib(rt_list.o)
    0x080132f8   0x00000034   Code   RO         2586    i.rt_sem_psh        RTX_CM4.lib(rt_semaphore.o)
    0x0801332c   0x0000002a   Code   RO         2587    i.rt_sem_send       RTX_CM4.lib(rt_semaphore.o)
    0x08013356   0x00000002   PAD
    0x08013358   0x00000040   Code   RO         2588    i.rt_sem_wait       RTX_CM4.lib(rt_semaphore.o)
    0x08013398   0x00000024   Code   RO         2334    i.rt_stk_check      RTX_CM4.lib(rt_system.o)
    0x080133bc   0x00000028   Code   RO         2245    i.rt_switch_req     RTX_CM4.lib(rt_task.o)
    0x080133e4   0x000000cc   Code   RO         2246    i.rt_sys_init       RTX_CM4.lib(rt_task.o)
    0x080134b0   0x00000078   Code   RO         2247    i.rt_sys_start      RTX_CM4.lib(rt_task.o)
    0x08013528   0x00000040   Code   RO         2336    i.rt_systick        RTX_CM4.lib(rt_system.o)
    0x08013568   0x00000012   Code   RO         1267    i.rt_tid2ptcb       RTX_CM4.lib(rt_cmsis.o)
    0x0801357a   0x00000002   PAD
    0x0801357c   0x00000034   Code   RO         1268    i.rt_timer_insert   RTX_CM4.lib(rt_cmsis.o)
    0x080135b0   0x0000003c   Code   RO         1269    i.rt_timer_remove   RTX_CM4.lib(rt_cmsis.o)
    0x080135ec   0x00000080   Code   RO         2248    i.rt_tsk_create     RTX_CM4.lib(rt_task.o)
    0x0801366c   0x00000174   Code   RO         2249    i.rt_tsk_delete     RTX_CM4.lib(rt_task.o)
    0x080137e0   0x0000007c   Code   RO         2251    i.rt_tsk_prio       RTX_CM4.lib(rt_task.o)
    0x0801385c   0x00000010   Code   RO         2252    i.rt_tsk_self       RTX_CM4.lib(rt_task.o)
    0x0801386c   0x00000014   Code   RO         1270    i.svcDelay          RTX_CM4.lib(rt_cmsis.o)
    0x08013880   0x00000070   Code   RO         1271    i.svcKernelInitialize  RTX_CM4.lib(rt_cmsis.o)
    0x080138f0   0x00000048   Code   RO         1273    i.svcKernelStart    RTX_CM4.lib(rt_cmsis.o)
    0x08013938   0x00000024   Code   RO         1276    i.svcMessageCreate  RTX_CM4.lib(rt_cmsis.o)
    0x0801395c   0x0000003a   Code   RO         1277    i.svcMessageGet     RTX_CM4.lib(rt_cmsis.o)
    0x08013996   0x0000001c   Code   RO         1279    i.svcMutexCreate    RTX_CM4.lib(rt_cmsis.o)
    0x080139b2   0x00000022   Code   RO         1281    i.svcMutexRelease   RTX_CM4.lib(rt_cmsis.o)
    0x080139d4   0x00000036   Code   RO         1282    i.svcMutexWait      RTX_CM4.lib(rt_cmsis.o)
    0x08013a0a   0x00000028   Code   RO         1286    i.svcSemaphoreRelease  RTX_CM4.lib(rt_cmsis.o)
    0x08013a32   0x00000032   Code   RO         1287    i.svcSemaphoreWait  RTX_CM4.lib(rt_cmsis.o)
    0x08013a64   0x00000024   Code   RO         1289    i.svcSignalSet      RTX_CM4.lib(rt_cmsis.o)
    0x08013a88   0x00000054   Code   RO         1290    i.svcSignalWait     RTX_CM4.lib(rt_cmsis.o)
    0x08013adc   0x00000070   Code   RO         1291    i.svcThreadCreate   RTX_CM4.lib(rt_cmsis.o)
    0x08013b4c   0x0000001c   Code   RO         1292    i.svcThreadGetId    RTX_CM4.lib(rt_cmsis.o)
    0x08013b68   0x00000038   Code   RO         1295    i.svcThreadTerminate  RTX_CM4.lib(rt_cmsis.o)
    0x08013ba0   0x00000018   Code   RO         1297    i.svcTimerCall      RTX_CM4.lib(rt_cmsis.o)
    0x08013bb8   0x00000038   Code   RO         1298    i.svcTimerCreate    RTX_CM4.lib(rt_cmsis.o)
    0x08013bf0   0x00000064   Code   RO         1300    i.svcTimerStart     RTX_CM4.lib(rt_cmsis.o)
    0x08013c54   0x0000005c   Code   RO         1306    i.sysTimerTick      RTX_CM4.lib(rt_cmsis.o)
    0x08013cb0   0x0000003c   Code   RO         1958    i.tcp_check_send    Net_CM3_L.lib(net_tcp.o)
    0x08013cec   0x0000001e   Code   RO         1962    i.tcp_get_buf       Net_CM3_L.lib(net_tcp.o)
    0x08013d0a   0x00000002   PAD
    0x08013d0c   0x00000050   Code   RO         1964    i.tcp_get_socket    Net_CM3_L.lib(net_tcp.o)
    0x08013d5c   0x0000006c   Code   RO         1967    i.tcp_listen        Net_CM3_L.lib(net_tcp.o)
    0x08013dc8   0x0000007c   Code   RO         1968    i.tcp_map_socket    Net_CM3_L.lib(net_tcp.o)
    0x08013e44   0x00000024   Code   RO         1969    i.tcp_max_data_size  Net_CM3_L.lib(net_tcp.o)
    0x08013e68   0x0000005e   Code   RO         1972    i.tcp_parse_opt     Net_CM3_L.lib(net_tcp.o)
    0x08013ec6   0x00000002   PAD
    0x08013ec8   0x000000c4   Code   RO         1973    i.tcp_proc_acknr    Net_CM3_L.lib(net_tcp.o)
    0x08013f8c   0x00000052   Code   RO         1974    i.tcp_proc_dupack   Net_CM3_L.lib(net_tcp.o)
    0x08013fde   0x00000002   PAD
    0x08013fe0   0x0000049a   Code   RO         1975    i.tcp_process       Net_CM3_L.lib(net_tcp.o)
    0x0801447a   0x0000001a   Code   RO         1976    i.tcp_que_free      Net_CM3_L.lib(net_tcp.o)
    0x08014494   0x0000001a   Code   RO         1977    i.tcp_que_init      Net_CM3_L.lib(net_tcp.o)
    0x080144ae   0x00000002   PAD
    0x080144b0   0x00000094   Code   RO         1978    i.tcp_que_resend    Net_CM3_L.lib(net_tcp.o)
    0x08014544   0x000000e0   Code   RO         1982    i.tcp_send          Net_CM3_L.lib(net_tcp.o)
    0x08014624   0x00000066   Code   RO         1983    i.tcp_send_ctrl     Net_CM3_L.lib(net_tcp.o)
    0x0801468a   0x0000004c   Code   RO         1984    i.tcp_send_data     Net_CM3_L.lib(net_tcp.o)
    0x080146d6   0x00000060   Code   RO         1985    i.tcp_send_reset    Net_CM3_L.lib(net_tcp.o)
    0x08014736   0x00000026   Code   RO         1986    i.tcp_set_cwnd      Net_CM3_L.lib(net_tcp.o)
    0x0801475c   0x00000014   Code   RO         1987    i.tcp_socket_init   Net_CM3_L.lib(net_tcp.o)
    0x08014770   0x00000288   Code   RO         1988    i.tcp_socket_poll   Net_CM3_L.lib(net_tcp.o)
    0x080149f8   0x00000068   Code   RO         1989    i.tcp_transit       Net_CM3_L.lib(net_tcp.o)
    0x08014a60   0x000000a4   Code   RO         1990    i.tcp_write         Net_CM3_L.lib(net_tcp.o)
    0x08014b04   0x00000010   Data   RO          406    .constdata          tcpthread.o
    0x08014b14   0x00000056   Data   RO          514    .constdata          rtx_conf_cm.o
    0x08014b6a   0x00000002   PAD
    0x08014b6c   0x00000024   Data   RO          541    .constdata          phy_lan8720.o
    0x08014b90   0x00000094   Data   RO          569    .constdata          emac_stm32f4xx.o
    0x08014c24   0x00000080   Data   RO          659    .constdata          usart_stm32f4xx.o
    0x08014ca4   0x00000050   Data   RO          694    .constdata          usbd_fs_stm32f4xx.o
    0x08014cf4   0x00000010   Data   RO          945    .constdata          stm32f4xx_hal_rcc.o
    0x08014d04   0x0000008c   Data   RO         1127    .constdata          net_config.o
    0x08014d90   0x000001d4   Data   RO         1163    .constdata          usbd_config_0.o
    0x08014f64   0x0000001c   Data   RO         1849    .constdata          Net_CM3_L.lib(net_eth.o)
    0x08014f80   0x00000008   Data   RO         1923    .constdata          Net_CM3_L.lib(net_ip.o)
    0x08014f88   0x00000008   Data   RO         2040    .constdata          Net_CM3_L.lib(net_sys.o)
    0x08014f90   0x00000004   Data   RO         2804    .constdata          Net_CM3_L.lib(net_mem.o)
    0x08014f94   0x00000008   Data   RO         2856    .constdata          Net_CM3_L.lib(net_addr4.o)
    0x08014f9c   0x0000006d   Data   RO         1991    .conststring        Net_CM3_L.lib(net_tcp.o)
    0x08015009   0x00000003   PAD
    0x0801500c   0x00000020   Data   RO         3257    Region$$Table       anon$$obj.o


    Execution Region RW_IRAM1 (Base: 0x20000000, Size: 0x0001b7e0, Max: 0x00020000, ABSOLUTE, COMPRESSED[0x00000080])

    Base Addr    Size         Type   Attr      Idx    E Section Name        Object

    0x20000000   0x0000001c   Data   RW          352    .data               dacmodule.o
    0x2000001c   0x00000018   Data   RW          407    .data               tcpthread.o
    0x20000034   0x00000020   Data   RW          515    .data               rtx_conf_cm.o
    0x20000054   0x0000000a   Data   RW          542    .data               phy_lan8720.o
    0x2000005e   0x00000003   Data   RW          619    .data               otg_fs_stm32f4xx.o
    0x20000061   0x00000003   PAD
    0x20000064   0x0000001c   Data   RW          695    .data               usbd_fs_stm32f4xx.o
    0x20000080   0x00000004   Data   RW          723    .data               stm32f4xx_hal.o
    0x20000084   0x00000014   Data   RW         1099    .data               system_stm32f4xx.o
    0x20000098   0x00000016   Data   RW         1128    .data               net_config.o
    0x200000ae   0x00000002   PAD
    0x200000b0   0x00000060   Data   RW         1164    .data               usbd_config_0.o
    0x20000110   0x00000008   Data   RW         1309    .data               RTX_CM4.lib(rt_cmsis.o)
    0x20000118   0x00000004   Data   RW         1850    .data               Net_CM3_L.lib(net_eth.o)
    0x2000011c   0x00000008   Data   RW         1886    .data               Net_CM3_L.lib(net_arp.o)
    0x20000124   0x00000030   Data   RW         1992    .data               Net_CM3_L.lib(net_tcp.o)
    0x20000154   0x00000008   Data   RW         2254    .data               RTX_CM4.lib(rt_task.o)
    0x2000015c   0x00000008   Data   RW         2339    .data               RTX_CM4.lib(rt_system.o)
    0x20000164   0x00000004   Data   RW         2629    .data               RTX_CM4.lib(rt_time.o)
    0x20000168   0x00000001   Data   RW         2749    .data               RTX_CM4.lib(hal_cm.o)
    0x20000169   0x00000003   PAD
    0x2000016c   0x00000008   Data   RW         2894    .data               RTX_CM4.lib(rt_robin.o)
    0x20000174   0x00008000   Zero   RW          235    .bss                dacfifo.o
    0x20008174   0x00000086   Zero   RW          351    .bss                dacmodule.o
    0x200081fa   0x0000000a   Zero   RW          405    .bss                tcpthread.o
    0x20008204   0x00000004   PAD
    0x20008208   0x00004488   Zero   RW          513    .bss                rtx_conf_cm.o
    0x2000c690   0x000024cc   Zero   RW          568    .bss                emac_stm32f4xx.o
    0x2000eb5c   0x00000038   Zero   RW          658    .bss                usart_stm32f4xx.o
    0x2000eb94   0x000000a0   Zero   RW          693    .bss                usbd_fs_stm32f4xx.o
    0x2000ec34   0x0000bda4   Zero   RW         1126    .bss                net_config.o
    0x2001a9d8   0x00000870   Zero   RW         1162    .bss                usbd_config_0.o
    0x2001b248   0x00000088   Zero   RW         1848    .bss                Net_CM3_L.lib(net_eth.o)
    0x2001b2d0   0x0000000c   Zero   RW         1922    .bss                Net_CM3_L.lib(net_ip.o)
    0x2001b2dc   0x00000010   Zero   RW         1945    .bss                Net_CM3_L.lib(net_icmp.o)
    0x2001b2ec   0x00000054   Zero   RW         2038    .bss                Net_CM3_L.lib(net_sys.o)
    0x2001b340   0x00000018   Zero   RW         2039    .bss                Net_CM3_L.lib(net_sys.o)
    0x2001b358   0x00000034   Zero   RW         2253    .bss                RTX_CM4.lib(rt_task.o)
    0x2001b38c   0x00000030   Zero   RW         2469    .bss                RTX_CM4.lib(rt_list.o)
    0x2001b3bc   0x00000010   Zero   RW         2802    .bss                Net_CM3_L.lib(net_mem.o)
    0x2001b3cc   0x00000014   Zero   RW         2803    .bss                Net_CM3_L.lib(net_mem.o)
    0x2001b3e0   0x00000400   Zero   RW         1088    STACK               startup_stm32f407xx.o


==============================================================================

Image component sizes


      Code (inc. data)   RO Data    RW Data    ZI Data      Debug   Object Name

       548          6          0          0          0       2434   cnclerp.o
       424          4          0          0      32768       3283   dacfifo.o
      1148         44          0         28        134       5195   dacmodule.o
      2720        168        148          0       9420      41814   emac_stm32f4xx.o
       140         12          0          0          0       1035   gpiomodule.o
       352         10          0          0          0      80889   main.o
       280        106        140         22      48548      10568   net_config.o
       932         48          0          3          0       5075   otg_fs_stm32f4xx.o
       428         16         36         10          0       5194   phy_lan8720.o
        76          6         86         32      17544       7838   rtx_conf_cm.o
        36          8        392          0       1024        860   startup_stm32f407xx.o
       416         26          0          4          0       4894   stm32f4xx_hal.o
       708         22          0          0          0      31622   stm32f4xx_hal_cortex.o
       944         26          0          0          0       6115   stm32f4xx_hal_dac.o
       254          0          0          0          0       3601   stm32f4xx_hal_dac_ex.o
     24308        262          0          0          0      17248   stm32f4xx_hal_dma.o
       960         50          0          0          0       3783   stm32f4xx_hal_gpio.o
        20          0          0          0          0        596   stm32f4xx_hal_msp.o
      2732         76         16          0          0       5718   stm32f4xx_hal_rcc.o
     10240        152          0          0          0      31044   stm32f4xx_hal_tim.o
      3464         26          0          0          0      11826   stm32f4xx_hal_tim_ex.o
        44          6          0          0          0     301137   stm32f4xx_it.o
       288         32          0         20          0       1711   system_stm32f4xx.o
       720         68         16         24         10       3687   tcpthread.o
      5304        140        128          0         56      41428   usart_stm32f4xx.o
       356          4        468         96       2160      23090   usbd_config_0.o
      5048        212         80         28        160      11416   usbd_fs_stm32f4xx.o
        24          0          0          0          0       1740   usbd_user_cdc_0.o

    ----------------------------------------------------------------------
     62916       1530       1544        272     111828     664841   Object Totals
         0          0         32          0          0          0   (incl. Generated)
         2          0          2          5          4          0   (incl. Padding)

    ----------------------------------------------------------------------

      Code (inc. data)   RO Data    RW Data    ZI Data      Debug   Library Member Name

        26          0          8          0          0         68   net_addr4.o
      1712        130          0          8          0       1024   net_arp.o
       110          4          0          0          0        228   net_common.o
      1020         94         28          4        136        696   net_eth.o
       436         34          0          0         16        308   net_icmp.o
      1034         80          8          0         12        816   net_ip.o
       460         52          4          0         36        556   net_mem.o
       224         48          8          0        108        288   net_sys.o
      3660        126        109         48          0       1844   net_tcp.o
       268         24          0          1          0       4128   hal_cm.o
       384         28          0          0          0        796   hal_cm4.o
      2064        226          0          8          0      44832   rt_cmsis.o
       272         18          0          0          0       2470   rt_event.o
       530         34          0          0         48       7765   rt_list.o
       550         10          0          0          0       3661   rt_mailbox.o
       128          0          0          0          0       1821   rt_membox.o
       128          0          0          0          0       2203   rt_memory.o
       336         12          0          0          0       1969   rt_mutex.o
        96         22          0          8          0       1230   rt_robin.o
       174         10          0          0          0       2288   rt_semaphore.o
       256         44          0          8          0       2885   rt_system.o
      1200        174          0          8         52       9253   rt_task.o
         6          0          0          4          0        668   rt_time.o
         4          4          0          0          0        200   svc_table.o
      1514        150          0          0          0       1740   usbd_cdc.o
      4022        216          0          0          0       2652   usbd_core.o
       364         26          0          0          0        168   usbd_core_cdc.o
        86          0          0          0          0          0   __dczerorl2.o
         0          0          0          0          0          0   entry.o
         0          0          0          0          0          0   entry10a.o
         0          0          0          0          0          0   entry11a.o
         8          4          0          0          0          0   entry2.o
         4          0          0          0          0          0   entry5.o
         0          0          0          0          0          0   entry7b.o
         0          0          0          0          0          0   entry8b.o
        30          0          0          0          0          0   handlers.o
        36          8          0          0          0         68   init.o
        30          0          0          0          0         68   llshl.o
        32          0          0          0          0         68   llushr.o
        36          0          0          0          0         68   memcpya.o
        36          0          0          0          0        108   memseta.o
        14          0          0          0          0         68   strlen.o
        98          0          0          0          0         92   uldiv.o

    ----------------------------------------------------------------------
     21432       1578        168        100        408      97097   Library Totals
        44          0          3          3          0          0   (incl. Padding)

    ----------------------------------------------------------------------

      Code (inc. data)   RO Data    RW Data    ZI Data      Debug   Library Name

      8682        568        165         60        308       5828   Net_CM3_L.lib
      6396        606          0         37        100      86169   RTX_CM4.lib
      5900        392          0          0          0       4560   USB_CM3_L.lib
       410         12          0          0          0        540   mc_w.l

    ----------------------------------------------------------------------
     21432       1578        168        100        408      97097   Library Totals

    ----------------------------------------------------------------------

==============================================================================


      Code (inc. data)   RO Data    RW Data    ZI Data      Debug   

     84348       3108       1712        372     112236     739862   Grand Totals
     84348       3108       1712        128     112236     739862   ELF Image Totals (compressed)
     84348       3108       1712        128          0          0   ROM Totals

==============================================================================

    Total RO  Size (Code + RO Data)                86060 (  84.04kB)
    Total RW  Size (RW Data + ZI Data)            112608 ( 109.97kB)
    Total ROM Size (Code + RO Data + RW Data)      86188 (  84.17kB)

==============================================================================

